ARM GAS  C:\Users\UXP\AppData\Local\Temp\ccH3uLgQ.s 			page 1


   1              		.cpu cortex-m3
   2              		.arch armv7-m
   3              		.fpu softvfp
   4              		.eabi_attribute 20, 1
   5              		.eabi_attribute 21, 1
   6              		.eabi_attribute 23, 3
   7              		.eabi_attribute 24, 1
   8              		.eabi_attribute 25, 1
   9              		.eabi_attribute 26, 1
  10              		.eabi_attribute 30, 1
  11              		.eabi_attribute 34, 1
  12              		.eabi_attribute 18, 4
  13              		.file	"lab_usart_ringbuffer.c"
  14              		.text
  15              		.section	.text.RB_Init,"ax",%progbits
  16              		.align	1
  17              		.global	RB_Init
  18              		.syntax unified
  19              		.thumb
  20              		.thumb_func
  22              	RB_Init:
  23              		@ args = 0, pretend = 0, frame = 0
  24              		@ frame_needed = 0, uses_anonymous_args = 0
  25              		@ link register save eliminated.
  26 0000 0160     		str	r1, [r0]
  27 0002 0281     		strh	r2, [r0, #8]	@ movhi
  28 0004 0023     		movs	r3, #0
  29 0006 8380     		strh	r3, [r0, #4]	@ movhi
  30 0008 C380     		strh	r3, [r0, #6]	@ movhi
  31 000a 8372     		strb	r3, [r0, #10]
  32 000c 7047     		bx	lr
  34              		.section	.text.RB_WriteBytes,"ax",%progbits
  35              		.align	1
  36              		.global	RB_WriteBytes
  37              		.syntax unified
  38              		.thumb
  39              		.thumb_func
  41              	RB_WriteBytes:
  42              		@ args = 0, pretend = 0, frame = 0
  43              		@ frame_needed = 0, uses_anonymous_args = 0
  44              		@ link register save eliminated.
  45 0000 0346     		mov	r3, r0
  46 0002 807A     		ldrb	r0, [r0, #10]	@ zero_extendqisi2
  47 0004 80B1     		cbz	r0, .L3
  48 0006 DA88     		ldrh	r2, [r3, #6]
  49 0008 D3F800C0 		ldr	ip, [r3]
  50 000c 0CF80210 		strb	r1, [ip, r2]
  51 0010 DA88     		ldrh	r2, [r3, #6]
  52 0012 0132     		adds	r2, r2, #1
  53 0014 1989     		ldrh	r1, [r3, #8]
  54 0016 92FBF1FC 		sdiv	ip, r2, r1
  55 001a 01FB1C22 		mls	r2, r1, ip, r2
  56 001e 92B2     		uxth	r2, r2
  57 0020 DA80     		strh	r2, [r3, #6]	@ movhi
  58 0022 9988     		ldrh	r1, [r3, #4]
  59 0024 8A42     		cmp	r2, r1
  60 0026 00D0     		beq	.L4
ARM GAS  C:\Users\UXP\AppData\Local\Temp\ccH3uLgQ.s 			page 2


  61              	.L3:
  62 0028 7047     		bx	lr
  63              	.L4:
  64 002a 0122     		movs	r2, #1
  65 002c 9A72     		strb	r2, [r3, #10]
  66 002e FBE7     		b	.L3
  68              		.section	.text.RB_GetLen,"ax",%progbits
  69              		.align	1
  70              		.global	RB_GetLen
  71              		.syntax unified
  72              		.thumb
  73              		.thumb_func
  75              	RB_GetLen:
  76              		@ args = 0, pretend = 0, frame = 0
  77              		@ frame_needed = 0, uses_anonymous_args = 0
  78              		@ link register save eliminated.
  79 0000 C388     		ldrh	r3, [r0, #6]
  80 0002 8188     		ldrh	r1, [r0, #4]
  81 0004 8B42     		cmp	r3, r1
  82 0006 02D9     		bls	.L6
  83 0008 5B1A     		subs	r3, r3, r1
  84 000a 98B2     		uxth	r0, r3
  85 000c 7047     		bx	lr
  86              	.L6:
  87 000e 0289     		ldrh	r2, [r0, #8]
  88 0010 521A     		subs	r2, r2, r1
  89 0012 92B2     		uxth	r2, r2
  90 0014 1344     		add	r3, r3, r2
  91 0016 98B2     		uxth	r0, r3
  92 0018 7047     		bx	lr
  94              		.section	.text.RB_ReadBytes,"ax",%progbits
  95              		.align	1
  96              		.global	RB_ReadBytes
  97              		.syntax unified
  98              		.thumb
  99              		.thumb_func
 101              	RB_ReadBytes:
 102              		@ args = 0, pretend = 0, frame = 0
 103              		@ frame_needed = 0, uses_anonymous_args = 0
 104 0000 10B5     		push	{r4, lr}
 105 0002 0446     		mov	r4, r0
 106 0004 FFF7FEFF 		bl	RB_GetLen
 107 0008 60B1     		cbz	r0, .L10
 108 000a 2268     		ldr	r2, [r4]
 109 000c A388     		ldrh	r3, [r4, #4]
 110 000e D05C     		ldrb	r0, [r2, r3]	@ zero_extendqisi2
 111 0010 0133     		adds	r3, r3, #1
 112 0012 2289     		ldrh	r2, [r4, #8]
 113 0014 93FBF2F1 		sdiv	r1, r3, r2
 114 0018 02FB1133 		mls	r3, r2, r1, r3
 115 001c A380     		strh	r3, [r4, #4]	@ movhi
 116 001e 0023     		movs	r3, #0
 117 0020 A372     		strb	r3, [r4, #10]
 118              	.L9:
 119 0022 10BD     		pop	{r4, pc}
 120              	.L10:
 121 0024 0020     		movs	r0, #0
ARM GAS  C:\Users\UXP\AppData\Local\Temp\ccH3uLgQ.s 			page 3


 122 0026 FCE7     		b	.L9
 124              		.section	.text.RB_Flush,"ax",%progbits
 125              		.align	1
 126              		.global	RB_Flush
 127              		.syntax unified
 128              		.thumb
 129              		.thumb_func
 131              	RB_Flush:
 132              		@ args = 0, pretend = 0, frame = 0
 133              		@ frame_needed = 0, uses_anonymous_args = 0
 134              		@ link register save eliminated.
 135 0000 0023     		movs	r3, #0
 136 0002 8380     		strh	r3, [r0, #4]	@ movhi
 137 0004 C380     		strh	r3, [r0, #6]	@ movhi
 138 0006 8372     		strb	r3, [r0, #10]
 139 0008 7047     		bx	lr
 141              		.ident	"GCC: (Arm GNU Toolchain 14.3.Rel1 (Build arm-14.174)) 14.3.1 20250623"
ARM GAS  C:\Users\UXP\AppData\Local\Temp\ccH3uLgQ.s 			page 4


DEFINED SYMBOLS
                            *ABS*:00000000 lab_usart_ringbuffer.c
C:\Users\UXP\AppData\Local\Temp\ccH3uLgQ.s:16     .text.RB_Init:00000000 $t
C:\Users\UXP\AppData\Local\Temp\ccH3uLgQ.s:22     .text.RB_Init:00000000 RB_Init
C:\Users\UXP\AppData\Local\Temp\ccH3uLgQ.s:35     .text.RB_WriteBytes:00000000 $t
C:\Users\UXP\AppData\Local\Temp\ccH3uLgQ.s:41     .text.RB_WriteBytes:00000000 RB_WriteBytes
C:\Users\UXP\AppData\Local\Temp\ccH3uLgQ.s:69     .text.RB_GetLen:00000000 $t
C:\Users\UXP\AppData\Local\Temp\ccH3uLgQ.s:75     .text.RB_GetLen:00000000 RB_GetLen
C:\Users\UXP\AppData\Local\Temp\ccH3uLgQ.s:95     .text.RB_ReadBytes:00000000 $t
C:\Users\UXP\AppData\Local\Temp\ccH3uLgQ.s:101    .text.RB_ReadBytes:00000000 RB_ReadBytes
C:\Users\UXP\AppData\Local\Temp\ccH3uLgQ.s:125    .text.RB_Flush:00000000 $t
C:\Users\UXP\AppData\Local\Temp\ccH3uLgQ.s:131    .text.RB_Flush:00000000 RB_Flush

NO UNDEFINED SYMBOLS
