ARM GAS  C:\Users\UXP\AppData\Local\Temp\cchgzylD.s 			page 1


   1              		.cpu cortex-m3
   2              		.arch armv7-m
   3              		.fpu softvfp
   4              		.eabi_attribute 20, 1
   5              		.eabi_attribute 21, 1
   6              		.eabi_attribute 23, 3
   7              		.eabi_attribute 24, 1
   8              		.eabi_attribute 25, 1
   9              		.eabi_attribute 26, 1
  10              		.eabi_attribute 30, 1
  11              		.eabi_attribute 34, 1
  12              		.eabi_attribute 18, 4
  13              		.file	"lab_usart.c"
  14              		.text
  15              		.section	.text.NVIC_USART_Configuration,"ax",%progbits
  16              		.align	1
  17              		.global	NVIC_USART_Configuration
  18              		.syntax unified
  19              		.thumb
  20              		.thumb_func
  22              	NVIC_USART_Configuration:
  23              		@ args = 0, pretend = 0, frame = 8
  24              		@ frame_needed = 0, uses_anonymous_args = 0
  25 0000 00B5     		push	{lr}
  26 0002 83B0     		sub	sp, sp, #12
  27 0004 2523     		movs	r3, #37
  28 0006 8DF80430 		strb	r3, [sp, #4]
  29 000a 0123     		movs	r3, #1
  30 000c 8DF80530 		strb	r3, [sp, #5]
  31 0010 0022     		movs	r2, #0
  32 0012 8DF80620 		strb	r2, [sp, #6]
  33 0016 8DF80730 		strb	r3, [sp, #7]
  34 001a 01A8     		add	r0, sp, #4
  35 001c FFF7FEFF 		bl	NVIC_Init
  36 0020 03B0     		add	sp, sp, #12
  37              		@ sp needed
  38 0022 5DF804FB 		ldr	pc, [sp], #4
  40              		.section	.text.Uart_Init,"ax",%progbits
  41              		.align	1
  42              		.global	Uart_Init
  43              		.syntax unified
  44              		.thumb
  45              		.thumb_func
  47              	Uart_Init:
  48              		@ args = 0, pretend = 0, frame = 24
  49              		@ frame_needed = 0, uses_anonymous_args = 0
  50 0000 30B5     		push	{r4, r5, lr}
  51 0002 87B0     		sub	sp, sp, #28
  52 0004 0121     		movs	r1, #1
  53 0006 44F20400 		movw	r0, #16388
  54 000a FFF7FEFF 		bl	RCC_APB2PeriphClockCmd
  55 000e 4FF40073 		mov	r3, #512
  56 0012 ADF80430 		strh	r3, [sp, #4]	@ movhi
  57 0016 1823     		movs	r3, #24
  58 0018 8DF80730 		strb	r3, [sp, #7]
  59 001c 0323     		movs	r3, #3
  60 001e 8DF80630 		strb	r3, [sp, #6]
ARM GAS  C:\Users\UXP\AppData\Local\Temp\cchgzylD.s 			page 2


  61 0022 01AD     		add	r5, sp, #4
  62 0024 194C     		ldr	r4, .L5
  63 0026 2946     		mov	r1, r5
  64 0028 2046     		mov	r0, r4
  65 002a FFF7FEFF 		bl	GPIO_Init
  66 002e 4FF48063 		mov	r3, #1024
  67 0032 ADF80430 		strh	r3, [sp, #4]	@ movhi
  68 0036 0423     		movs	r3, #4
  69 0038 8DF80730 		strb	r3, [sp, #7]
  70 003c 2946     		mov	r1, r5
  71 003e 2046     		mov	r0, r4
  72 0040 FFF7FEFF 		bl	GPIO_Init
  73 0044 4FF41653 		mov	r3, #9600
  74 0048 0293     		str	r3, [sp, #8]
  75 004a 0023     		movs	r3, #0
  76 004c ADF80C30 		strh	r3, [sp, #12]	@ movhi
  77 0050 ADF80E30 		strh	r3, [sp, #14]	@ movhi
  78 0054 ADF81030 		strh	r3, [sp, #16]	@ movhi
  79 0058 ADF81430 		strh	r3, [sp, #20]	@ movhi
  80 005c 0C23     		movs	r3, #12
  81 005e ADF81230 		strh	r3, [sp, #18]	@ movhi
  82 0062 04F54054 		add	r4, r4, #12288
  83 0066 02A9     		add	r1, sp, #8
  84 0068 2046     		mov	r0, r4
  85 006a FFF7FEFF 		bl	USART_Init
  86 006e 0122     		movs	r2, #1
  87 0070 40F22551 		movw	r1, #1317
  88 0074 2046     		mov	r0, r4
  89 0076 FFF7FEFF 		bl	USART_ITConfig
  90 007a FFF7FEFF 		bl	NVIC_USART_Configuration
  91 007e 0121     		movs	r1, #1
  92 0080 2046     		mov	r0, r4
  93 0082 FFF7FEFF 		bl	USART_Cmd
  94 0086 07B0     		add	sp, sp, #28
  95              		@ sp needed
  96 0088 30BD     		pop	{r4, r5, pc}
  97              	.L6:
  98 008a 00BF     		.align	2
  99              	.L5:
 100 008c 00080140 		.word	1073809408
 102              		.section	.text.Uart_DMA_Init,"ax",%progbits
 103              		.align	1
 104              		.global	Uart_DMA_Init
 105              		.syntax unified
 106              		.thumb
 107              		.thumb_func
 109              	Uart_DMA_Init:
 110              		@ args = 0, pretend = 0, frame = 64
 111              		@ frame_needed = 0, uses_anonymous_args = 0
 112 0000 2DE9F043 		push	{r4, r5, r6, r7, r8, r9, lr}
 113 0004 91B0     		sub	sp, sp, #68
 114 0006 0121     		movs	r1, #1
 115 0008 44F20400 		movw	r0, #16388
 116 000c FFF7FEFF 		bl	RCC_APB2PeriphClockCmd
 117 0010 0121     		movs	r1, #1
 118 0012 0846     		mov	r0, r1
 119 0014 FFF7FEFF 		bl	RCC_AHBPeriphClockCmd
ARM GAS  C:\Users\UXP\AppData\Local\Temp\cchgzylD.s 			page 3


 120 0018 4FF40073 		mov	r3, #512
 121 001c ADF82C30 		strh	r3, [sp, #44]	@ movhi
 122 0020 1823     		movs	r3, #24
 123 0022 8DF82F30 		strb	r3, [sp, #47]
 124 0026 0323     		movs	r3, #3
 125 0028 8DF82E30 		strb	r3, [sp, #46]
 126 002c 0BAD     		add	r5, sp, #44
 127 002e 354C     		ldr	r4, .L9
 128 0030 2946     		mov	r1, r5
 129 0032 2046     		mov	r0, r4
 130 0034 FFF7FEFF 		bl	GPIO_Init
 131 0038 4FF48063 		mov	r3, #1024
 132 003c ADF82C30 		strh	r3, [sp, #44]	@ movhi
 133 0040 0423     		movs	r3, #4
 134 0042 8DF82F30 		strb	r3, [sp, #47]
 135 0046 2946     		mov	r1, r5
 136 0048 2046     		mov	r0, r4
 137 004a FFF7FEFF 		bl	GPIO_Init
 138 004e 4FF41653 		mov	r3, #9600
 139 0052 0C93     		str	r3, [sp, #48]
 140 0054 0024     		movs	r4, #0
 141 0056 ADF83440 		strh	r4, [sp, #52]	@ movhi
 142 005a ADF83640 		strh	r4, [sp, #54]	@ movhi
 143 005e ADF83840 		strh	r4, [sp, #56]	@ movhi
 144 0062 ADF83C40 		strh	r4, [sp, #60]	@ movhi
 145 0066 0C23     		movs	r3, #12
 146 0068 ADF83A30 		strh	r3, [sp, #58]	@ movhi
 147 006c 264D     		ldr	r5, .L9+4
 148 006e 0CA9     		add	r1, sp, #48
 149 0070 2846     		mov	r0, r5
 150 0072 FFF7FEFF 		bl	USART_Init
 151 0076 0122     		movs	r2, #1
 152 0078 40F22441 		movw	r1, #1060
 153 007c 2846     		mov	r0, r5
 154 007e FFF7FEFF 		bl	USART_ITConfig
 155 0082 FFF7FEFF 		bl	NVIC_USART_Configuration
 156 0086 0121     		movs	r1, #1
 157 0088 2846     		mov	r0, r5
 158 008a FFF7FEFF 		bl	USART_Cmd
 159 008e 1F4F     		ldr	r7, .L9+8
 160 0090 3846     		mov	r0, r7
 161 0092 FFF7FEFF 		bl	DMA_DeInit
 162 0096 DFF87890 		ldr	r9, .L9+12
 163 009a CDF80090 		str	r9, [sp]
 164 009e 1D4B     		ldr	r3, .L9+16
 165 00a0 0193     		str	r3, [sp, #4]
 166 00a2 1023     		movs	r3, #16
 167 00a4 0293     		str	r3, [sp, #8]
 168 00a6 8026     		movs	r6, #128
 169 00a8 0396     		str	r6, [sp, #12]
 170 00aa 0494     		str	r4, [sp, #16]
 171 00ac 0596     		str	r6, [sp, #20]
 172 00ae 0694     		str	r4, [sp, #24]
 173 00b0 0794     		str	r4, [sp, #28]
 174 00b2 0894     		str	r4, [sp, #32]
 175 00b4 0A94     		str	r4, [sp, #40]
 176 00b6 4FF48053 		mov	r3, #4096
ARM GAS  C:\Users\UXP\AppData\Local\Temp\cchgzylD.s 			page 4


 177 00ba 0993     		str	r3, [sp, #36]
 178 00bc 6946     		mov	r1, sp
 179 00be 3846     		mov	r0, r7
 180 00c0 FFF7FEFF 		bl	DMA_Init
 181 00c4 0122     		movs	r2, #1
 182 00c6 3146     		mov	r1, r6
 183 00c8 2846     		mov	r0, r5
 184 00ca FFF7FEFF 		bl	USART_DMACmd
 185 00ce 1437     		adds	r7, r7, #20
 186 00d0 3846     		mov	r0, r7
 187 00d2 FFF7FEFF 		bl	DMA_DeInit
 188 00d6 CDF80090 		str	r9, [sp]
 189 00da 0F4B     		ldr	r3, .L9+20
 190 00dc 0193     		str	r3, [sp, #4]
 191 00de 0294     		str	r4, [sp, #8]
 192 00e0 0396     		str	r6, [sp, #12]
 193 00e2 6946     		mov	r1, sp
 194 00e4 3846     		mov	r0, r7
 195 00e6 FFF7FEFF 		bl	DMA_Init
 196 00ea 0122     		movs	r2, #1
 197 00ec 4021     		movs	r1, #64
 198 00ee 2846     		mov	r0, r5
 199 00f0 FFF7FEFF 		bl	USART_DMACmd
 200 00f4 0121     		movs	r1, #1
 201 00f6 3846     		mov	r0, r7
 202 00f8 FFF7FEFF 		bl	DMA_Cmd
 203 00fc 11B0     		add	sp, sp, #68
 204              		@ sp needed
 205 00fe BDE8F083 		pop	{r4, r5, r6, r7, r8, r9, pc}
 206              	.L10:
 207 0102 00BF     		.align	2
 208              	.L9:
 209 0104 00080140 		.word	1073809408
 210 0108 00380140 		.word	1073821696
 211 010c 44000240 		.word	1073872964
 212 0110 04380140 		.word	1073821700
 213 0114 00000000 		.word	usart_tx_buf
 214 0118 00000000 		.word	usart_rx_buf
 216              		.section	.text.Usart_SendByte,"ax",%progbits
 217              		.align	1
 218              		.global	Usart_SendByte
 219              		.syntax unified
 220              		.thumb
 221              		.thumb_func
 223              	Usart_SendByte:
 224              		@ args = 0, pretend = 0, frame = 0
 225              		@ frame_needed = 0, uses_anonymous_args = 0
 226 0000 10B5     		push	{r4, lr}
 227 0002 0446     		mov	r4, r0
 228 0004 FFF7FEFF 		bl	USART_SendData
 229              	.L12:
 230 0008 8021     		movs	r1, #128
 231 000a 2046     		mov	r0, r4
 232 000c FFF7FEFF 		bl	USART_GetFlagStatus
 233 0010 0028     		cmp	r0, #0
 234 0012 F9D0     		beq	.L12
 235 0014 10BD     		pop	{r4, pc}
ARM GAS  C:\Users\UXP\AppData\Local\Temp\cchgzylD.s 			page 5


 237              		.section	.text.Usart_SendString,"ax",%progbits
 238              		.align	1
 239              		.global	Usart_SendString
 240              		.syntax unified
 241              		.thumb
 242              		.thumb_func
 244              	Usart_SendString:
 245              		@ args = 0, pretend = 0, frame = 0
 246              		@ frame_needed = 0, uses_anonymous_args = 0
 247 0000 38B5     		push	{r3, r4, r5, lr}
 248 0002 0546     		mov	r5, r0
 249 0004 0C46     		mov	r4, r1
 250 0006 03E0     		b	.L15
 251              	.L16:
 252 0008 2846     		mov	r0, r5
 253 000a FFF7FEFF 		bl	Usart_SendByte
 254 000e 0134     		adds	r4, r4, #1
 255              	.L15:
 256 0010 2178     		ldrb	r1, [r4]	@ zero_extendqisi2
 257 0012 0029     		cmp	r1, #0
 258 0014 F8D1     		bne	.L16
 259              	.L17:
 260 0016 4021     		movs	r1, #64
 261 0018 2846     		mov	r0, r5
 262 001a FFF7FEFF 		bl	USART_GetFlagStatus
 263 001e 0028     		cmp	r0, #0
 264 0020 F9D0     		beq	.L17
 265 0022 38BD     		pop	{r3, r4, r5, pc}
 267              		.section	.text.Usart_Send_DMA,"ax",%progbits
 268              		.align	1
 269              		.global	Usart_Send_DMA
 270              		.syntax unified
 271              		.thumb
 272              		.thumb_func
 274              	Usart_Send_DMA:
 275              		@ args = 0, pretend = 0, frame = 0
 276              		@ frame_needed = 0, uses_anonymous_args = 0
 277 0000 38B5     		push	{r3, r4, r5, lr}
 278 0002 0546     		mov	r5, r0
 279 0004 0C46     		mov	r4, r1
 280 0006 4B1E     		subs	r3, r1, #1
 281 0008 9BB2     		uxth	r3, r3
 282 000a 7F2B     		cmp	r3, #127
 283 000c 1BD8     		bhi	.L19
 284              	.L21:
 285 000e 4021     		movs	r1, #64
 286 0010 0D48     		ldr	r0, .L23
 287 0012 FFF7FEFF 		bl	USART_GetFlagStatus
 288 0016 0028     		cmp	r0, #0
 289 0018 F9D0     		beq	.L21
 290 001a 4FF40050 		mov	r0, #8192
 291 001e FFF7FEFF 		bl	DMA_ClearFlag
 292 0022 2246     		mov	r2, r4
 293 0024 2946     		mov	r1, r5
 294 0026 0948     		ldr	r0, .L23+4
 295 0028 FFF7FEFF 		bl	memcpy
 296 002c 084D     		ldr	r5, .L23+8
ARM GAS  C:\Users\UXP\AppData\Local\Temp\cchgzylD.s 			page 6


 297 002e 0021     		movs	r1, #0
 298 0030 2846     		mov	r0, r5
 299 0032 FFF7FEFF 		bl	DMA_Cmd
 300 0036 2146     		mov	r1, r4
 301 0038 2846     		mov	r0, r5
 302 003a FFF7FEFF 		bl	DMA_SetCurrDataCounter
 303 003e 0121     		movs	r1, #1
 304 0040 2846     		mov	r0, r5
 305 0042 FFF7FEFF 		bl	DMA_Cmd
 306              	.L19:
 307 0046 38BD     		pop	{r3, r4, r5, pc}
 308              	.L24:
 309              		.align	2
 310              	.L23:
 311 0048 00380140 		.word	1073821696
 312 004c 00000000 		.word	usart_tx_buf
 313 0050 44000240 		.word	1073872964
 315              		.section	.text.USART1_IRQHandler,"ax",%progbits
 316              		.align	1
 317              		.global	USART1_IRQHandler
 318              		.syntax unified
 319              		.thumb
 320              		.thumb_func
 322              	USART1_IRQHandler:
 323              		@ args = 0, pretend = 0, frame = 0
 324              		@ frame_needed = 0, uses_anonymous_args = 0
 325 0000 10B5     		push	{r4, lr}
 326 0002 40F22441 		movw	r1, #1060
 327 0006 1048     		ldr	r0, .L29
 328 0008 FFF7FEFF 		bl	USART_GetITStatus
 329 000c 00B9     		cbnz	r0, .L28
 330              	.L25:
 331 000e 10BD     		pop	{r4, pc}
 332              	.L28:
 333 0010 0D4B     		ldr	r3, .L29
 334 0012 1A88     		ldrh	r2, [r3]
 335 0014 9B88     		ldrh	r3, [r3, #4]
 336 0016 0D4C     		ldr	r4, .L29+4
 337 0018 0021     		movs	r1, #0
 338 001a 2046     		mov	r0, r4
 339 001c FFF7FEFF 		bl	DMA_Cmd
 340 0020 2046     		mov	r0, r4
 341 0022 FFF7FEFF 		bl	DMA_GetCurrDataCounter
 342 0026 C0F18000 		rsb	r0, r0, #128
 343 002a 094B     		ldr	r3, .L29+8
 344 002c 1870     		strb	r0, [r3]
 345 002e 8021     		movs	r1, #128
 346 0030 2046     		mov	r0, r4
 347 0032 FFF7FEFF 		bl	DMA_SetCurrDataCounter
 348 0036 0121     		movs	r1, #1
 349 0038 2046     		mov	r0, r4
 350 003a FFF7FEFF 		bl	DMA_Cmd
 351 003e 054B     		ldr	r3, .L29+12
 352 0040 0122     		movs	r2, #1
 353 0042 1A70     		strb	r2, [r3]
 354 0044 E3E7     		b	.L25
 355              	.L30:
ARM GAS  C:\Users\UXP\AppData\Local\Temp\cchgzylD.s 			page 7


 356 0046 00BF     		.align	2
 357              	.L29:
 358 0048 00380140 		.word	1073821696
 359 004c 58000240 		.word	1073872984
 360 0050 00000000 		.word	usart_rx_len
 361 0054 00000000 		.word	Rx_Flag
 363              		.global	Rx_Flag
 364              		.section	.bss.Rx_Flag,"aw",%nobits
 367              	Rx_Flag:
 368 0000 00       		.space	1
 369              		.global	usart_rx_len
 370              		.section	.bss.usart_rx_len,"aw",%nobits
 373              	usart_rx_len:
 374 0000 00       		.space	1
 375              		.global	usart_tx_buf
 376              		.section	.bss.usart_tx_buf,"aw",%nobits
 377              		.align	2
 380              	usart_tx_buf:
 381 0000 00000000 		.space	128
 381      00000000 
 381      00000000 
 381      00000000 
 381      00000000 
 382              		.global	usart_rx_buf
 383              		.section	.bss.usart_rx_buf,"aw",%nobits
 384              		.align	2
 387              	usart_rx_buf:
 388 0000 00000000 		.space	128
 388      00000000 
 388      00000000 
 388      00000000 
 388      00000000 
 389              		.ident	"GCC: (Arm GNU Toolchain 14.3.Rel1 (Build arm-14.174)) 14.3.1 20250623"
ARM GAS  C:\Users\UXP\AppData\Local\Temp\cchgzylD.s 			page 8


DEFINED SYMBOLS
                            *ABS*:00000000 lab_usart.c
C:\Users\UXP\AppData\Local\Temp\cchgzylD.s:16     .text.NVIC_USART_Configuration:00000000 $t
C:\Users\UXP\AppData\Local\Temp\cchgzylD.s:22     .text.NVIC_USART_Configuration:00000000 NVIC_USART_Configuration
C:\Users\UXP\AppData\Local\Temp\cchgzylD.s:41     .text.Uart_Init:00000000 $t
C:\Users\UXP\AppData\Local\Temp\cchgzylD.s:47     .text.Uart_Init:00000000 Uart_Init
C:\Users\UXP\AppData\Local\Temp\cchgzylD.s:100    .text.Uart_Init:0000008c $d
C:\Users\UXP\AppData\Local\Temp\cchgzylD.s:103    .text.Uart_DMA_Init:00000000 $t
C:\Users\UXP\AppData\Local\Temp\cchgzylD.s:109    .text.Uart_DMA_Init:00000000 Uart_DMA_Init
C:\Users\UXP\AppData\Local\Temp\cchgzylD.s:209    .text.Uart_DMA_Init:00000104 $d
C:\Users\UXP\AppData\Local\Temp\cchgzylD.s:380    .bss.usart_tx_buf:00000000 usart_tx_buf
C:\Users\UXP\AppData\Local\Temp\cchgzylD.s:387    .bss.usart_rx_buf:00000000 usart_rx_buf
C:\Users\UXP\AppData\Local\Temp\cchgzylD.s:217    .text.Usart_SendByte:00000000 $t
C:\Users\UXP\AppData\Local\Temp\cchgzylD.s:223    .text.Usart_SendByte:00000000 Usart_SendByte
C:\Users\UXP\AppData\Local\Temp\cchgzylD.s:238    .text.Usart_SendString:00000000 $t
C:\Users\UXP\AppData\Local\Temp\cchgzylD.s:244    .text.Usart_SendString:00000000 Usart_SendString
C:\Users\UXP\AppData\Local\Temp\cchgzylD.s:268    .text.Usart_Send_DMA:00000000 $t
C:\Users\UXP\AppData\Local\Temp\cchgzylD.s:274    .text.Usart_Send_DMA:00000000 Usart_Send_DMA
C:\Users\UXP\AppData\Local\Temp\cchgzylD.s:311    .text.Usart_Send_DMA:00000048 $d
C:\Users\UXP\AppData\Local\Temp\cchgzylD.s:316    .text.USART1_IRQHandler:00000000 $t
C:\Users\UXP\AppData\Local\Temp\cchgzylD.s:322    .text.USART1_IRQHandler:00000000 USART1_IRQHandler
C:\Users\UXP\AppData\Local\Temp\cchgzylD.s:358    .text.USART1_IRQHandler:00000048 $d
C:\Users\UXP\AppData\Local\Temp\cchgzylD.s:373    .bss.usart_rx_len:00000000 usart_rx_len
C:\Users\UXP\AppData\Local\Temp\cchgzylD.s:367    .bss.Rx_Flag:00000000 Rx_Flag
C:\Users\UXP\AppData\Local\Temp\cchgzylD.s:368    .bss.Rx_Flag:00000000 $d
C:\Users\UXP\AppData\Local\Temp\cchgzylD.s:374    .bss.usart_rx_len:00000000 $d
C:\Users\UXP\AppData\Local\Temp\cchgzylD.s:377    .bss.usart_tx_buf:00000000 $d
C:\Users\UXP\AppData\Local\Temp\cchgzylD.s:384    .bss.usart_rx_buf:00000000 $d

UNDEFINED SYMBOLS
NVIC_Init
RCC_APB2PeriphClockCmd
GPIO_Init
USART_Init
USART_ITConfig
USART_Cmd
RCC_AHBPeriphClockCmd
DMA_DeInit
DMA_Init
USART_DMACmd
DMA_Cmd
USART_SendData
USART_GetFlagStatus
DMA_ClearFlag
memcpy
DMA_SetCurrDataCounter
USART_GetITStatus
DMA_GetCurrDataCounter
