ARM GAS  C:\Users\UXP\AppData\Local\Temp\cc5EbTjF.s 			page 1


   1              		.cpu cortex-m3
   2              		.arch armv7-m
   3              		.fpu softvfp
   4              		.eabi_attribute 20, 1
   5              		.eabi_attribute 21, 1
   6              		.eabi_attribute 23, 3
   7              		.eabi_attribute 24, 1
   8              		.eabi_attribute 25, 1
   9              		.eabi_attribute 26, 1
  10              		.eabi_attribute 30, 1
  11              		.eabi_attribute 34, 1
  12              		.eabi_attribute 18, 4
  13              		.file	"syscalls.c"
  14              		.text
  15              		.section	.text._close,"ax",%progbits
  16              		.align	1
  17              		.global	_close
  18              		.syntax unified
  19              		.thumb
  20              		.thumb_func
  22              	_close:
  23              		@ args = 0, pretend = 0, frame = 0
  24              		@ frame_needed = 0, uses_anonymous_args = 0
  25              		@ link register save eliminated.
  26 0000 4FF0FF30 		mov	r0, #-1
  27 0004 7047     		bx	lr
  29              		.section	.text._write,"ax",%progbits
  30              		.align	1
  31              		.global	_write
  32              		.syntax unified
  33              		.thumb
  34              		.thumb_func
  36              	_write:
  37              		@ args = 0, pretend = 0, frame = 0
  38              		@ frame_needed = 0, uses_anonymous_args = 0
  39 0000 10B5     		push	{r4, lr}
  40 0002 0846     		mov	r0, r1
  41 0004 1446     		mov	r4, r2
  42 0006 91B2     		uxth	r1, r2
  43 0008 FFF7FEFF 		bl	Usart_Send_DMA
  44 000c 2046     		mov	r0, r4
  45 000e 10BD     		pop	{r4, pc}
  47              		.section	.text._read,"ax",%progbits
  48              		.align	1
  49              		.global	_read
  50              		.syntax unified
  51              		.thumb
  52              		.thumb_func
  54              	_read:
  55              		@ args = 0, pretend = 0, frame = 0
  56              		@ frame_needed = 0, uses_anonymous_args = 0
  57 0000 70B5     		push	{r4, r5, r6, lr}
  58 0002 0E46     		mov	r6, r1
  59 0004 1546     		mov	r5, r2
  60 0006 0024     		movs	r4, #0
  61              	.L5:
  62 0008 AC42     		cmp	r4, r5
ARM GAS  C:\Users\UXP\AppData\Local\Temp\cc5EbTjF.s 			page 2


  63 000a 0FDA     		bge	.L4
  64              	.L6:
  65 000c 2021     		movs	r1, #32
  66 000e 0848     		ldr	r0, .L11
  67 0010 FFF7FEFF 		bl	USART_GetFlagStatus
  68 0014 0028     		cmp	r0, #0
  69 0016 F9D0     		beq	.L6
  70 0018 0548     		ldr	r0, .L11
  71 001a FFF7FEFF 		bl	USART_ReceiveData
  72 001e 0A28     		cmp	r0, #10
  73 0020 02D0     		beq	.L10
  74 0022 3055     		strb	r0, [r6, r4]
  75 0024 0134     		adds	r4, r4, #1
  76 0026 EFE7     		b	.L5
  77              	.L10:
  78 0028 0023     		movs	r3, #0
  79 002a 3355     		strb	r3, [r6, r4]
  80              	.L4:
  81 002c 2046     		mov	r0, r4
  82 002e 70BD     		pop	{r4, r5, r6, pc}
  83              	.L12:
  84              		.align	2
  85              	.L11:
  86 0030 00380140 		.word	1073821696
  88              		.section	.text._lseek,"ax",%progbits
  89              		.align	1
  90              		.global	_lseek
  91              		.syntax unified
  92              		.thumb
  93              		.thumb_func
  95              	_lseek:
  96              		@ args = 0, pretend = 0, frame = 0
  97              		@ frame_needed = 0, uses_anonymous_args = 0
  98              		@ link register save eliminated.
  99 0000 0020     		movs	r0, #0
 100 0002 7047     		bx	lr
 102              		.section	.text._fstat,"ax",%progbits
 103              		.align	1
 104              		.global	_fstat
 105              		.syntax unified
 106              		.thumb
 107              		.thumb_func
 109              	_fstat:
 110              		@ args = 0, pretend = 0, frame = 0
 111              		@ frame_needed = 0, uses_anonymous_args = 0
 112              		@ link register save eliminated.
 113 0000 4FF40053 		mov	r3, #8192
 114 0004 4B60     		str	r3, [r1, #4]
 115 0006 0020     		movs	r0, #0
 116 0008 7047     		bx	lr
 118              		.section	.text._isatty,"ax",%progbits
 119              		.align	1
 120              		.global	_isatty
 121              		.syntax unified
 122              		.thumb
 123              		.thumb_func
 125              	_isatty:
ARM GAS  C:\Users\UXP\AppData\Local\Temp\cc5EbTjF.s 			page 3


 126              		@ args = 0, pretend = 0, frame = 0
 127              		@ frame_needed = 0, uses_anonymous_args = 0
 128              		@ link register save eliminated.
 129 0000 0120     		movs	r0, #1
 130 0002 7047     		bx	lr
 132              		.section	.text._exit,"ax",%progbits
 133              		.align	1
 134              		.global	_exit
 135              		.syntax unified
 136              		.thumb
 137              		.thumb_func
 139              	_exit:
 140              		@ Volatile: function does not return.
 141              		@ args = 0, pretend = 0, frame = 0
 142              		@ frame_needed = 0, uses_anonymous_args = 0
 143              		@ link register save eliminated.
 144              	.L17:
 145 0000 FEE7     		b	.L17
 147              		.section	.text._kill,"ax",%progbits
 148              		.align	1
 149              		.global	_kill
 150              		.syntax unified
 151              		.thumb
 152              		.thumb_func
 154              	_kill:
 155              		@ args = 0, pretend = 0, frame = 0
 156              		@ frame_needed = 0, uses_anonymous_args = 0
 157 0000 08B5     		push	{r3, lr}
 158 0002 FFF7FEFF 		bl	__errno
 159 0006 1623     		movs	r3, #22
 160 0008 0360     		str	r3, [r0]
 161 000a 4FF0FF30 		mov	r0, #-1
 162 000e 08BD     		pop	{r3, pc}
 164              		.section	.text._getpid,"ax",%progbits
 165              		.align	1
 166              		.global	_getpid
 167              		.syntax unified
 168              		.thumb
 169              		.thumb_func
 171              	_getpid:
 172              		@ args = 0, pretend = 0, frame = 0
 173              		@ frame_needed = 0, uses_anonymous_args = 0
 174              		@ link register save eliminated.
 175 0000 0120     		movs	r0, #1
 176 0002 7047     		bx	lr
 178              		.section	.text._sbrk,"ax",%progbits
 179              		.align	1
 180              		.global	_sbrk
 181              		.syntax unified
 182              		.thumb
 183              		.thumb_func
 185              	_sbrk:
 186              		@ args = 0, pretend = 0, frame = 0
 187              		@ frame_needed = 0, uses_anonymous_args = 0
 188              		@ link register save eliminated.
 189 0000 0346     		mov	r3, r0
 190 0002 084A     		ldr	r2, .L26
ARM GAS  C:\Users\UXP\AppData\Local\Temp\cc5EbTjF.s 			page 4


 191 0004 1268     		ldr	r2, [r2]
 192 0006 32B1     		cbz	r2, .L25
 193              	.L22:
 194 0008 064A     		ldr	r2, .L26
 195 000a 1068     		ldr	r0, [r2]
 196 000c 0344     		add	r3, r3, r0
 197 000e 064A     		ldr	r2, .L26+4
 198 0010 9342     		cmp	r3, r2
 199 0012 04D9     		bls	.L23
 200              	.L24:
 201 0014 FEE7     		b	.L24
 202              	.L25:
 203 0016 034A     		ldr	r2, .L26
 204 0018 0449     		ldr	r1, .L26+8
 205 001a 1160     		str	r1, [r2]
 206 001c F4E7     		b	.L22
 207              	.L23:
 208 001e 014A     		ldr	r2, .L26
 209 0020 1360     		str	r3, [r2]
 210 0022 7047     		bx	lr
 211              	.L27:
 212              		.align	2
 213              	.L26:
 214 0024 00000000 		.word	heap_end.0
 215 0028 00000000 		.word	_estack
 216 002c 00000000 		.word	_end
 218              		.section	.bss.heap_end.0,"aw",%nobits
 219              		.align	2
 222              	heap_end.0:
 223 0000 00000000 		.space	4
 224              		.ident	"GCC: (Arm GNU Toolchain 14.3.Rel1 (Build arm-14.174)) 14.3.1 20250623"
ARM GAS  C:\Users\UXP\AppData\Local\Temp\cc5EbTjF.s 			page 5


DEFINED SYMBOLS
                            *ABS*:00000000 syscalls.c
C:\Users\UXP\AppData\Local\Temp\cc5EbTjF.s:16     .text._close:00000000 $t
C:\Users\UXP\AppData\Local\Temp\cc5EbTjF.s:22     .text._close:00000000 _close
C:\Users\UXP\AppData\Local\Temp\cc5EbTjF.s:30     .text._write:00000000 $t
C:\Users\UXP\AppData\Local\Temp\cc5EbTjF.s:36     .text._write:00000000 _write
C:\Users\UXP\AppData\Local\Temp\cc5EbTjF.s:48     .text._read:00000000 $t
C:\Users\UXP\AppData\Local\Temp\cc5EbTjF.s:54     .text._read:00000000 _read
C:\Users\UXP\AppData\Local\Temp\cc5EbTjF.s:86     .text._read:00000030 $d
C:\Users\UXP\AppData\Local\Temp\cc5EbTjF.s:89     .text._lseek:00000000 $t
C:\Users\UXP\AppData\Local\Temp\cc5EbTjF.s:95     .text._lseek:00000000 _lseek
C:\Users\UXP\AppData\Local\Temp\cc5EbTjF.s:103    .text._fstat:00000000 $t
C:\Users\UXP\AppData\Local\Temp\cc5EbTjF.s:109    .text._fstat:00000000 _fstat
C:\Users\UXP\AppData\Local\Temp\cc5EbTjF.s:119    .text._isatty:00000000 $t
C:\Users\UXP\AppData\Local\Temp\cc5EbTjF.s:125    .text._isatty:00000000 _isatty
C:\Users\UXP\AppData\Local\Temp\cc5EbTjF.s:133    .text._exit:00000000 $t
C:\Users\UXP\AppData\Local\Temp\cc5EbTjF.s:139    .text._exit:00000000 _exit
C:\Users\UXP\AppData\Local\Temp\cc5EbTjF.s:148    .text._kill:00000000 $t
C:\Users\UXP\AppData\Local\Temp\cc5EbTjF.s:154    .text._kill:00000000 _kill
C:\Users\UXP\AppData\Local\Temp\cc5EbTjF.s:165    .text._getpid:00000000 $t
C:\Users\UXP\AppData\Local\Temp\cc5EbTjF.s:171    .text._getpid:00000000 _getpid
C:\Users\UXP\AppData\Local\Temp\cc5EbTjF.s:179    .text._sbrk:00000000 $t
C:\Users\UXP\AppData\Local\Temp\cc5EbTjF.s:185    .text._sbrk:00000000 _sbrk
C:\Users\UXP\AppData\Local\Temp\cc5EbTjF.s:214    .text._sbrk:00000024 $d
C:\Users\UXP\AppData\Local\Temp\cc5EbTjF.s:222    .bss.heap_end.0:00000000 heap_end.0
C:\Users\UXP\AppData\Local\Temp\cc5EbTjF.s:219    .bss.heap_end.0:00000000 $d

UNDEFINED SYMBOLS
Usart_Send_DMA
USART_GetFlagStatus
USART_ReceiveData
__errno
_estack
_end
