Archive member included to satisfy reference by file (symbol)

D:/Software/Compiler/gcc-arm-none-eabi/bin/../lib/gcc/arm-none-eabi/14.3.1/../../../../arm-none-eabi/lib/thumb/v7-m/nofp\libc.a(libc_a-exit.o)
                              D:/Software/Compiler/gcc-arm-none-eabi/bin/../lib/gcc/arm-none-eabi/14.3.1/../../../../arm-none-eabi/lib/thumb/v7-m/nofp/crt0.o (exit)
D:/Software/Compiler/gcc-arm-none-eabi/bin/../lib/gcc/arm-none-eabi/14.3.1/../../../../arm-none-eabi/lib/thumb/v7-m/nofp\libc.a(libc_a-findfp.o)
                              D:/Software/Compiler/gcc-arm-none-eabi/bin/../lib/gcc/arm-none-eabi/14.3.1/../../../../arm-none-eabi/lib/thumb/v7-m/nofp\libc.a(libc_a-exit.o) (__stdio_exit_handler)
D:/Software/Compiler/gcc-arm-none-eabi/bin/../lib/gcc/arm-none-eabi/14.3.1/../../../../arm-none-eabi/lib/thumb/v7-m/nofp\libc.a(libc_a-fwalk.o)
                              D:/Software/Compiler/gcc-arm-none-eabi/bin/../lib/gcc/arm-none-eabi/14.3.1/../../../../arm-none-eabi/lib/thumb/v7-m/nofp\libc.a(libc_a-findfp.o) (_fwalk_sglue)
D:/Software/Compiler/gcc-arm-none-eabi/bin/../lib/gcc/arm-none-eabi/14.3.1/../../../../arm-none-eabi/lib/thumb/v7-m/nofp\libc.a(libc_a-printf.o)
                              others/lab_i2c_erom.o (printf)
D:/Software/Compiler/gcc-arm-none-eabi/bin/../lib/gcc/arm-none-eabi/14.3.1/../../../../arm-none-eabi/lib/thumb/v7-m/nofp\libc.a(libc_a-putchar.o)
                              others/lab_i2c_erom.o (putchar)
D:/Software/Compiler/gcc-arm-none-eabi/bin/../lib/gcc/arm-none-eabi/14.3.1/../../../../arm-none-eabi/lib/thumb/v7-m/nofp\libc.a(libc_a-puts.o)
                              others/lab_i2c_erom.o (puts)
D:/Software/Compiler/gcc-arm-none-eabi/bin/../lib/gcc/arm-none-eabi/14.3.1/../../../../arm-none-eabi/lib/thumb/v7-m/nofp\libc.a(libc_a-stdio.o)
                              D:/Software/Compiler/gcc-arm-none-eabi/bin/../lib/gcc/arm-none-eabi/14.3.1/../../../../arm-none-eabi/lib/thumb/v7-m/nofp\libc.a(libc_a-findfp.o) (__sread)
D:/Software/Compiler/gcc-arm-none-eabi/bin/../lib/gcc/arm-none-eabi/14.3.1/../../../../arm-none-eabi/lib/thumb/v7-m/nofp\libc.a(libc_a-memset.o)
                              D:/Software/Compiler/gcc-arm-none-eabi/bin/../lib/gcc/arm-none-eabi/14.3.1/../../../../arm-none-eabi/lib/thumb/v7-m/nofp/crt0.o (memset)
D:/Software/Compiler/gcc-arm-none-eabi/bin/../lib/gcc/arm-none-eabi/14.3.1/../../../../arm-none-eabi/lib/thumb/v7-m/nofp\libc.a(libc_a-closer.o)
                              D:/Software/Compiler/gcc-arm-none-eabi/bin/../lib/gcc/arm-none-eabi/14.3.1/../../../../arm-none-eabi/lib/thumb/v7-m/nofp\libc.a(libc_a-stdio.o) (_close_r)
D:/Software/Compiler/gcc-arm-none-eabi/bin/../lib/gcc/arm-none-eabi/14.3.1/../../../../arm-none-eabi/lib/thumb/v7-m/nofp\libc.a(libc_a-reent.o)
                              D:/Software/Compiler/gcc-arm-none-eabi/bin/../lib/gcc/arm-none-eabi/14.3.1/../../../../arm-none-eabi/lib/thumb/v7-m/nofp\libc.a(libc_a-closer.o) (errno)
D:/Software/Compiler/gcc-arm-none-eabi/bin/../lib/gcc/arm-none-eabi/14.3.1/../../../../arm-none-eabi/lib/thumb/v7-m/nofp\libc.a(libc_a-impure.o)
                              D:/Software/Compiler/gcc-arm-none-eabi/bin/../lib/gcc/arm-none-eabi/14.3.1/../../../../arm-none-eabi/lib/thumb/v7-m/nofp\libc.a(libc_a-printf.o) (_impure_ptr)
D:/Software/Compiler/gcc-arm-none-eabi/bin/../lib/gcc/arm-none-eabi/14.3.1/../../../../arm-none-eabi/lib/thumb/v7-m/nofp\libc.a(libc_a-lseekr.o)
                              D:/Software/Compiler/gcc-arm-none-eabi/bin/../lib/gcc/arm-none-eabi/14.3.1/../../../../arm-none-eabi/lib/thumb/v7-m/nofp\libc.a(libc_a-stdio.o) (_lseek_r)
D:/Software/Compiler/gcc-arm-none-eabi/bin/../lib/gcc/arm-none-eabi/14.3.1/../../../../arm-none-eabi/lib/thumb/v7-m/nofp\libc.a(libc_a-readr.o)
                              D:/Software/Compiler/gcc-arm-none-eabi/bin/../lib/gcc/arm-none-eabi/14.3.1/../../../../arm-none-eabi/lib/thumb/v7-m/nofp\libc.a(libc_a-stdio.o) (_read_r)
D:/Software/Compiler/gcc-arm-none-eabi/bin/../lib/gcc/arm-none-eabi/14.3.1/../../../../arm-none-eabi/lib/thumb/v7-m/nofp\libc.a(libc_a-writer.o)
                              D:/Software/Compiler/gcc-arm-none-eabi/bin/../lib/gcc/arm-none-eabi/14.3.1/../../../../arm-none-eabi/lib/thumb/v7-m/nofp\libc.a(libc_a-stdio.o) (_write_r)
D:/Software/Compiler/gcc-arm-none-eabi/bin/../lib/gcc/arm-none-eabi/14.3.1/../../../../arm-none-eabi/lib/thumb/v7-m/nofp\libc.a(libc_a-errno.o)
                              others/syscalls.o (__errno)
D:/Software/Compiler/gcc-arm-none-eabi/bin/../lib/gcc/arm-none-eabi/14.3.1/../../../../arm-none-eabi/lib/thumb/v7-m/nofp\libc.a(libc_a-init.o)
                              D:/Software/Compiler/gcc-arm-none-eabi/bin/../lib/gcc/arm-none-eabi/14.3.1/../../../../arm-none-eabi/lib/thumb/v7-m/nofp/crt0.o (__libc_init_array)
D:/Software/Compiler/gcc-arm-none-eabi/bin/../lib/gcc/arm-none-eabi/14.3.1/../../../../arm-none-eabi/lib/thumb/v7-m/nofp\libc.a(libc_a-lock.o)
[...]
Memory Configuration

Name             Origin             Length             Attributes
RAM              0x20000000         0x0000c000         xrw
FLASH            0x08000000         0x00040000         xr
*default*        0x00000000         0xffffffff

Linker script and memory map

LOAD D:/Software/Compiler/gcc-arm-none-eabi/bin/../lib/gcc/arm-none-eabi/14.3.1/thumb/v7-m/nofp/crti.o
LOAD D:/Software/Compiler/gcc-arm-none-eabi/bin/../lib/gcc/arm-none-eabi/14.3.1/thumb/v7-m/nofp/crtbegin.o
LOAD D:/Software/Compiler/gcc-arm-none-eabi/bin/../lib/gcc/arm-none-eabi/14.3.1/../../../../arm-none-eabi/lib/thumb/v7-m/nofp/crt0.o
LOAD others/system_stm32f10x.o
LOAD others/core_cm3.o
LOAD others/syscalls.o
LOAD others/main.o
LOAD others/stm32f10x_it.o
LOAD others/stm32f10x_gpio.o
LOAD others/stm32f10x_fsmc.o
LOAD others/stm32f10x_exti.o
LOAD others/stm32f10x_bkp.o
LOAD others/stm32f10x_spi.o
LOAD others/stm32f10x_adc.o
LOAD others/stm32f10x_iwdg.o
LOAD others/misc.o
LOAD others/stm32f10x_cec.o
LOAD others/stm32f10x_wwdg.o
LOAD others/stm32f10x_tim.o
LOAD others/stm32f10x_usart.o
LOAD others/stm32f10x_crc.o
LOAD others/stm32f10x_flash.o
LOAD others/stm32f10x_rcc.o
LOAD others/stm32f10x_sdio.o
LOAD others/stm32f10x_i2c.o
LOAD others/stm32f10x_pwr.o
LOAD others/stm32f10x_rtc.o
LOAD others/stm32f10x_can.o
LOAD others/stm32f10x_dac.o
LOAD others/stm32f10x_dbgmcu.o
LOAD others/stm32f10x_dma.o
LOAD others/lab_exti.o
LOAD others/lab_tim_oc.o
LOAD others/lab_iwdg.o
LOAD others/led.o
LOAD others/lab_usart_simple.o
LOAD others/key.o
LOAD others/lab_base_tim.o
LOAD others/lab_i2c_gpio.o
LOAD others/lab_i2c_erom.o
LOAD others/lab_rtc.o
LOAD others/lab_dma.o
LOAD others/lab_wwdg.o
LOAD others/sys.o
LOAD others/delay.o
LOAD others/startup_stm32f10x_hd.o
LOAD D:/Software/Compiler/gcc-arm-none-eabi/bin/../lib/gcc/arm-none-eabi/14.3.1/../../../../arm-none-eabi/lib/thumb/v7-m/nofp\libc.a
LOAD D:/Software/Compiler/gcc-arm-none-eabi/bin/../lib/gcc/arm-none-eabi/14.3.1/../../../../arm-none-eabi/lib/thumb/v7-m/nofp\libm.a
START GROUP
LOAD D:/Software/Compiler/gcc-arm-none-eabi/bin/../lib/gcc/arm-none-eabi/14.3.1/thumb/v7-m/nofp\libgcc.a
LOAD D:/Software/Compiler/gcc-arm-none-eabi/bin/../lib/gcc/arm-none-eabi/14.3.1/../../../../arm-none-eabi/lib/thumb/v7-m/nofp\libc.a
END GROUP
LOAD D:/Software/Compiler/gcc-arm-none-eabi/bin/../lib/gcc/arm-none-eabi/14.3.1/thumb/v7-m/nofp/crtend.o
LOAD D:/Software/Compiler/gcc-arm-none-eabi/bin/../lib/gcc/arm-none-eabi/14.3.1/thumb/v7-m/nofp/crtn.o
                0x2000c000                        _estack = (ORIGIN (RAM) + LENGTH (RAM))
                0x00000200                        _Min_Heap_Size = 0x200
                0x00000400                        _Min_Stack_Size = 0x400

.isr_vector     0x08000000      0x1e4
                0x08000000                        . = ALIGN (0x4)
 *(.isr_vector)
 .isr_vector    0x08000000      0x1e4 others/startup_stm32f10x_hd.o
                0x08000000                g_pfnVectors
                0x080001e4                        . = ALIGN (0x4)

.text           0x080001e4      0x94c
                0x080001e4                        . = ALIGN (0x4)
 *(.text)
 *(.text*)
 .text.deregister_tm_clones
                0x080001e4       0x1c D:/Software/Compiler/gcc-arm-none-eabi/bin/../lib/gcc/arm-none-eabi/14.3.1/thumb/v7-m/nofp/crtbegin.o
 .text.register_tm_clones
                0x08000200       0x24 D:/Software/Compiler/gcc-arm-none-eabi/bin/../lib/gcc/arm-none-eabi/14.3.1/thumb/v7-m/nofp/crtbegin.o
 .text.__do_global_dtors_aux
                0x08000224       0x28 D:/Software/Compiler/gcc-arm-none-eabi/bin/../lib/gcc/arm-none-eabi/14.3.1/thumb/v7-m/nofp/crtbegin.o
 .text.frame_dummy
                0x0800024c       0x24 D:/Software/Compiler/gcc-arm-none-eabi/bin/../lib/gcc/arm-none-eabi/14.3.1/thumb/v7-m/nofp/crtbegin.o
 .text.SetSysClockTo72
                0x08000270       0xc4 others/system_stm32f10x.o
 .text.SetSysClock
                0x08000334        0x8 others/system_stm32f10x.o
 .text.SystemInit
                0x0800033c       0x50 others/system_stm32f10x.o
                0x0800033c                SystemInit
 .text.main     0x0800038c       0x40 others/main.o
                0x0800038c                main
 .text.NMI_Handler
                0x080003cc        0x2 others/stm32f10x_it.o
                0x080003cc                NMI_Handler
 .text.HardFault_Handler
                0x080003ce        0x2 others/stm32f10x_it.o
                0x080003ce                HardFault_Handler
 .text.MemManage_Handler
                0x080003d0        0x2 others/stm32f10x_it.o
                0x080003d0                MemManage_Handler
 .text.BusFault_Handler
                0x080003d2        0x2 others/stm32f10x_it.o
                0x080003d2                BusFault_Handler
 .text.UsageFault_Handler
                0x080003d4        0x2 others/stm32f10x_it.o
                0x080003d4                UsageFault_Handler
 .text.SVC_Handler
                0x080003d6        0x2 others/stm32f10x_it.o
                0x080003d6                SVC_Handler
 .text.DebugMon_Handler
                0x080003d8        0x2 others/stm32f10x_it.o
                0x080003d8                DebugMon_Handler
 .text.PendSV_Handler
                0x080003da        0x2 others/stm32f10x_it.o
                0x080003da                PendSV_Handler
 .text.SysTick_Handler
                0x080003dc        0x2 others/stm32f10x_it.o
                0x080003dc                SysTick_Handler
 .text.GPIO_Init
                0x080003de       0xb2 others/stm32f10x_gpio.o
                0x080003de                GPIO_Init
 .text.GPIO_SetBits
                0x08000490        0x4 others/stm32f10x_gpio.o
                0x08000490                GPIO_SetBits
 .text.EXTI_GetFlagStatus
                0x08000494       0x14 others/stm32f10x_exti.o
                0x08000494                EXTI_GetFlagStatus
 .text.EXTI_ClearITPendingBit
                0x080004a8        0xc others/stm32f10x_exti.o
                0x080004a8                EXTI_ClearITPendingBit
 .text.NVIC_PriorityGroupConfig
                0x080004b4       0x14 others/misc.o
                0x080004b4                NVIC_PriorityGroupConfig
 .text.NVIC_Init
                0x080004c8       0x64 others/misc.o
                0x080004c8                NVIC_Init
 .text.SysTick_CLKSourceConfig
                0x0800052c       0x20 others/misc.o
                0x0800052c                SysTick_CLKSourceConfig
 .text.WWDG_ClearFlag
                0x0800054c        0xc others/stm32f10x_wwdg.o
                0x0800054c                WWDG_ClearFlag
 .text.TIM_ClearITPendingBit
                0x08000558        0x8 others/stm32f10x_tim.o
                0x08000558                TIM_ClearITPendingBit
 .text.USART_Init
                0x08000560       0xc4 others/stm32f10x_usart.o
                0x08000560                USART_Init
 .text.USART_Cmd
                0x08000624       0x1c others/stm32f10x_usart.o
                0x08000624                USART_Cmd
 .text.USART_ITConfig
                0x08000640       0x36 others/stm32f10x_usart.o
                0x08000640                USART_ITConfig
 .text.USART_GetITStatus
                0x08000676       0x4a others/stm32f10x_usart.o
                0x08000676                USART_GetITStatus
 .text.USART_ClearITPendingBit
                0x080006c0       0x10 others/stm32f10x_usart.o
                0x080006c0                USART_ClearITPendingBit
 .text.RCC_GetClocksFreq
                0x080006d0       0xbc others/stm32f10x_rcc.o
                0x080006d0                RCC_GetClocksFreq
 .text.RCC_APB2PeriphClockCmd
                0x0800078c       0x1c others/stm32f10x_rcc.o
                0x0800078c                RCC_APB2PeriphClockCmd
 .text.EXTI9_5_IRQHandler
                0x080007a8       0x24 others/lab_exti.o
                0x080007a8                EXTI9_5_IRQHandler
 .text.EXTI15_10_IRQHandler
                0x080007cc       0x28 others/lab_exti.o
                0x080007cc                EXTI15_10_IRQHandler
 .text.LedInit  0x080007f4       0x58 others/led.o
                0x080007f4                LedInit
 .text.NVIC_USART_Configuration
                0x0800084c       0x26 others/lab_usart_simple.o
                0x0800084c                NVIC_USART_Configuration
 *fill*         0x08000872        0x2 
 .text.Uart_Init
                0x08000874       0x90 others/lab_usart_simple.o
                0x08000874                Uart_Init
 .text.USART1_IRQHandler
                0x08000904       0x3c others/lab_usart_simple.o
                0x08000904                USART1_IRQHandler
 .text.TIM6_IRQHandler
                0x08000940       0x2c others/lab_base_tim.o
                0x08000940                TIM6_IRQHandler
 .text.WWDG_IRQHandler
                0x0800096c       0x18 others/lab_wwdg.o
                0x0800096c                WWDG_IRQHandler
 .text.delay_init
                0x08000984       0x3c others/delay.o
                0x08000984                delay_init
 .text.delay_ms
                0x080009c0       0x40 others/delay.o
                0x080009c0                delay_ms
 .text.Reset_Handler
                0x08000a00       0x44 others/startup_stm32f10x_hd.o
                0x08000a00                Reset_Handler
 .text.Default_Handler
                0x08000a44        0x2 others/startup_stm32f10x_hd.o
                0x08000a44                EXTI2_IRQHandler
                0x08000a44                TIM8_TRG_COM_IRQHandler
                0x08000a44                TIM8_CC_IRQHandler
                0x08000a44                TIM1_CC_IRQHandler
                0x08000a44                PVD_IRQHandler
                0x08000a44                SDIO_IRQHandler
                0x08000a44                EXTI3_IRQHandler
                0x08000a44                EXTI0_IRQHandler
                0x08000a44                I2C2_EV_IRQHandler
                0x08000a44                ADC1_2_IRQHandler
                0x08000a44                SPI1_IRQHandler
                0x08000a44                TAMPER_IRQHandler
                0x08000a44                TIM8_UP_IRQHandler
                0x08000a44                DMA2_Channel2_IRQHandler
                0x08000a44                DMA1_Channel4_IRQHandler
                0x08000a44                USART3_IRQHandler
                0x08000a44                RTC_IRQHandler
                0x08000a44                DMA1_Channel7_IRQHandler
                0x08000a44                CAN1_RX1_IRQHandler
                0x08000a44                UART5_IRQHandler
                0x08000a44                ADC3_IRQHandler
                0x08000a44                TIM4_IRQHandler
                0x08000a44                DMA2_Channel1_IRQHandler
                0x08000a44                I2C1_EV_IRQHandler
                0x08000a44                DMA1_Channel6_IRQHandler
                0x08000a44                UART4_IRQHandler
                0x08000a44                TIM3_IRQHandler
                0x08000a44                RCC_IRQHandler
                0x08000a44                TIM1_TRG_COM_IRQHandler
                0x08000a44                DMA1_Channel1_IRQHandler
                0x08000a44                Default_Handler
                0x08000a44                TIM7_IRQHandler
                0x08000a44                TIM5_IRQHandler
                0x08000a44                SPI2_IRQHandler
                0x08000a44                DMA1_Channel5_IRQHandler
                0x08000a44                EXTI4_IRQHandler
                0x08000a44                USB_LP_CAN1_RX0_IRQHandler
                0x08000a44                USB_HP_CAN1_TX_IRQHandler
                0x08000a44                DMA1_Channel3_IRQHandler
                0x08000a44                FSMC_IRQHandler
                0x08000a44                TIM1_UP_IRQHandler
                0x08000a44                TIM2_IRQHandler
                0x08000a44                TIM1_BRK_IRQHandler
                0x08000a44                EXTI1_IRQHandler
                0x08000a44                RTCAlarm_IRQHandler
                0x08000a44                DMA2_Channel4_5_IRQHandler
                0x08000a44                USART2_IRQHandler
                0x08000a44                I2C2_ER_IRQHandler
                0x08000a44                DMA1_Channel2_IRQHandler
                0x08000a44                TIM8_BRK_IRQHandler
                0x08000a44                CAN1_SCE_IRQHandler
                0x08000a44                FLASH_IRQHandler
                0x08000a44                SPI3_IRQHandler
                0x08000a44                I2C1_ER_IRQHandler
                0x08000a44                USBWakeUp_IRQHandler
                0x08000a44                DMA2_Channel3_IRQHandler
 *fill*         0x08000a46        0x2 
 .text.__retarget_lock_acquire_recursive
                0x08000a48        0x4 D:/Software/Compiler/gcc-arm-none-eabi/bin/../lib/gcc/arm-none-eabi/14.3.1/../../../../arm-none-eabi/lib/thumb/v7-m/nofp\libc.a(libc_a-lock.o)
                0x08000a48                __retarget_lock_acquire_recursive
 .text.__retarget_lock_release_recursive
                0x08000a4c        0x4 D:/Software/Compiler/gcc-arm-none-eabi/bin/../lib/gcc/arm-none-eabi/14.3.1/../../../../arm-none-eabi/lib/thumb/v7-m/nofp\libc.a(libc_a-lock.o)
                0x08000a4c                __retarget_lock_release_recursive
 .text.startup.register_fini
                0x08000a50       0x14 D:/Software/Compiler/gcc-arm-none-eabi/bin/../lib/gcc/arm-none-eabi/14.3.1/../../../../arm-none-eabi/lib/thumb/v7-m/nofp\libc.a(libc_a-__call_atexit.o)
 .text.atexit   0x08000a64        0xc D:/Software/Compiler/gcc-arm-none-eabi/bin/../lib/gcc/arm-none-eabi/14.3.1/../../../../arm-none-eabi/lib/thumb/v7-m/nofp\libc.a(libc_a-atexit.o)
                0x08000a64                atexit
 .text.__libc_fini_array
                0x08000a70       0x28 D:/Software/Compiler/gcc-arm-none-eabi/bin/../lib/gcc/arm-none-eabi/14.3.1/../../../../arm-none-eabi/lib/thumb/v7-m/nofp\libc.a(libc_a-fini.o)
                0x08000a70                __libc_fini_array
 .text.__register_exitproc
                0x08000a98       0x80 D:/Software/Compiler/gcc-arm-none-eabi/bin/../lib/gcc/arm-none-eabi/14.3.1/../../../../arm-none-eabi/lib/thumb/v7-m/nofp\libc.a(libc_a-__atexit.o)
                0x08000a98                __register_exitproc
 *(.glue_7)
 .glue_7        0x08000b18        0x0 linker stubs
 *(.glue_7t)
 .glue_7t       0x08000b18        0x0 linker stubs
 *(.eh_frame)
 .eh_frame      0x08000b18        0x0 D:/Software/Compiler/gcc-arm-none-eabi/bin/../lib/gcc/arm-none-eabi/14.3.1/thumb/v7-m/nofp/crtbegin.o
 *(.init)
 .init          0x08000b18        0x4 D:/Software/Compiler/gcc-arm-none-eabi/bin/../lib/gcc/arm-none-eabi/14.3.1/thumb/v7-m/nofp/crti.o
                0x08000b18                _init
 .init          0x08000b1c        0x8 D:/Software/Compiler/gcc-arm-none-eabi/bin/../lib/gcc/arm-none-eabi/14.3.1/thumb/v7-m/nofp/crtn.o
 *(.fini)
 .fini          0x08000b24        0x4 D:/Software/Compiler/gcc-arm-none-eabi/bin/../lib/gcc/arm-none-eabi/14.3.1/thumb/v7-m/nofp/crti.o
                0x08000b24                _fini
 .fini          0x08000b28        0x8 D:/Software/Compiler/gcc-arm-none-eabi/bin/../lib/gcc/arm-none-eabi/14.3.1/thumb/v7-m/nofp/crtn.o
                0x08000b30                        . = ALIGN (0x4)
                0x08000b30                        _etext = .

.vfp11_veneer   0x08000b30        0x0
 .vfp11_veneer  0x08000b30        0x0 linker stubs

.v4_bx          0x08000b30        0x0
 .v4_bx         0x08000b30        0x0 linker stubs

.iplt           0x08000b30        0x0
 .iplt          0x08000b30        0x0 D:/Software/Compiler/gcc-arm-none-eabi/bin/../lib/gcc/arm-none-eabi/14.3.1/thumb/v7-m/nofp/crtbegin.o

.rel.dyn        0x08000b30        0x0
 .rel.iplt      0x08000b30        0x0 D:/Software/Compiler/gcc-arm-none-eabi/bin/../lib/gcc/arm-none-eabi/14.3.1/thumb/v7-m/nofp/crtbegin.o

.rodata         0x08000b30        0x0
                0x08000b30                        . = ALIGN (0x4)
 *(.rodata)
 *(.rodata*)
                0x08000b30                        . = ALIGN (0x4)

.ARM.extab      0x08000b30        0x0
                0x08000b30                        . = ALIGN (0x4)
 *(.ARM.extab* .gnu.linkonce.armextab.*)
                0x08000b30                        . = ALIGN (0x4)

.ARM            0x08000b30        0x0
                0x08000b30                        . = ALIGN (0x4)
                0x08000b30                        __exidx_start = .
 *(.ARM.exidx*)
                0x08000b30                        __exidx_end = .
                0x08000b30                        . = ALIGN (0x4)

.preinit_array  0x08000b30        0x0
                0x08000b30                        . = ALIGN (0x4)
                0x08000b30                        PROVIDE (__preinit_array_start = .)
 *(.preinit_array*)
                0x08000b30                        PROVIDE (__preinit_array_end = .)
                0x08000b30                        . = ALIGN (0x4)

.init_array     0x08000b30        0x8
                0x08000b30                        . = ALIGN (0x4)
                0x08000b30                        PROVIDE (__init_array_start = .)
 *(SORT_BY_NAME(.init_array.*))
 .init_array.00000
                0x08000b30        0x4 D:/Software/Compiler/gcc-arm-none-eabi/bin/../lib/gcc/arm-none-eabi/14.3.1/../../../../arm-none-eabi/lib/thumb/v7-m/nofp\libc.a(libc_a-__call_atexit.o)
 *(.init_array*)
 .init_array    0x08000b34        0x4 D:/Software/Compiler/gcc-arm-none-eabi/bin/../lib/gcc/arm-none-eabi/14.3.1/thumb/v7-m/nofp/crtbegin.o
                0x08000b38                        PROVIDE (__init_array_end = .)
                0x08000b38                        . = ALIGN (0x4)

.fini_array     0x08000b38        0x4
                0x08000b38                        . = ALIGN (0x4)
                0x08000b38                        PROVIDE (__fini_array_start = .)
 *(SORT_BY_NAME(.fini_array.*))
 *(.fini_array*)
 .fini_array    0x08000b38        0x4 D:/Software/Compiler/gcc-arm-none-eabi/bin/../lib/gcc/arm-none-eabi/14.3.1/thumb/v7-m/nofp/crtbegin.o
                0x08000b3c                        PROVIDE (__fini_array_end = .)
                0x08000b3c                        . = ALIGN (0x4)
                0x08000b3c                        _sidata = LOADADDR (.data)

.data           0x20000000       0x1c load address 0x08000b3c
                0x20000000                        . = ALIGN (0x4)
                0x20000000                        _sdata = .
 *(.data)
 *(.data*)
 .data.SystemCoreClock
                0x20000000        0x4 others/system_stm32f10x.o
                0x20000000                SystemCoreClock
 .data.ADCPrescTable
                0x20000004        0x4 others/stm32f10x_rcc.o
 .data.APBAHBPrescTable
                0x20000008       0x10 others/stm32f10x_rcc.o
 .data.__atexit_recursive_mutex
                0x20000018        0x4 D:/Software/Compiler/gcc-arm-none-eabi/bin/../lib/gcc/arm-none-eabi/14.3.1/../../../../arm-none-eabi/lib/thumb/v7-m/nofp\libc.a(libc_a-__call_atexit.o)
                0x20000018                __atexit_recursive_mutex
 *(.RamFunc)
 *(.RamFunc*)
                0x2000001c                        . = ALIGN (0x4)
                0x2000001c                        _edata = .

.tm_clone_table
                0x2000001c        0x0 load address 0x08000b58
 .tm_clone_table
                0x2000001c        0x0 D:/Software/Compiler/gcc-arm-none-eabi/bin/../lib/gcc/arm-none-eabi/14.3.1/thumb/v7-m/nofp/crtbegin.o
 .tm_clone_table
                0x2000001c        0x0 D:/Software/Compiler/gcc-arm-none-eabi/bin/../lib/gcc/arm-none-eabi/14.3.1/thumb/v7-m/nofp/crtend.o

.igot.plt       0x2000001c        0x0 load address 0x08000b58
 .igot.plt      0x2000001c        0x0 D:/Software/Compiler/gcc-arm-none-eabi/bin/../lib/gcc/arm-none-eabi/14.3.1/thumb/v7-m/nofp/crtbegin.o
                0x2000001c                        . = ALIGN (0x4)

.bss            0x2000001c      0x1b8 load address 0x08000b58
                0x2000001c                        _sbss = .
                0x2000001c                        __bss_start__ = _sbss
 *(.bss)
 *(.bss*)
 .bss.completed.1
                0x2000001c        0x1 D:/Software/Compiler/gcc-arm-none-eabi/bin/../lib/gcc/arm-none-eabi/14.3.1/thumb/v7-m/nofp/crtbegin.o
 *fill*         0x2000001d        0x3 
 .bss.object.0  0x20000020       0x18 D:/Software/Compiler/gcc-arm-none-eabi/bin/../lib/gcc/arm-none-eabi/14.3.1/thumb/v7-m/nofp/crtbegin.o
 .bss.fac_ms    0x20000038        0x2 others/delay.o
 .bss.fac_us    0x2000003a        0x1 others/delay.o
 *fill*         0x2000003b        0x1 
 .bss.__lock___atexit_recursive_mutex
                0x2000003c        0x1 D:/Software/Compiler/gcc-arm-none-eabi/bin/../lib/gcc/arm-none-eabi/14.3.1/../../../../arm-none-eabi/lib/thumb/v7-m/nofp\libc.a(libc_a-lock.o)
                0x2000003c                __lock___atexit_recursive_mutex
 *fill*         0x2000003d        0x3 
 .bss.__atexit  0x20000040        0x4 D:/Software/Compiler/gcc-arm-none-eabi/bin/../lib/gcc/arm-none-eabi/14.3.1/../../../../arm-none-eabi/lib/thumb/v7-m/nofp\libc.a(libc_a-__call_atexit.o)
                0x20000040                __atexit
 .bss.__atexit0
                0x20000044      0x190 D:/Software/Compiler/gcc-arm-none-eabi/bin/../lib/gcc/arm-none-eabi/14.3.1/../../../../arm-none-eabi/lib/thumb/v7-m/nofp\libc.a(libc_a-__atexit.o)
                0x20000044                __atexit0
 *(COMMON)
                0x200001d4                        . = ALIGN (0x4)
                0x200001d4                        _ebss = .
                0x200001d4                        __bss_end__ = _ebss

._user_heap_stack
                0x200001d4      0x604 load address 0x08000b58
                0x200001d8                        . = ALIGN (0x8)
 *fill*         0x200001d4        0x4 
                [!provide]                        PROVIDE (end = .)
                0x200001d8                        PROVIDE (_end = .)
                0x200003d8                        . = (. + _Min_Heap_Size)
 *fill*         0x200001d8      0x200 
                0x200007d8                        . = (. + _Min_Stack_Size)
 *fill*         0x200003d8      0x400 
                0x200007d8                        . = ALIGN (0x8)

/DISCARD/
 libc.a(*)
 libm.a(*)
 libgcc.a(*)

.ARM.attributes
                0x00000000       0x29
 *(.ARM.attributes)
 .ARM.attributes
                0x00000000       0x1d D:/Software/Compiler/gcc-arm-none-eabi/bin/../lib/gcc/arm-none-eabi/14.3.1/thumb/v7-m/nofp/crti.o
 .ARM.attributes
                0x0000001d       0x2d D:/Software/Compiler/gcc-arm-none-eabi/bin/../lib/gcc/arm-none-eabi/14.3.1/thumb/v7-m/nofp/crtbegin.o
 .ARM.attributes
                0x0000004a       0x2d others/system_stm32f10x.o
 .ARM.attributes
                0x00000077       0x2d others/main.o
 .ARM.attributes
                0x000000a4       0x2d others/stm32f10x_it.o
 .ARM.attributes
                0x000000d1       0x2d others/stm32f10x_gpio.o
 .ARM.attributes
                0x000000fe       0x2d others/stm32f10x_exti.o
 .ARM.attributes
                0x0000012b       0x2d others/misc.o
 .ARM.attributes
                0x00000158       0x2d others/stm32f10x_wwdg.o
 .ARM.attributes
                0x00000185       0x2d others/stm32f10x_tim.o
 .ARM.attributes
                0x000001b2       0x2d others/stm32f10x_usart.o
 .ARM.attributes
                0x000001df       0x2d others/stm32f10x_rcc.o
 .ARM.attributes
                0x0000020c       0x2d others/lab_exti.o
 .ARM.attributes
                0x00000239       0x2d others/led.o
 .ARM.attributes
                0x00000266       0x2d others/lab_usart_simple.o
 .ARM.attributes
                0x00000293       0x2d others/lab_base_tim.o
 .ARM.attributes
                0x000002c0       0x2d others/lab_wwdg.o
 .ARM.attributes
                0x000002ed       0x2d others/delay.o
 .ARM.attributes
                0x0000031a       0x21 others/startup_stm32f10x_hd.o
 .ARM.attributes
                0x0000033b       0x2d D:/Software/Compiler/gcc-arm-none-eabi/bin/../lib/gcc/arm-none-eabi/14.3.1/../../../../arm-none-eabi/lib/thumb/v7-m/nofp\libc.a(libc_a-lock.o)
 .ARM.attributes
                0x00000368       0x2d D:/Software/Compiler/gcc-arm-none-eabi/bin/../lib/gcc/arm-none-eabi/14.3.1/../../../../arm-none-eabi/lib/thumb/v7-m/nofp\libc.a(libc_a-__call_atexit.o)
 .ARM.attributes
                0x00000395       0x2d D:/Software/Compiler/gcc-arm-none-eabi/bin/../lib/gcc/arm-none-eabi/14.3.1/../../../../arm-none-eabi/lib/thumb/v7-m/nofp\libc.a(libc_a-atexit.o)
 .ARM.attributes
                0x000003c2       0x2d D:/Software/Compiler/gcc-arm-none-eabi/bin/../lib/gcc/arm-none-eabi/14.3.1/../../../../arm-none-eabi/lib/thumb/v7-m/nofp\libc.a(libc_a-fini.o)
 .ARM.attributes
                0x000003ef       0x2d D:/Software/Compiler/gcc-arm-none-eabi/bin/../lib/gcc/arm-none-eabi/14.3.1/../../../../arm-none-eabi/lib/thumb/v7-m/nofp\libc.a(libc_a-__atexit.o)
 .ARM.attributes
                0x0000041c       0x2d D:/Software/Compiler/gcc-arm-none-eabi/bin/../lib/gcc/arm-none-eabi/14.3.1/thumb/v7-m/nofp/crtend.o
 .ARM.attributes
                0x00000449       0x1d D:/Software/Compiler/gcc-arm-none-eabi/bin/../lib/gcc/arm-none-eabi/14.3.1/thumb/v7-m/nofp/crtn.o
OUTPUT(object\template.elf elf32-littlearm)
LOAD linker stubs
LOAD D:/Software/Compiler/gcc-arm-none-eabi/bin/../lib/gcc/arm-none-eabi/14.3.1/../../../../arm-none-eabi/lib/thumb/v7-m/nofp\libc.a
LOAD D:/Software/Compiler/gcc-arm-none-eabi/bin/../lib/gcc/arm-none-eabi/14.3.1/../../../../arm-none-eabi/lib/thumb/v7-m/nofp\libm.a
LOAD D:/Software/Compiler/gcc-arm-none-eabi/bin/../lib/gcc/arm-none-eabi/14.3.1/thumb/v7-m/nofp\libgcc.a

.comment        0x00000000       0x8f
 .comment       0x00000000       0x8f others/system_stm32f10x.o
                                 0x4a (size before relaxing)
 .comment       0x0000008f       0x47 others/main.o
 .comment       0x0000008f       0x4a others/stm32f10x_it.o
 .comment       0x0000008f       0x4a others/stm32f10x_gpio.o
 .comment       0x0000008f       0x4a others/stm32f10x_exti.o
 .comment       0x0000008f       0x4a others/misc.o
 .comment       0x0000008f       0x4a others/stm32f10x_wwdg.o
 .comment       0x0000008f       0x4a others/stm32f10x_tim.o
 .comment       0x0000008f       0x4a others/stm32f10x_usart.o
 .comment       0x0000008f       0x4a others/stm32f10x_rcc.o
 .comment       0x0000008f       0x4a others/lab_exti.o
 .comment       0x0000008f       0x4a others/led.o
 .comment       0x0000008f       0x47 others/lab_usart_simple.o
 .comment       0x0000008f       0x47 others/lab_base_tim.o
 .comment       0x0000008f       0x47 others/lab_wwdg.o
 .comment       0x0000008f       0x4a others/delay.o

.debug_frame    0x00000000      0x194
 .debug_frame   0x00000000       0xb0 D:/Software/Compiler/gcc-arm-none-eabi/bin/../lib/gcc/arm-none-eabi/14.3.1/../../../../arm-none-eabi/lib/thumb/v7-m/nofp\libc.a(libc_a-lock.o)
 .debug_frame   0x000000b0       0x5c D:/Software/Compiler/gcc-arm-none-eabi/bin/../lib/gcc/arm-none-eabi/14.3.1/../../../../arm-none-eabi/lib/thumb/v7-m/nofp\libc.a(libc_a-__call_atexit.o)
 .debug_frame   0x0000010c       0x20 D:/Software/Compiler/gcc-arm-none-eabi/bin/../lib/gcc/arm-none-eabi/14.3.1/../../../../arm-none-eabi/lib/thumb/v7-m/nofp\libc.a(libc_a-atexit.o)
 .debug_frame   0x0000012c       0x34 D:/Software/Compiler/gcc-arm-none-eabi/bin/../lib/gcc/arm-none-eabi/14.3.1/../../../../arm-none-eabi/lib/thumb/v7-m/nofp\libc.a(libc_a-fini.o)
 .debug_frame   0x00000160       0x34 D:/Software/Compiler/gcc-arm-none-eabi/bin/../lib/gcc/arm-none-eabi/14.3.1/../../../../arm-none-eabi/lib/thumb/v7-m/nofp\libc.a(libc_a-__atexit.o)

Cross Reference Table

Symbol                                            File
ADC1_2_IRQHandler                                 others/startup_stm32f10x_hd.o
ADC3_IRQHandler                                   others/startup_stm32f10x_hd.o
ADC_AnalogWatchdogCmd                             others/stm32f10x_adc.o
ADC_AnalogWatchdogSingleChannelConfig             others/stm32f10x_adc.o
ADC_AnalogWatchdogThresholdsConfig                others/stm32f10x_adc.o
ADC_AutoInjectedConvCmd                           others/stm32f10x_adc.o
ADC_ClearFlag                                     others/stm32f10x_adc.o
ADC_ClearITPendingBit                             others/stm32f10x_adc.o
ADC_Cmd                                           others/stm32f10x_adc.o
ADC_DMACmd                                        others/stm32f10x_adc.o
ADC_DeInit                                        others/stm32f10x_adc.o
ADC_DiscModeChannelCountConfig                    others/stm32f10x_adc.o
ADC_DiscModeCmd                                   others/stm32f10x_adc.o
ADC_ExternalTrigConvCmd                           others/stm32f10x_adc.o
ADC_ExternalTrigInjectedConvCmd                   others/stm32f10x_adc.o
ADC_ExternalTrigInjectedConvConfig                others/stm32f10x_adc.o
ADC_GetCalibrationStatus                          others/stm32f10x_adc.o
ADC_GetConversionValue                            others/stm32f10x_adc.o
ADC_GetDualModeConversionValue                    others/stm32f10x_adc.o
ADC_GetFlagStatus                                 others/stm32f10x_adc.o
ADC_GetITStatus                                   others/stm32f10x_adc.o
ADC_GetInjectedConversionValue                    others/stm32f10x_adc.o
ADC_GetResetCalibrationStatus                     others/stm32f10x_adc.o
ADC_GetSoftwareStartConvStatus                    others/stm32f10x_adc.o
ADC_GetSoftwareStartInjectedConvCmdStatus         others/stm32f10x_adc.o
ADC_ITConfig                                      others/stm32f10x_adc.o
ADC_Init                                          others/stm32f10x_adc.o
ADC_InjectedChannelConfig                         others/stm32f10x_adc.o
ADC_InjectedDiscModeCmd                           others/stm32f10x_adc.o
ADC_InjectedSequencerLengthConfig                 others/stm32f10x_adc.o
ADC_RegularChannelConfig                          others/stm32f10x_adc.o
ADC_ResetCalibration                              others/stm32f10x_adc.o
ADC_SetInjectedOffset                             others/stm32f10x_adc.o
ADC_SoftwareStartConvCmd                          others/stm32f10x_adc.o
ADC_SoftwareStartInjectedConvCmd                  others/stm32f10x_adc.o
ADC_StartCalibration                              others/stm32f10x_adc.o
ADC_StructInit                                    others/stm32f10x_adc.o
ADC_TempSensorVrefintCmd                          others/stm32f10x_adc.o
AHBPrescTable                                     others/system_stm32f10x.o
BKP_ClearFlag                                     others/stm32f10x_bkp.o
BKP_ClearITPendingBit                             others/stm32f10x_bkp.o
BKP_DeInit                                        others/stm32f10x_bkp.o
BKP_GetFlagStatus                                 others/stm32f10x_bkp.o
BKP_GetITStatus                                   others/stm32f10x_bkp.o
BKP_ITConfig                                      others/stm32f10x_bkp.o
BKP_RTCOutputConfig                               others/stm32f10x_bkp.o
BKP_ReadBackupRegister                            others/stm32f10x_bkp.o
BKP_SetRTCCalibrationValue                        others/stm32f10x_bkp.o
BKP_TamperPinCmd                                  others/stm32f10x_bkp.o
BKP_TamperPinLevelConfig                          others/stm32f10x_bkp.o
BKP_WriteBackupRegister                           others/stm32f10x_bkp.o
Basic_Tim_Init                                    others/lab_base_tim.o
BusFault_Handler                                  others/stm32f10x_it.o
CAN1_RX1_IRQHandler                               others/startup_stm32f10x_hd.o
CAN1_SCE_IRQHandler                               others/startup_stm32f10x_hd.o
CAN_CancelTransmit                                others/stm32f10x_can.o
CAN_ClearFlag                                     others/stm32f10x_can.o
CAN_ClearITPendingBit                             others/stm32f10x_can.o
CAN_DBGFreeze                                     others/stm32f10x_can.o
CAN_DeInit                                        others/stm32f10x_can.o
CAN_FIFORelease                                   others/stm32f10x_can.o
CAN_FilterInit                                    others/stm32f10x_can.o
CAN_GetFlagStatus                                 others/stm32f10x_can.o
CAN_GetITStatus                                   others/stm32f10x_can.o
CAN_GetLSBTransmitErrorCounter                    others/stm32f10x_can.o
CAN_GetLastErrorCode                              others/stm32f10x_can.o
CAN_GetReceiveErrorCounter                        others/stm32f10x_can.o
CAN_ITConfig                                      others/stm32f10x_can.o
CAN_Init                                          others/stm32f10x_can.o
CAN_MessagePending                                others/stm32f10x_can.o
CAN_OperatingModeRequest                          others/stm32f10x_can.o
CAN_Receive                                       others/stm32f10x_can.o
CAN_SlaveStartBank                                others/stm32f10x_can.o
CAN_Sleep                                         others/stm32f10x_can.o
CAN_StructInit                                    others/stm32f10x_can.o
CAN_TTComModeCmd                                  others/stm32f10x_can.o
CAN_Transmit                                      others/stm32f10x_can.o
CAN_TransmitStatus                                others/stm32f10x_can.o
CAN_WakeUp                                        others/stm32f10x_can.o
CEC_ClearFlag                                     others/stm32f10x_cec.o
CEC_ClearITPendingBit                             others/stm32f10x_cec.o
CEC_Cmd                                           others/stm32f10x_cec.o
CEC_DeInit                                        others/stm32f10x_cec.o
CEC_EndOfMessageCmd                               others/stm32f10x_cec.o
CEC_GetFlagStatus                                 others/stm32f10x_cec.o
CEC_GetITStatus                                   others/stm32f10x_cec.o
CEC_ITConfig                                      others/stm32f10x_cec.o
CEC_Init                                          others/stm32f10x_cec.o
CEC_OwnAddressConfig                              others/stm32f10x_cec.o
CEC_ReceiveDataByte                               others/stm32f10x_cec.o
CEC_SendDataByte                                  others/stm32f10x_cec.o
CEC_SetPrescaler                                  others/stm32f10x_cec.o
CEC_StartOfMessage                                others/stm32f10x_cec.o
CRC_CalcBlockCRC                                  others/stm32f10x_crc.o
CRC_CalcCRC                                       others/stm32f10x_crc.o
CRC_GetCRC                                        others/stm32f10x_crc.o
CRC_GetIDRegister                                 others/stm32f10x_crc.o
CRC_ResetDR                                       others/stm32f10x_crc.o
CRC_SetIDRegister                                 others/stm32f10x_crc.o
DAC_Cmd                                           others/stm32f10x_dac.o
DAC_DMACmd                                        others/stm32f10x_dac.o
DAC_DeInit                                        others/stm32f10x_dac.o
DAC_DualSoftwareTriggerCmd                        others/stm32f10x_dac.o
DAC_GetDataOutputValue                            others/stm32f10x_dac.o
DAC_Init                                          others/stm32f10x_dac.o
DAC_SetChannel1Data                               others/stm32f10x_dac.o
DAC_SetChannel2Data                               others/stm32f10x_dac.o
DAC_SetDualChannelData                            others/stm32f10x_dac.o
DAC_SoftwareTriggerCmd                            others/stm32f10x_dac.o
DAC_StructInit                                    others/stm32f10x_dac.o
DAC_WaveGenerationCmd                             others/stm32f10x_dac.o
DBGMCU_Config                                     others/stm32f10x_dbgmcu.o
DBGMCU_GetDEVID                                   others/stm32f10x_dbgmcu.o
DBGMCU_GetREVID                                   others/stm32f10x_dbgmcu.o
DMA1_Channel1_IRQHandler                          others/startup_stm32f10x_hd.o
DMA1_Channel2_IRQHandler                          others/startup_stm32f10x_hd.o
DMA1_Channel3_IRQHandler                          others/startup_stm32f10x_hd.o
DMA1_Channel4_IRQHandler                          others/startup_stm32f10x_hd.o
DMA1_Channel5_IRQHandler                          others/startup_stm32f10x_hd.o
DMA1_Channel6_IRQHandler                          others/startup_stm32f10x_hd.o
DMA1_Channel7_IRQHandler                          others/startup_stm32f10x_hd.o
DMA2_Channel1_IRQHandler                          others/startup_stm32f10x_hd.o
DMA2_Channel2_IRQHandler                          others/startup_stm32f10x_hd.o
DMA2_Channel3_IRQHandler                          others/startup_stm32f10x_hd.o
DMA2_Channel4_5_IRQHandler                        others/startup_stm32f10x_hd.o
DMA_ClearFlag                                     others/stm32f10x_dma.o
DMA_ClearITPendingBit                             others/stm32f10x_dma.o
DMA_Cmd                                           others/stm32f10x_dma.o
                                                  others/lab_dma.o
DMA_DeInit                                        others/stm32f10x_dma.o
                                                  others/lab_dma.o
DMA_GetCurrDataCounter                            others/stm32f10x_dma.o
DMA_GetFlagStatus                                 others/stm32f10x_dma.o
DMA_GetITStatus                                   others/stm32f10x_dma.o
DMA_ITConfig                                      others/stm32f10x_dma.o
                                                  others/lab_dma.o
DMA_Init                                          others/stm32f10x_dma.o
                                                  others/lab_dma.o
DMA_SetCurrDataCounter                            others/stm32f10x_dma.o
                                                  others/lab_dma.o
DMA_StructInit                                    others/stm32f10x_dma.o
DebugMon_Handler                                  others/stm32f10x_it.o
Default_Handler                                   others/startup_stm32f10x_hd.o
Dma_Rework                                        others/lab_dma.o
Dma_m2m_Init                                      others/lab_dma.o
Dma_m2p_Init                                      others/lab_dma.o
EE_CheckDevice                                    others/lab_i2c_erom.o
EE_ReadBytes                                      others/lab_i2c_erom.o
EE_WaitStandby                                    others/lab_i2c_erom.o
EE_WriteBytes                                     others/lab_i2c_erom.o
EXTI0_IRQHandler                                  others/startup_stm32f10x_hd.o
EXTI15_10_IRQHandler                              others/lab_exti.o
EXTI1_IRQHandler                                  others/startup_stm32f10x_hd.o
EXTI2_IRQHandler                                  others/startup_stm32f10x_hd.o
EXTI3_IRQHandler                                  others/startup_stm32f10x_hd.o
EXTI4_IRQHandler                                  others/startup_stm32f10x_hd.o
EXTI9_5_IRQHandler                                others/lab_exti.o
EXTI_ClearFlag                                    others/stm32f10x_exti.o
EXTI_ClearITPendingBit                            others/stm32f10x_exti.o
                                                  others/lab_exti.o
EXTI_Configuration                                others/lab_exti.o
EXTI_DeInit                                       others/stm32f10x_exti.o
EXTI_GenerateSWInterrupt                          others/stm32f10x_exti.o
EXTI_GetFlagStatus                                others/stm32f10x_exti.o
                                                  others/lab_exti.o
EXTI_GetITStatus                                  others/stm32f10x_exti.o
EXTI_Init                                         others/stm32f10x_exti.o
                                                  others/lab_exti.o
EXTI_StructInit                                   others/stm32f10x_exti.o
FLASH_ClearFlag                                   others/stm32f10x_flash.o
FLASH_EnableWriteProtection                       others/stm32f10x_flash.o
FLASH_EraseAllBank1Pages                          others/stm32f10x_flash.o
FLASH_EraseAllPages                               others/stm32f10x_flash.o
FLASH_EraseOptionBytes                            others/stm32f10x_flash.o
FLASH_ErasePage                                   others/stm32f10x_flash.o
FLASH_GetBank1Status                              others/stm32f10x_flash.o
FLASH_GetFlagStatus                               others/stm32f10x_flash.o
FLASH_GetPrefetchBufferStatus                     others/stm32f10x_flash.o
FLASH_GetReadOutProtectionStatus                  others/stm32f10x_flash.o
FLASH_GetStatus                                   others/stm32f10x_flash.o
FLASH_GetUserOptionByte                           others/stm32f10x_flash.o
FLASH_GetWriteProtectionOptionByte                others/stm32f10x_flash.o
FLASH_HalfCycleAccessCmd                          others/stm32f10x_flash.o
FLASH_IRQHandler                                  others/startup_stm32f10x_hd.o
FLASH_ITConfig                                    others/stm32f10x_flash.o
FLASH_Lock                                        others/stm32f10x_flash.o
FLASH_LockBank1                                   others/stm32f10x_flash.o
FLASH_PrefetchBufferCmd                           others/stm32f10x_flash.o
FLASH_ProgramHalfWord                             others/stm32f10x_flash.o
FLASH_ProgramOptionByteData                       others/stm32f10x_flash.o
FLASH_ProgramWord                                 others/stm32f10x_flash.o
FLASH_ReadOutProtection                           others/stm32f10x_flash.o
FLASH_SetLatency                                  others/stm32f10x_flash.o
FLASH_Unlock                                      others/stm32f10x_flash.o
FLASH_UnlockBank1                                 others/stm32f10x_flash.o
FLASH_UserOptionByteConfig                        others/stm32f10x_flash.o
FLASH_WaitForLastBank1Operation                   others/stm32f10x_flash.o
FLASH_WaitForLastOperation                        others/stm32f10x_flash.o
FSMC_ClearFlag                                    others/stm32f10x_fsmc.o
FSMC_ClearITPendingBit                            others/stm32f10x_fsmc.o
FSMC_GetECC                                       others/stm32f10x_fsmc.o
FSMC_GetFlagStatus                                others/stm32f10x_fsmc.o
FSMC_GetITStatus                                  others/stm32f10x_fsmc.o
FSMC_IRQHandler                                   others/startup_stm32f10x_hd.o
FSMC_ITConfig                                     others/stm32f10x_fsmc.o
FSMC_NANDCmd                                      others/stm32f10x_fsmc.o
FSMC_NANDDeInit                                   others/stm32f10x_fsmc.o
FSMC_NANDECCCmd                                   others/stm32f10x_fsmc.o
FSMC_NANDInit                                     others/stm32f10x_fsmc.o
FSMC_NANDStructInit                               others/stm32f10x_fsmc.o
FSMC_NORSRAMCmd                                   others/stm32f10x_fsmc.o
FSMC_NORSRAMDeInit                                others/stm32f10x_fsmc.o
FSMC_NORSRAMInit                                  others/stm32f10x_fsmc.o
FSMC_NORSRAMStructInit                            others/stm32f10x_fsmc.o
FSMC_PCCARDCmd                                    others/stm32f10x_fsmc.o
FSMC_PCCARDDeInit                                 others/stm32f10x_fsmc.o
FSMC_PCCARDInit                                   others/stm32f10x_fsmc.o
FSMC_PCCARDStructInit                             others/stm32f10x_fsmc.o
GPIO_AFIODeInit                                   others/stm32f10x_gpio.o
GPIO_DeInit                                       others/stm32f10x_gpio.o
GPIO_ETH_MediaInterfaceConfig                     others/stm32f10x_gpio.o
GPIO_EXTILineConfig                               others/stm32f10x_gpio.o
                                                  others/lab_exti.o
GPIO_EventOutputCmd                               others/stm32f10x_gpio.o
GPIO_EventOutputConfig                            others/stm32f10x_gpio.o
GPIO_Init                                         others/stm32f10x_gpio.o
                                                  others/lab_i2c_gpio.o
                                                  others/key.o
                                                  others/lab_usart_simple.o
                                                  others/led.o
                                                  others/lab_tim_oc.o
                                                  others/lab_exti.o
GPIO_PinLockConfig                                others/stm32f10x_gpio.o
GPIO_PinRemapConfig                               others/stm32f10x_gpio.o
GPIO_ReadInputData                                others/stm32f10x_gpio.o
GPIO_ReadInputDataBit                             others/stm32f10x_gpio.o
                                                  others/key.o
GPIO_ReadOutputData                               others/stm32f10x_gpio.o
GPIO_ReadOutputDataBit                            others/stm32f10x_gpio.o
GPIO_ResetBits                                    others/stm32f10x_gpio.o
GPIO_SetBits                                      others/stm32f10x_gpio.o
                                                  others/led.o
GPIO_StructInit                                   others/stm32f10x_gpio.o
GPIO_Write                                        others/stm32f10x_gpio.o
GPIO_WriteBit                                     others/stm32f10x_gpio.o
HardFault_Handler                                 others/stm32f10x_it.o
I2C1_ER_IRQHandler                                others/startup_stm32f10x_hd.o
I2C1_EV_IRQHandler                                others/startup_stm32f10x_hd.o
I2C2_ER_IRQHandler                                others/startup_stm32f10x_hd.o
I2C2_EV_IRQHandler                                others/startup_stm32f10x_hd.o
I2C_ARPCmd                                        others/stm32f10x_i2c.o
I2C_AcknowledgeConfig                             others/stm32f10x_i2c.o
I2C_CalculatePEC                                  others/stm32f10x_i2c.o
I2C_CheckEvent                                    others/stm32f10x_i2c.o
I2C_ClearFlag                                     others/stm32f10x_i2c.o
I2C_ClearITPendingBit                             others/stm32f10x_i2c.o
I2C_Cmd                                           others/stm32f10x_i2c.o
I2C_DMACmd                                        others/stm32f10x_i2c.o
I2C_DMALastTransferCmd                            others/stm32f10x_i2c.o
I2C_DeInit                                        others/stm32f10x_i2c.o
I2C_DualAddressCmd                                others/stm32f10x_i2c.o
I2C_FastModeDutyCycleConfig                       others/stm32f10x_i2c.o
I2C_GeneralCallCmd                                others/stm32f10x_i2c.o
I2C_GenerateSTART                                 others/stm32f10x_i2c.o
I2C_GenerateSTOP                                  others/stm32f10x_i2c.o
I2C_GetFlagStatus                                 others/stm32f10x_i2c.o
I2C_GetITStatus                                   others/stm32f10x_i2c.o
I2C_GetLastEvent                                  others/stm32f10x_i2c.o
I2C_GetPEC                                        others/stm32f10x_i2c.o
I2C_ITConfig                                      others/stm32f10x_i2c.o
I2C_Init                                          others/stm32f10x_i2c.o
I2C_NACKPositionConfig                            others/stm32f10x_i2c.o
I2C_OwnAddress2Config                             others/stm32f10x_i2c.o
I2C_PECPositionConfig                             others/stm32f10x_i2c.o
I2C_ReadRegister                                  others/stm32f10x_i2c.o
I2C_ReceiveData                                   others/stm32f10x_i2c.o
I2C_SMBusAlertConfig                              others/stm32f10x_i2c.o
I2C_Send7bitAddress                               others/stm32f10x_i2c.o
I2C_SendData                                      others/stm32f10x_i2c.o
I2C_SoftwareResetCmd                              others/stm32f10x_i2c.o
I2C_StretchClockCmd                               others/stm32f10x_i2c.o
I2C_StructInit                                    others/stm32f10x_i2c.o
I2C_TransmitPEC                                   others/stm32f10x_i2c.o
I2S_Cmd                                           others/stm32f10x_spi.o
I2S_Init                                          others/stm32f10x_spi.o
I2S_StructInit                                    others/stm32f10x_spi.o
IIC_Ack                                           others/lab_i2c_gpio.o
                                                  others/lab_i2c_erom.o
IIC_GPIO_Init                                     others/lab_i2c_gpio.o
IIC_NAck                                          others/lab_i2c_gpio.o
                                                  others/lab_i2c_erom.o
IIC_ReadByte                                      others/lab_i2c_gpio.o
                                                  others/lab_i2c_erom.o
IIC_SendByte                                      others/lab_i2c_gpio.o
                                                  others/lab_i2c_erom.o
IIC_Start                                         others/lab_i2c_gpio.o
                                                  others/lab_i2c_erom.o
IIC_Stop                                          others/lab_i2c_gpio.o
                                                  others/lab_i2c_erom.o
IIC_WaitAck                                       others/lab_i2c_gpio.o
                                                  others/lab_i2c_erom.o
INTX_DISABLE                                      others/sys.o
INTX_ENABLE                                       others/sys.o
IWDG_Enable                                       others/stm32f10x_iwdg.o
                                                  others/lab_iwdg.o
IWDG_Feed                                         others/lab_iwdg.o
IWDG_GetFlagStatus                                others/stm32f10x_iwdg.o
IWDG_Init                                         others/lab_iwdg.o
IWDG_ReloadCounter                                others/stm32f10x_iwdg.o
                                                  others/lab_iwdg.o
IWDG_SetPrescaler                                 others/stm32f10x_iwdg.o
                                                  others/lab_iwdg.o
IWDG_SetReload                                    others/stm32f10x_iwdg.o
                                                  others/lab_iwdg.o
IWDG_WriteAccessCmd                               others/stm32f10x_iwdg.o
                                                  others/lab_iwdg.o
KeyInit                                           others/key.o
LedInit                                           others/led.o
                                                  others/main.o
MSR_MSP                                           others/sys.o
MemManage_Handler                                 others/stm32f10x_it.o
NMI_Handler                                       others/stm32f10x_it.o
NVIC_DMA_Configuration                            others/lab_dma.o
NVIC_EXTI_Configuration                           others/lab_exti.o
NVIC_Init                                         others/misc.o
                                                  others/lab_wwdg.o
                                                  others/lab_dma.o
                                                  others/lab_base_tim.o
                                                  others/lab_usart_simple.o
                                                  others/lab_exti.o
NVIC_PriorityGroupConfig                          others/misc.o
                                                  others/lab_wwdg.o
                                                  others/lab_dma.o
                                                  others/main.o
NVIC_SetVectorTable                               others/misc.o
NVIC_SystemLPConfig                               others/misc.o
NVIC_USART_Configuration                          others/lab_usart_simple.o
PVD_IRQHandler                                    others/startup_stm32f10x_hd.o
PWR_BackupAccessCmd                               others/stm32f10x_pwr.o
PWR_ClearFlag                                     others/stm32f10x_pwr.o
PWR_DeInit                                        others/stm32f10x_pwr.o
PWR_EnterSTANDBYMode                              others/stm32f10x_pwr.o
PWR_EnterSTOPMode                                 others/stm32f10x_pwr.o
PWR_GetFlagStatus                                 others/stm32f10x_pwr.o
PWR_PVDCmd                                        others/stm32f10x_pwr.o
PWR_PVDLevelConfig                                others/stm32f10x_pwr.o
PWR_WakeUpPinCmd                                  others/stm32f10x_pwr.o
PendSV_Handler                                    others/stm32f10x_it.o
Pwm_Led_Init                                      others/lab_tim_oc.o
RCC_ADCCLKConfig                                  others/stm32f10x_rcc.o
RCC_AHBPeriphClockCmd                             others/stm32f10x_rcc.o
                                                  others/lab_dma.o
RCC_APB1PeriphClockCmd                            others/stm32f10x_rcc.o
                                                  others/lab_wwdg.o
                                                  others/lab_base_tim.o
RCC_APB1PeriphResetCmd                            others/stm32f10x_rcc.o
                                                  others/stm32f10x_dac.o
                                                  others/stm32f10x_can.o
                                                  others/stm32f10x_pwr.o
                                                  others/stm32f10x_i2c.o
                                                  others/stm32f10x_usart.o
                                                  others/stm32f10x_tim.o
                                                  others/stm32f10x_wwdg.o
                                                  others/stm32f10x_cec.o
                                                  others/stm32f10x_spi.o
RCC_APB2PeriphClockCmd                            others/stm32f10x_rcc.o
                                                  others/lab_i2c_gpio.o
                                                  others/key.o
                                                  others/lab_usart_simple.o
                                                  others/led.o
                                                  others/lab_tim_oc.o
                                                  others/lab_exti.o
RCC_APB2PeriphResetCmd                            others/stm32f10x_rcc.o
                                                  others/stm32f10x_usart.o
                                                  others/stm32f10x_tim.o
                                                  others/stm32f10x_adc.o
                                                  others/stm32f10x_spi.o
                                                  others/stm32f10x_gpio.o
RCC_AdjustHSICalibrationValue                     others/stm32f10x_rcc.o
RCC_BackupResetCmd                                others/stm32f10x_rcc.o
                                                  others/stm32f10x_bkp.o
RCC_ClearFlag                                     others/stm32f10x_rcc.o
RCC_ClearITPendingBit                             others/stm32f10x_rcc.o
RCC_ClockSecuritySystemCmd                        others/stm32f10x_rcc.o
RCC_DeInit                                        others/stm32f10x_rcc.o
RCC_GetClocksFreq                                 others/stm32f10x_rcc.o
                                                  others/stm32f10x_i2c.o
                                                  others/stm32f10x_usart.o
                                                  others/stm32f10x_spi.o
RCC_GetFlagStatus                                 others/stm32f10x_rcc.o
RCC_GetITStatus                                   others/stm32f10x_rcc.o
RCC_GetSYSCLKSource                               others/stm32f10x_rcc.o
RCC_HCLKConfig                                    others/stm32f10x_rcc.o
RCC_HSEConfig                                     others/stm32f10x_rcc.o
RCC_HSICmd                                        others/stm32f10x_rcc.o
RCC_IRQHandler                                    others/startup_stm32f10x_hd.o
RCC_ITConfig                                      others/stm32f10x_rcc.o
RCC_LSEConfig                                     others/stm32f10x_rcc.o
RCC_LSICmd                                        others/stm32f10x_rcc.o
RCC_MCOConfig                                     others/stm32f10x_rcc.o
RCC_PCLK1Config                                   others/stm32f10x_rcc.o
RCC_PCLK2Config                                   others/stm32f10x_rcc.o
RCC_PLLCmd                                        others/stm32f10x_rcc.o
RCC_PLLConfig                                     others/stm32f10x_rcc.o
RCC_RTCCLKCmd                                     others/stm32f10x_rcc.o
RCC_RTCCLKConfig                                  others/stm32f10x_rcc.o
RCC_SYSCLKConfig                                  others/stm32f10x_rcc.o
RCC_USBCLKConfig                                  others/stm32f10x_rcc.o
RCC_WaitForHSEStartUp                             others/stm32f10x_rcc.o
RTCAlarm_IRQHandler                               others/startup_stm32f10x_hd.o
RTC_ClearFlag                                     others/stm32f10x_rtc.o
RTC_ClearITPendingBit                             others/stm32f10x_rtc.o
RTC_EnterConfigMode                               others/stm32f10x_rtc.o
RTC_ExitConfigMode                                others/stm32f10x_rtc.o
RTC_GetCounter                                    others/stm32f10x_rtc.o
RTC_GetDivider                                    others/stm32f10x_rtc.o
RTC_GetFlagStatus                                 others/stm32f10x_rtc.o
RTC_GetITStatus                                   others/stm32f10x_rtc.o
RTC_IRQHandler                                    others/startup_stm32f10x_hd.o
RTC_ITConfig                                      others/stm32f10x_rtc.o
RTC_SetAlarm                                      others/stm32f10x_rtc.o
RTC_SetCounter                                    others/stm32f10x_rtc.o
RTC_SetPrescaler                                  others/stm32f10x_rtc.o
RTC_WaitForLastTask                               others/stm32f10x_rtc.o
RTC_WaitForSynchro                                others/stm32f10x_rtc.o
Reset_Handler                                     others/startup_stm32f10x_hd.o
SDIO_CEATAITCmd                                   others/stm32f10x_sdio.o
SDIO_ClearFlag                                    others/stm32f10x_sdio.o
SDIO_ClearITPendingBit                            others/stm32f10x_sdio.o
SDIO_ClockCmd                                     others/stm32f10x_sdio.o
SDIO_CmdStructInit                                others/stm32f10x_sdio.o
SDIO_CommandCompletionCmd                         others/stm32f10x_sdio.o
SDIO_DMACmd                                       others/stm32f10x_sdio.o
SDIO_DataConfig                                   others/stm32f10x_sdio.o
SDIO_DataStructInit                               others/stm32f10x_sdio.o
SDIO_DeInit                                       others/stm32f10x_sdio.o
SDIO_GetCommandResponse                           others/stm32f10x_sdio.o
SDIO_GetDataCounter                               others/stm32f10x_sdio.o
SDIO_GetFIFOCount                                 others/stm32f10x_sdio.o
SDIO_GetFlagStatus                                others/stm32f10x_sdio.o
SDIO_GetITStatus                                  others/stm32f10x_sdio.o
SDIO_GetPowerState                                others/stm32f10x_sdio.o
SDIO_GetResponse                                  others/stm32f10x_sdio.o
SDIO_IRQHandler                                   others/startup_stm32f10x_hd.o
SDIO_ITConfig                                     others/stm32f10x_sdio.o
SDIO_Init                                         others/stm32f10x_sdio.o
SDIO_ReadData                                     others/stm32f10x_sdio.o
SDIO_SendCEATACmd                                 others/stm32f10x_sdio.o
SDIO_SendCommand                                  others/stm32f10x_sdio.o
SDIO_SendSDIOSuspendCmd                           others/stm32f10x_sdio.o
SDIO_SetPowerState                                others/stm32f10x_sdio.o
SDIO_SetSDIOOperation                             others/stm32f10x_sdio.o
SDIO_SetSDIOReadWaitMode                          others/stm32f10x_sdio.o
SDIO_StartSDIOReadWait                            others/stm32f10x_sdio.o
SDIO_StopSDIOReadWait                             others/stm32f10x_sdio.o
SDIO_StructInit                                   others/stm32f10x_sdio.o
SDIO_WriteData                                    others/stm32f10x_sdio.o
SPI1_IRQHandler                                   others/startup_stm32f10x_hd.o
SPI2_IRQHandler                                   others/startup_stm32f10x_hd.o
SPI3_IRQHandler                                   others/startup_stm32f10x_hd.o
SPI_BiDirectionalLineConfig                       others/stm32f10x_spi.o
SPI_CalculateCRC                                  others/stm32f10x_spi.o
SPI_Cmd                                           others/stm32f10x_spi.o
SPI_DataSizeConfig                                others/stm32f10x_spi.o
SPI_GetCRC                                        others/stm32f10x_spi.o
SPI_GetCRCPolynomial                              others/stm32f10x_spi.o
SPI_I2S_ClearFlag                                 others/stm32f10x_spi.o
SPI_I2S_ClearITPendingBit                         others/stm32f10x_spi.o
SPI_I2S_DMACmd                                    others/stm32f10x_spi.o
SPI_I2S_DeInit                                    others/stm32f10x_spi.o
SPI_I2S_GetFlagStatus                             others/stm32f10x_spi.o
SPI_I2S_GetITStatus                               others/stm32f10x_spi.o
SPI_I2S_ITConfig                                  others/stm32f10x_spi.o
SPI_I2S_ReceiveData                               others/stm32f10x_spi.o
SPI_I2S_SendData                                  others/stm32f10x_spi.o
SPI_Init                                          others/stm32f10x_spi.o
SPI_NSSInternalSoftwareConfig                     others/stm32f10x_spi.o
SPI_SSOutputCmd                                   others/stm32f10x_spi.o
SPI_StructInit                                    others/stm32f10x_spi.o
SPI_TransmitCRC                                   others/stm32f10x_spi.o
SVC_Handler                                       others/stm32f10x_it.o
SysTick_CLKSourceConfig                           others/misc.o
                                                  others/delay.o
SysTick_Handler                                   others/stm32f10x_it.o
SystemCoreClock                                   others/system_stm32f10x.o
                                                  others/delay.o
SystemCoreClockUpdate                             others/system_stm32f10x.o
SystemInit                                        others/system_stm32f10x.o
                                                  others/startup_stm32f10x_hd.o
TAMPER_IRQHandler                                 others/startup_stm32f10x_hd.o
TIM1_BRK_IRQHandler                               others/startup_stm32f10x_hd.o
TIM1_CC_IRQHandler                                others/startup_stm32f10x_hd.o
TIM1_TRG_COM_IRQHandler                           others/startup_stm32f10x_hd.o
TIM1_UP_IRQHandler                                others/startup_stm32f10x_hd.o
TIM2_IRQHandler                                   others/startup_stm32f10x_hd.o
TIM3_IRQHandler                                   others/startup_stm32f10x_hd.o
TIM4_IRQHandler                                   others/startup_stm32f10x_hd.o
TIM5_IRQHandler                                   others/startup_stm32f10x_hd.o
TIM6_IRQHandler                                   others/lab_base_tim.o
TIM7_IRQHandler                                   others/startup_stm32f10x_hd.o
TIM8_BRK_IRQHandler                               others/startup_stm32f10x_hd.o
TIM8_CC_IRQHandler                                others/startup_stm32f10x_hd.o
TIM8_TRG_COM_IRQHandler                           others/startup_stm32f10x_hd.o
TIM8_UP_IRQHandler                                others/startup_stm32f10x_hd.o
TIM_ARRPreloadConfig                              others/stm32f10x_tim.o
TIM_BDTRConfig                                    others/stm32f10x_tim.o
TIM_BDTRStructInit                                others/stm32f10x_tim.o
TIM_CCPreloadControl                              others/stm32f10x_tim.o
TIM_CCxCmd                                        others/stm32f10x_tim.o
TIM_CCxNCmd                                       others/stm32f10x_tim.o
TIM_ClearFlag                                     others/stm32f10x_tim.o
                                                  others/lab_base_tim.o
TIM_ClearITPendingBit                             others/stm32f10x_tim.o
                                                  others/lab_base_tim.o
TIM_ClearOC1Ref                                   others/stm32f10x_tim.o
TIM_ClearOC2Ref                                   others/stm32f10x_tim.o
TIM_ClearOC3Ref                                   others/stm32f10x_tim.o
TIM_ClearOC4Ref                                   others/stm32f10x_tim.o
TIM_Cmd                                           others/stm32f10x_tim.o
                                                  others/lab_base_tim.o
                                                  others/lab_tim_oc.o
TIM_CounterModeConfig                             others/stm32f10x_tim.o
TIM_CtrlPWMOutputs                                others/stm32f10x_tim.o
                                                  others/lab_tim_oc.o
TIM_DMACmd                                        others/stm32f10x_tim.o
TIM_DMAConfig                                     others/stm32f10x_tim.o
TIM_DeInit                                        others/stm32f10x_tim.o
TIM_ETRClockMode1Config                           others/stm32f10x_tim.o
TIM_ETRClockMode2Config                           others/stm32f10x_tim.o
TIM_ETRConfig                                     others/stm32f10x_tim.o
TIM_EncoderInterfaceConfig                        others/stm32f10x_tim.o
TIM_ForcedOC1Config                               others/stm32f10x_tim.o
TIM_ForcedOC2Config                               others/stm32f10x_tim.o
TIM_ForcedOC3Config                               others/stm32f10x_tim.o
TIM_ForcedOC4Config                               others/stm32f10x_tim.o
TIM_GenerateEvent                                 others/stm32f10x_tim.o
TIM_GetCapture1                                   others/stm32f10x_tim.o
TIM_GetCapture2                                   others/stm32f10x_tim.o
TIM_GetCapture3                                   others/stm32f10x_tim.o
TIM_GetCapture4                                   others/stm32f10x_tim.o
TIM_GetCounter                                    others/stm32f10x_tim.o
TIM_GetFlagStatus                                 others/stm32f10x_tim.o
TIM_GetITStatus                                   others/stm32f10x_tim.o
TIM_GetPrescaler                                  others/stm32f10x_tim.o
TIM_ICInit                                        others/stm32f10x_tim.o
TIM_ICStructInit                                  others/stm32f10x_tim.o
TIM_ITConfig                                      others/stm32f10x_tim.o
                                                  others/lab_base_tim.o
TIM_ITRxExternalClockConfig                       others/stm32f10x_tim.o
TIM_InternalClockConfig                           others/stm32f10x_tim.o
TIM_OC1FastConfig                                 others/stm32f10x_tim.o
TIM_OC1Init                                       others/stm32f10x_tim.o
                                                  others/lab_tim_oc.o
TIM_OC1NPolarityConfig                            others/stm32f10x_tim.o
TIM_OC1PolarityConfig                             others/stm32f10x_tim.o
TIM_OC1PreloadConfig                              others/stm32f10x_tim.o
TIM_OC2FastConfig                                 others/stm32f10x_tim.o
TIM_OC2Init                                       others/stm32f10x_tim.o
TIM_OC2NPolarityConfig                            others/stm32f10x_tim.o
TIM_OC2PolarityConfig                             others/stm32f10x_tim.o
TIM_OC2PreloadConfig                              others/stm32f10x_tim.o
TIM_OC3FastConfig                                 others/stm32f10x_tim.o
TIM_OC3Init                                       others/stm32f10x_tim.o
TIM_OC3NPolarityConfig                            others/stm32f10x_tim.o
TIM_OC3PolarityConfig                             others/stm32f10x_tim.o
TIM_OC3PreloadConfig                              others/stm32f10x_tim.o
TIM_OC4FastConfig                                 others/stm32f10x_tim.o
TIM_OC4Init                                       others/stm32f10x_tim.o
TIM_OC4PolarityConfig                             others/stm32f10x_tim.o
TIM_OC4PreloadConfig                              others/stm32f10x_tim.o
TIM_OCStructInit                                  others/stm32f10x_tim.o
                                                  others/lab_tim_oc.o
TIM_PWMIConfig                                    others/stm32f10x_tim.o
TIM_PrescalerConfig                               others/stm32f10x_tim.o
TIM_SelectCCDMA                                   others/stm32f10x_tim.o
TIM_SelectCOM                                     others/stm32f10x_tim.o
TIM_SelectHallSensor                              others/stm32f10x_tim.o
TIM_SelectInputTrigger                            others/stm32f10x_tim.o
TIM_SelectMasterSlaveMode                         others/stm32f10x_tim.o
TIM_SelectOCxM                                    others/stm32f10x_tim.o
TIM_SelectOnePulseMode                            others/stm32f10x_tim.o
TIM_SelectOutputTrigger                           others/stm32f10x_tim.o
TIM_SelectSlaveMode                               others/stm32f10x_tim.o
TIM_SetAutoreload                                 others/stm32f10x_tim.o
TIM_SetClockDivision                              others/stm32f10x_tim.o
TIM_SetCompare1                                   others/stm32f10x_tim.o
TIM_SetCompare2                                   others/stm32f10x_tim.o
TIM_SetCompare3                                   others/stm32f10x_tim.o
TIM_SetCompare4                                   others/stm32f10x_tim.o
TIM_SetCounter                                    others/stm32f10x_tim.o
TIM_SetIC1Prescaler                               others/stm32f10x_tim.o
TIM_SetIC2Prescaler                               others/stm32f10x_tim.o
TIM_SetIC3Prescaler                               others/stm32f10x_tim.o
TIM_SetIC4Prescaler                               others/stm32f10x_tim.o
TIM_TIxExternalClockConfig                        others/stm32f10x_tim.o
TIM_TimeBaseInit                                  others/stm32f10x_tim.o
                                                  others/lab_base_tim.o
                                                  others/lab_tim_oc.o
TIM_TimeBaseStructInit                            others/stm32f10x_tim.o
TIM_UpdateDisableConfig                           others/stm32f10x_tim.o
TIM_UpdateRequestConfig                           others/stm32f10x_tim.o
UART4_IRQHandler                                  others/startup_stm32f10x_hd.o
UART5_IRQHandler                                  others/startup_stm32f10x_hd.o
USART1_IRQHandler                                 others/lab_usart_simple.o
USART2_IRQHandler                                 others/startup_stm32f10x_hd.o
USART3_IRQHandler                                 others/startup_stm32f10x_hd.o
USART_ClearFlag                                   others/stm32f10x_usart.o
USART_ClearITPendingBit                           others/stm32f10x_usart.o
                                                  others/lab_usart_simple.o
USART_ClockInit                                   others/stm32f10x_usart.o
USART_ClockStructInit                             others/stm32f10x_usart.o
USART_Cmd                                         others/stm32f10x_usart.o
                                                  others/lab_usart_simple.o
USART_DMACmd                                      others/stm32f10x_usart.o
                                                  others/lab_dma.o
USART_DeInit                                      others/stm32f10x_usart.o
USART_GetFlagStatus                               others/stm32f10x_usart.o
                                                  others/lab_usart_simple.o
                                                  others/syscalls.o
USART_GetITStatus                                 others/stm32f10x_usart.o
                                                  others/lab_usart_simple.o
USART_HalfDuplexCmd                               others/stm32f10x_usart.o
USART_ITConfig                                    others/stm32f10x_usart.o
                                                  others/lab_usart_simple.o
USART_Init                                        others/stm32f10x_usart.o
                                                  others/lab_usart_simple.o
USART_IrDACmd                                     others/stm32f10x_usart.o
USART_IrDAConfig                                  others/stm32f10x_usart.o
USART_LINBreakDetectLengthConfig                  others/stm32f10x_usart.o
USART_LINCmd                                      others/stm32f10x_usart.o
USART_OneBitMethodCmd                             others/stm32f10x_usart.o
USART_OverSampling8Cmd                            others/stm32f10x_usart.o
USART_ReceiveData                                 others/stm32f10x_usart.o
                                                  others/syscalls.o
USART_ReceiverWakeUpCmd                           others/stm32f10x_usart.o
USART_SendBreak                                   others/stm32f10x_usart.o
USART_SendData                                    others/stm32f10x_usart.o
                                                  others/lab_usart_simple.o
                                                  others/syscalls.o
USART_SetAddress                                  others/stm32f10x_usart.o
USART_SetGuardTime                                others/stm32f10x_usart.o
USART_SetPrescaler                                others/stm32f10x_usart.o
USART_SmartCardCmd                                others/stm32f10x_usart.o
USART_SmartCardNACKCmd                            others/stm32f10x_usart.o
USART_StructInit                                  others/stm32f10x_usart.o
USART_WakeUpConfig                                others/stm32f10x_usart.o
USBWakeUp_IRQHandler                              others/startup_stm32f10x_hd.o
USB_HP_CAN1_TX_IRQHandler                         others/startup_stm32f10x_hd.o
USB_LP_CAN1_RX0_IRQHandler                        others/startup_stm32f10x_hd.o
Uart_Init                                         others/lab_usart_simple.o
                                                  others/main.o
UsageFault_Handler                                others/stm32f10x_it.o
Usart_SendByte                                    others/lab_usart_simple.o
Usart_SendString                                  others/lab_usart_simple.o
WFI_SET                                           others/sys.o
WWDG_ClearFlag                                    others/stm32f10x_wwdg.o
                                                  others/lab_wwdg.o
WWDG_DeInit                                       others/stm32f10x_wwdg.o
WWDG_Enable                                       others/stm32f10x_wwdg.o
                                                  others/lab_wwdg.o
WWDG_EnableIT                                     others/stm32f10x_wwdg.o
                                                  others/lab_wwdg.o
WWDG_GetFlagStatus                                others/stm32f10x_wwdg.o
WWDG_IRQHandler                                   others/lab_wwdg.o
WWDG_Init                                         others/lab_wwdg.o
WWDG_SetCounter                                   others/stm32f10x_wwdg.o
                                                  others/lab_wwdg.o
WWDG_SetPrescaler                                 others/stm32f10x_wwdg.o
                                                  others/lab_wwdg.o
WWDG_SetWindowValue                               others/stm32f10x_wwdg.o
                                                  others/lab_wwdg.o
_Balloc                                           D:/Software/Compiler/gcc-arm-none-eabi/bin/../lib/gcc/arm-none-eabi/14.3.1/../../../../arm-none-eabi/lib/thumb/v7-m/nofp\libc.a(libc_a-mprec.o)
                                                  D:/Software/Compiler/gcc-arm-none-eabi/bin/../lib/gcc/arm-none-eabi/14.3.1/../../../../arm-none-eabi/lib/thumb/v7-m/nofp\libc.a(libc_a-dtoa.o)
_Bfree                                            D:/Software/Compiler/gcc-arm-none-eabi/bin/../lib/gcc/arm-none-eabi/14.3.1/../../../../arm-none-eabi/lib/thumb/v7-m/nofp\libc.a(libc_a-mprec.o)
                                                  D:/Software/Compiler/gcc-arm-none-eabi/bin/../lib/gcc/arm-none-eabi/14.3.1/../../../../arm-none-eabi/lib/thumb/v7-m/nofp\libc.a(libc_a-dtoa.o)
_ITM_deregisterTMCloneTable                       D:/Software/Compiler/gcc-arm-none-eabi/bin/../lib/gcc/arm-none-eabi/14.3.1/thumb/v7-m/nofp/crtbegin.o
_ITM_registerTMCloneTable                         D:/Software/Compiler/gcc-arm-none-eabi/bin/../lib/gcc/arm-none-eabi/14.3.1/thumb/v7-m/nofp/crtbegin.o
_PathLocale                                       D:/Software/Compiler/gcc-arm-none-eabi/bin/../lib/gcc/arm-none-eabi/14.3.1/../../../../arm-none-eabi/lib/thumb/v7-m/nofp\libc.a(libc_a-locale.o)
__C_locale                                        D:/Software/Compiler/gcc-arm-none-eabi/bin/../lib/gcc/arm-none-eabi/14.3.1/../../../../arm-none-eabi/lib/thumb/v7-m/nofp\libc.a(libc_a-locale.o)
__LDREXB                                          others/core_cm3.o
__LDREXH                                          others/core_cm3.o
__LDREXW                                          others/core_cm3.o
__RBIT                                            others/core_cm3.o
__REV                                             others/core_cm3.o
__REV16                                           others/core_cm3.o
__REVSH                                           others/core_cm3.o
__STREXB                                          others/core_cm3.o
__STREXH                                          others/core_cm3.o
__STREXW                                          others/core_cm3.o
__TMC_END__                                       D:/Software/Compiler/gcc-arm-none-eabi/bin/../lib/gcc/arm-none-eabi/14.3.1/thumb/v7-m/nofp/crtend.o
                                                  D:/Software/Compiler/gcc-arm-none-eabi/bin/../lib/gcc/arm-none-eabi/14.3.1/thumb/v7-m/nofp/crtbegin.o
__adddf3                                          D:/Software/Compiler/gcc-arm-none-eabi/bin/../lib/gcc/arm-none-eabi/14.3.1/thumb/v7-m/nofp\libgcc.a(_arm_addsubdf3.o)
__aeabi_cdcmpeq                                   D:/Software/Compiler/gcc-arm-none-eabi/bin/../lib/gcc/arm-none-eabi/14.3.1/thumb/v7-m/nofp\libgcc.a(_arm_cmpdf2.o)
__aeabi_cdcmple                                   D:/Software/Compiler/gcc-arm-none-eabi/bin/../lib/gcc/arm-none-eabi/14.3.1/thumb/v7-m/nofp\libgcc.a(_arm_cmpdf2.o)
__aeabi_cdrcmple                                  D:/Software/Compiler/gcc-arm-none-eabi/bin/../lib/gcc/arm-none-eabi/14.3.1/thumb/v7-m/nofp\libgcc.a(_arm_cmpdf2.o)
__aeabi_d2iz                                      D:/Software/Compiler/gcc-arm-none-eabi/bin/../lib/gcc/arm-none-eabi/14.3.1/thumb/v7-m/nofp\libgcc.a(_arm_fixdfsi.o)
                                                  D:/Software/Compiler/gcc-arm-none-eabi/bin/../lib/gcc/arm-none-eabi/14.3.1/../../../../arm-none-eabi/lib/thumb/v7-m/nofp\libc.a(libc_a-dtoa.o)
                                                  D:/Software/Compiler/gcc-arm-none-eabi/bin/../lib/gcc/arm-none-eabi/14.3.1/../../../../arm-none-eabi/lib/thumb/v7-m/nofp\libc.a(libc_a-vfprintf.o)
__aeabi_dadd                                      D:/Software/Compiler/gcc-arm-none-eabi/bin/../lib/gcc/arm-none-eabi/14.3.1/thumb/v7-m/nofp\libgcc.a(_arm_addsubdf3.o)
                                                  D:/Software/Compiler/gcc-arm-none-eabi/bin/../lib/gcc/arm-none-eabi/14.3.1/../../../../arm-none-eabi/lib/thumb/v7-m/nofp\libc.a(libc_a-dtoa.o)
__aeabi_dcmpeq                                    D:/Software/Compiler/gcc-arm-none-eabi/bin/../lib/gcc/arm-none-eabi/14.3.1/thumb/v7-m/nofp\libgcc.a(_arm_cmpdf2.o)
                                                  D:/Software/Compiler/gcc-arm-none-eabi/bin/../lib/gcc/arm-none-eabi/14.3.1/../../../../arm-none-eabi/lib/thumb/v7-m/nofp\libc.a(libc_a-dtoa.o)
                                                  D:/Software/Compiler/gcc-arm-none-eabi/bin/../lib/gcc/arm-none-eabi/14.3.1/../../../../arm-none-eabi/lib/thumb/v7-m/nofp\libc.a(libc_a-vfprintf.o)
__aeabi_dcmpge                                    D:/Software/Compiler/gcc-arm-none-eabi/bin/../lib/gcc/arm-none-eabi/14.3.1/thumb/v7-m/nofp\libgcc.a(_arm_cmpdf2.o)
__aeabi_dcmpgt                                    D:/Software/Compiler/gcc-arm-none-eabi/bin/../lib/gcc/arm-none-eabi/14.3.1/thumb/v7-m/nofp\libgcc.a(_arm_cmpdf2.o)
                                                  D:/Software/Compiler/gcc-arm-none-eabi/bin/../lib/gcc/arm-none-eabi/14.3.1/../../../../arm-none-eabi/lib/thumb/v7-m/nofp\libc.a(libc_a-dtoa.o)
                                                  D:/Software/Compiler/gcc-arm-none-eabi/bin/../lib/gcc/arm-none-eabi/14.3.1/../../../../arm-none-eabi/lib/thumb/v7-m/nofp\libc.a(libc_a-vfprintf.o)
__aeabi_dcmple                                    D:/Software/Compiler/gcc-arm-none-eabi/bin/../lib/gcc/arm-none-eabi/14.3.1/thumb/v7-m/nofp\libgcc.a(_arm_cmpdf2.o)
                                                  D:/Software/Compiler/gcc-arm-none-eabi/bin/../lib/gcc/arm-none-eabi/14.3.1/../../../../arm-none-eabi/lib/thumb/v7-m/nofp\libc.a(libc_a-dtoa.o)
                                                  D:/Software/Compiler/gcc-arm-none-eabi/bin/../lib/gcc/arm-none-eabi/14.3.1/../../../../arm-none-eabi/lib/thumb/v7-m/nofp\libc.a(libc_a-vfprintf.o)
__aeabi_dcmplt                                    D:/Software/Compiler/gcc-arm-none-eabi/bin/../lib/gcc/arm-none-eabi/14.3.1/thumb/v7-m/nofp\libgcc.a(_arm_cmpdf2.o)
                                                  D:/Software/Compiler/gcc-arm-none-eabi/bin/../lib/gcc/arm-none-eabi/14.3.1/../../../../arm-none-eabi/lib/thumb/v7-m/nofp\libc.a(libc_a-dtoa.o)
                                                  D:/Software/Compiler/gcc-arm-none-eabi/bin/../lib/gcc/arm-none-eabi/14.3.1/../../../../arm-none-eabi/lib/thumb/v7-m/nofp\libc.a(libc_a-vfprintf.o)
__aeabi_dcmpun                                    D:/Software/Compiler/gcc-arm-none-eabi/bin/../lib/gcc/arm-none-eabi/14.3.1/thumb/v7-m/nofp\libgcc.a(_arm_unorddf2.o)
                                                  D:/Software/Compiler/gcc-arm-none-eabi/bin/../lib/gcc/arm-none-eabi/14.3.1/../../../../arm-none-eabi/lib/thumb/v7-m/nofp\libc.a(libc_a-vfprintf.o)
__aeabi_ddiv                                      D:/Software/Compiler/gcc-arm-none-eabi/bin/../lib/gcc/arm-none-eabi/14.3.1/thumb/v7-m/nofp\libgcc.a(_arm_muldivdf3.o)
                                                  D:/Software/Compiler/gcc-arm-none-eabi/bin/../lib/gcc/arm-none-eabi/14.3.1/../../../../arm-none-eabi/lib/thumb/v7-m/nofp\libc.a(libc_a-mprec.o)
                                                  D:/Software/Compiler/gcc-arm-none-eabi/bin/../lib/gcc/arm-none-eabi/14.3.1/../../../../arm-none-eabi/lib/thumb/v7-m/nofp\libc.a(libc_a-dtoa.o)
__aeabi_dmul                                      D:/Software/Compiler/gcc-arm-none-eabi/bin/../lib/gcc/arm-none-eabi/14.3.1/thumb/v7-m/nofp\libgcc.a(_arm_muldivdf3.o)
                                                  D:/Software/Compiler/gcc-arm-none-eabi/bin/../lib/gcc/arm-none-eabi/14.3.1/thumb/v7-m/nofp\libgcc.a(_arm_muldf3.o)
                                                  D:/Software/Compiler/gcc-arm-none-eabi/bin/../lib/gcc/arm-none-eabi/14.3.1/../../../../arm-none-eabi/lib/thumb/v7-m/nofp\libc.a(libc_a-mprec.o)
                                                  D:/Software/Compiler/gcc-arm-none-eabi/bin/../lib/gcc/arm-none-eabi/14.3.1/../../../../arm-none-eabi/lib/thumb/v7-m/nofp\libc.a(libc_a-dtoa.o)
                                                  D:/Software/Compiler/gcc-arm-none-eabi/bin/../lib/gcc/arm-none-eabi/14.3.1/../../../../arm-none-eabi/lib/thumb/v7-m/nofp\libc.a(libm_a-s_frexp.o)
                                                  D:/Software/Compiler/gcc-arm-none-eabi/bin/../lib/gcc/arm-none-eabi/14.3.1/../../../../arm-none-eabi/lib/thumb/v7-m/nofp\libc.a(libc_a-vfprintf.o)
__aeabi_drsub                                     D:/Software/Compiler/gcc-arm-none-eabi/bin/../lib/gcc/arm-none-eabi/14.3.1/thumb/v7-m/nofp\libgcc.a(_arm_addsubdf3.o)
__aeabi_dsub                                      D:/Software/Compiler/gcc-arm-none-eabi/bin/../lib/gcc/arm-none-eabi/14.3.1/thumb/v7-m/nofp\libgcc.a(_arm_addsubdf3.o)
                                                  D:/Software/Compiler/gcc-arm-none-eabi/bin/../lib/gcc/arm-none-eabi/14.3.1/../../../../arm-none-eabi/lib/thumb/v7-m/nofp\libc.a(libc_a-dtoa.o)
                                                  D:/Software/Compiler/gcc-arm-none-eabi/bin/../lib/gcc/arm-none-eabi/14.3.1/../../../../arm-none-eabi/lib/thumb/v7-m/nofp\libc.a(libc_a-vfprintf.o)
__aeabi_f2d                                       D:/Software/Compiler/gcc-arm-none-eabi/bin/../lib/gcc/arm-none-eabi/14.3.1/thumb/v7-m/nofp\libgcc.a(_arm_addsubdf3.o)
__aeabi_i2d                                       D:/Software/Compiler/gcc-arm-none-eabi/bin/../lib/gcc/arm-none-eabi/14.3.1/thumb/v7-m/nofp\libgcc.a(_arm_addsubdf3.o)
                                                  D:/Software/Compiler/gcc-arm-none-eabi/bin/../lib/gcc/arm-none-eabi/14.3.1/../../../../arm-none-eabi/lib/thumb/v7-m/nofp\libc.a(libc_a-dtoa.o)
                                                  D:/Software/Compiler/gcc-arm-none-eabi/bin/../lib/gcc/arm-none-eabi/14.3.1/../../../../arm-none-eabi/lib/thumb/v7-m/nofp\libc.a(libc_a-vfprintf.o)
__aeabi_l2d                                       D:/Software/Compiler/gcc-arm-none-eabi/bin/../lib/gcc/arm-none-eabi/14.3.1/thumb/v7-m/nofp\libgcc.a(_arm_addsubdf3.o)
__aeabi_ui2d                                      D:/Software/Compiler/gcc-arm-none-eabi/bin/../lib/gcc/arm-none-eabi/14.3.1/thumb/v7-m/nofp\libgcc.a(_arm_addsubdf3.o)
                                                  D:/Software/Compiler/gcc-arm-none-eabi/bin/../lib/gcc/arm-none-eabi/14.3.1/../../../../arm-none-eabi/lib/thumb/v7-m/nofp\libc.a(libc_a-dtoa.o)
__aeabi_ul2d                                      D:/Software/Compiler/gcc-arm-none-eabi/bin/../lib/gcc/arm-none-eabi/14.3.1/thumb/v7-m/nofp\libgcc.a(_arm_addsubdf3.o)
__any_on                                          D:/Software/Compiler/gcc-arm-none-eabi/bin/../lib/gcc/arm-none-eabi/14.3.1/../../../../arm-none-eabi/lib/thumb/v7-m/nofp\libc.a(libc_a-mprec.o)
__ascii_mbtowc                                    D:/Software/Compiler/gcc-arm-none-eabi/bin/../lib/gcc/arm-none-eabi/14.3.1/../../../../arm-none-eabi/lib/thumb/v7-m/nofp\libc.a(libc_a-mbtowc_r.o)
                                                  D:/Software/Compiler/gcc-arm-none-eabi/bin/../lib/gcc/arm-none-eabi/14.3.1/../../../../arm-none-eabi/lib/thumb/v7-m/nofp\libc.a(libc_a-locale.o)
__ascii_wctomb                                    D:/Software/Compiler/gcc-arm-none-eabi/bin/../lib/gcc/arm-none-eabi/14.3.1/../../../../arm-none-eabi/lib/thumb/v7-m/nofp\libc.a(libc_a-wctomb_r.o)
                                                  D:/Software/Compiler/gcc-arm-none-eabi/bin/../lib/gcc/arm-none-eabi/14.3.1/../../../../arm-none-eabi/lib/thumb/v7-m/nofp\libc.a(libc_a-locale.o)
__assert                                          D:/Software/Compiler/gcc-arm-none-eabi/bin/../lib/gcc/arm-none-eabi/14.3.1/../../../../arm-none-eabi/lib/thumb/v7-m/nofp\libc.a(libc_a-assert.o)
__assert_func                                     D:/Software/Compiler/gcc-arm-none-eabi/bin/../lib/gcc/arm-none-eabi/14.3.1/../../../../arm-none-eabi/lib/thumb/v7-m/nofp\libc.a(libc_a-assert.o)
                                                  D:/Software/Compiler/gcc-arm-none-eabi/bin/../lib/gcc/arm-none-eabi/14.3.1/../../../../arm-none-eabi/lib/thumb/v7-m/nofp\libc.a(libc_a-mprec.o)
                                                  D:/Software/Compiler/gcc-arm-none-eabi/bin/../lib/gcc/arm-none-eabi/14.3.1/../../../../arm-none-eabi/lib/thumb/v7-m/nofp\libc.a(libc_a-dtoa.o)
__atexit                                          D:/Software/Compiler/gcc-arm-none-eabi/bin/../lib/gcc/arm-none-eabi/14.3.1/../../../../arm-none-eabi/lib/thumb/v7-m/nofp\libc.a(libc_a-__call_atexit.o)
                                                  D:/Software/Compiler/gcc-arm-none-eabi/bin/../lib/gcc/arm-none-eabi/14.3.1/../../../../arm-none-eabi/lib/thumb/v7-m/nofp\libc.a(libc_a-__atexit.o)
__atexit0                                         D:/Software/Compiler/gcc-arm-none-eabi/bin/../lib/gcc/arm-none-eabi/14.3.1/../../../../arm-none-eabi/lib/thumb/v7-m/nofp\libc.a(libc_a-__atexit.o)
__atexit_recursive_mutex                          D:/Software/Compiler/gcc-arm-none-eabi/bin/../lib/gcc/arm-none-eabi/14.3.1/../../../../arm-none-eabi/lib/thumb/v7-m/nofp\libc.a(libc_a-__call_atexit.o)
                                                  D:/Software/Compiler/gcc-arm-none-eabi/bin/../lib/gcc/arm-none-eabi/14.3.1/../../../../arm-none-eabi/lib/thumb/v7-m/nofp\libc.a(libc_a-__atexit.o)
__b2d                                             D:/Software/Compiler/gcc-arm-none-eabi/bin/../lib/gcc/arm-none-eabi/14.3.1/../../../../arm-none-eabi/lib/thumb/v7-m/nofp\libc.a(libc_a-mprec.o)
__bss_end__                                       D:/Software/Compiler/gcc-arm-none-eabi/bin/../lib/gcc/arm-none-eabi/14.3.1/../../../../arm-none-eabi/lib/thumb/v7-m/nofp/crt0.o
__bss_start__                                     D:/Software/Compiler/gcc-arm-none-eabi/bin/../lib/gcc/arm-none-eabi/14.3.1/../../../../arm-none-eabi/lib/thumb/v7-m/nofp/crt0.o
__call_exitprocs                                  D:/Software/Compiler/gcc-arm-none-eabi/bin/../lib/gcc/arm-none-eabi/14.3.1/../../../../arm-none-eabi/lib/thumb/v7-m/nofp\libc.a(libc_a-__call_atexit.o)
                                                  D:/Software/Compiler/gcc-arm-none-eabi/bin/../lib/gcc/arm-none-eabi/14.3.1/../../../../arm-none-eabi/lib/thumb/v7-m/nofp\libc.a(libc_a-exit.o)
__cmpdf2                                          D:/Software/Compiler/gcc-arm-none-eabi/bin/../lib/gcc/arm-none-eabi/14.3.1/thumb/v7-m/nofp\libgcc.a(_arm_cmpdf2.o)
__copybits                                        D:/Software/Compiler/gcc-arm-none-eabi/bin/../lib/gcc/arm-none-eabi/14.3.1/../../../../arm-none-eabi/lib/thumb/v7-m/nofp\libc.a(libc_a-mprec.o)
__currentlocale                                   D:/Software/Compiler/gcc-arm-none-eabi/bin/../lib/gcc/arm-none-eabi/14.3.1/../../../../arm-none-eabi/lib/thumb/v7-m/nofp\libc.a(libc_a-locale.o)
__d2b                                             D:/Software/Compiler/gcc-arm-none-eabi/bin/../lib/gcc/arm-none-eabi/14.3.1/../../../../arm-none-eabi/lib/thumb/v7-m/nofp\libc.a(libc_a-mprec.o)
                                                  D:/Software/Compiler/gcc-arm-none-eabi/bin/../lib/gcc/arm-none-eabi/14.3.1/../../../../arm-none-eabi/lib/thumb/v7-m/nofp\libc.a(libc_a-dtoa.o)
__default_locale                                  D:/Software/Compiler/gcc-arm-none-eabi/bin/../lib/gcc/arm-none-eabi/14.3.1/../../../../arm-none-eabi/lib/thumb/v7-m/nofp\libc.a(libc_a-locale.o)
__deregister_frame_info                           D:/Software/Compiler/gcc-arm-none-eabi/bin/../lib/gcc/arm-none-eabi/14.3.1/thumb/v7-m/nofp/crtbegin.o
__divdf3                                          D:/Software/Compiler/gcc-arm-none-eabi/bin/../lib/gcc/arm-none-eabi/14.3.1/thumb/v7-m/nofp\libgcc.a(_arm_muldivdf3.o)
__dso_handle                                      D:/Software/Compiler/gcc-arm-none-eabi/bin/../lib/gcc/arm-none-eabi/14.3.1/thumb/v7-m/nofp/crtbegin.o
__env_lock                                        D:/Software/Compiler/gcc-arm-none-eabi/bin/../lib/gcc/arm-none-eabi/14.3.1/../../../../arm-none-eabi/lib/thumb/v7-m/nofp\libc.a(libc_a-envlock.o)
                                                  D:/Software/Compiler/gcc-arm-none-eabi/bin/../lib/gcc/arm-none-eabi/14.3.1/../../../../arm-none-eabi/lib/thumb/v7-m/nofp\libc.a(libc_a-getenv_r.o)
__env_unlock                                      D:/Software/Compiler/gcc-arm-none-eabi/bin/../lib/gcc/arm-none-eabi/14.3.1/../../../../arm-none-eabi/lib/thumb/v7-m/nofp\libc.a(libc_a-envlock.o)