Archive member included to satisfy reference by file (symbol)

d:/mingw x86_64/gcc-arm-none-eabi-10.3-2021.10-win32/bin/../lib/gcc/arm-none-eabi/10.3.1/../../../../arm-none-eabi/lib/thumb/v7-m/nofp\libc.a(lib_a-errno.o)
                              others/syscalls.o (__errno)
d:/mingw x86_64/gcc-arm-none-eabi-10.3-2021.10-win32/bin/../lib/gcc/arm-none-eabi/10.3.1/../../../../arm-none-eabi/lib/thumb/v7-m/nofp\libc.a(lib_a-exit.o)
                              d:/mingw x86_64/gcc-arm-none-eabi-10.3-2021.10-win32/bin/../lib/gcc/arm-none-eabi/10.3.1/../../../../arm-none-eabi/lib/thumb/v7-m/nofp/crt0.o (exit)
d:/mingw x86_64/gcc-arm-none-eabi-10.3-2021.10-win32/bin/../lib/gcc/arm-none-eabi/10.3.1/../../../../arm-none-eabi/lib/thumb/v7-m/nofp\libc.a(lib_a-impure.o)
                              d:/mingw x86_64/gcc-arm-none-eabi-10.3-2021.10-win32/bin/../lib/gcc/arm-none-eabi/10.3.1/../../../../arm-none-eabi/lib/thumb/v7-m/nofp\libc.a(lib_a-exit.o) (_global_impure_ptr)
d:/mingw x86_64/gcc-arm-none-eabi-10.3-2021.10-win32/bin/../lib/gcc/arm-none-eabi/10.3.1/../../../../arm-none-eabi/lib/thumb/v7-m/nofp\libc.a(lib_a-init.o)
                              d:/mingw x86_64/gcc-arm-none-eabi-10.3-2021.10-win32/bin/../lib/gcc/arm-none-eabi/10.3.1/../../../../arm-none-eabi/lib/thumb/v7-m/nofp/crt0.o (__libc_init_array)
d:/mingw x86_64/gcc-arm-none-eabi-10.3-2021.10-win32/bin/../lib/gcc/arm-none-eabi/10.3.1/../../../../arm-none-eabi/lib/thumb/v7-m/nofp\libc.a(lib_a-memset.o)
                              d:/mingw x86_64/gcc-arm-none-eabi-10.3-2021.10-win32/bin/../lib/gcc/arm-none-eabi/10.3.1/../../../../arm-none-eabi/lib/thumb/v7-m/nofp/crt0.o (memset)
d:/mingw x86_64/gcc-arm-none-eabi-10.3-2021.10-win32/bin/../lib/gcc/arm-none-eabi/10.3.1/../../../../arm-none-eabi/lib/thumb/v7-m/nofp\libc.a(lib_a-puts.o)
                              others/lab_dma.o (puts)
d:/mingw x86_64/gcc-arm-none-eabi-10.3-2021.10-win32/bin/../lib/gcc/arm-none-eabi/10.3.1/../../../../arm-none-eabi/lib/thumb/v7-m/nofp\libc.a(lib_a-strlen-stub.o)
                              d:/mingw x86_64/gcc-arm-none-eabi-10.3-2021.10-win32/bin/../lib/gcc/arm-none-eabi/10.3.1/../../../../arm-none-eabi/lib/thumb/v7-m/nofp\libc.a(lib_a-puts.o) (strlen)
d:/mingw x86_64/gcc-arm-none-eabi-10.3-2021.10-win32/bin/../lib/gcc/arm-none-eabi/10.3.1/../../../../arm-none-eabi/lib/thumb/v7-m/nofp\libc.a(lib_a-__call_atexit.o)
                              d:/mingw x86_64/gcc-arm-none-eabi-10.3-2021.10-win32/bin/../lib/gcc/arm-none-eabi/10.3.1/../../../../arm-none-eabi/lib/thumb/v7-m/nofp\libc.a(lib_a-exit.o) (__call_exitprocs)
d:/mingw x86_64/gcc-arm-none-eabi-10.3-2021.10-win32/bin/../lib/gcc/arm-none-eabi/10.3.1/../../../../arm-none-eabi/lib/thumb/v7-m/nofp\libc.a(lib_a-atexit.o)
                              d:/mingw x86_64/gcc-arm-none-eabi-10.3-2021.10-win32/bin/../lib/gcc/arm-none-eabi/10.3.1/../../../../arm-none-eabi/lib/thumb/v7-m/nofp\libc.a(lib_a-__call_atexit.o) (atexit)
d:/mingw x86_64/gcc-arm-none-eabi-10.3-2021.10-win32/bin/../lib/gcc/arm-none-eabi/10.3.1/../../../../arm-none-eabi/lib/thumb/v7-m/nofp\libc.a(lib_a-findfp.o)
                              d:/mingw x86_64/gcc-arm-none-eabi-10.3-2021.10-win32/bin/../lib/gcc/arm-none-eabi/10.3.1/../../../../arm-none-eabi/lib/thumb/v7-m/nofp\libc.a(lib_a-puts.o) (__sinit)
d:/mingw x86_64/gcc-arm-none-eabi-10.3-2021.10-win32/bin/../lib/gcc/arm-none-eabi/10.3.1/../../../../arm-none-eabi/lib/thumb/v7-m/nofp\libc.a(lib_a-fini.o)
                              d:/mingw x86_64/gcc-arm-none-eabi-10.3-2021.10-win32/bin/../lib/gcc/arm-none-eabi/10.3.1/../../../../arm-none-eabi/lib/thumb/v7-m/nofp\libc.a(lib_a-__call_atexit.o) (__libc_fini_array)
d:/mingw x86_64/gcc-arm-none-eabi-10.3-2021.10-win32/bin/../lib/gcc/arm-none-eabi/10.3.1/../../../../arm-none-eabi/lib/thumb/v7-m/nofp\libc.a(lib_a-fvwrite.o)
                              d:/mingw x86_64/gcc-arm-none-eabi-10.3-2021.10-win32/bin/../lib/gcc/arm-none-eabi/10.3.1/../../../../arm-none-eabi/lib/thumb/v7-m/nofp\libc.a(lib_a-puts.o) (__sfvwrite_r)
d:/mingw x86_64/gcc-arm-none-eabi-10.3-2021.10-win32/bin/../lib/gcc/arm-none-eabi/10.3.1/../../../../arm-none-eabi/lib/thumb/v7-m/nofp\libc.a(lib_a-fwalk.o)
                              d:/mingw x86_64/gcc-arm-none-eabi-10.3-2021.10-win32/bin/../lib/gcc/arm-none-eabi/10.3.1/../../../../arm-none-eabi/lib/thumb/v7-m/nofp\libc.a(lib_a-findfp.o) (_fwalk)
d:/mingw x86_64/gcc-arm-none-eabi-10.3-2021.10-win32/bin/../lib/gcc/arm-none-eabi/10.3.1/../../../../arm-none-eabi/lib/thumb/v7-m/nofp\libc.a(lib_a-lock.o)
                              d:/mingw x86_64/gcc-arm-none-eabi-10.3-2021.10-win32/bin/../lib/gcc/arm-none-eabi/10.3.1/../../../../arm-none-eabi/lib/thumb/v7-m/nofp\libc.a(lib_a-findfp.o) (__retarget_lock_init_recursive)
d:/mingw x86_64/gcc-arm-none-eabi-10.3-2021.10-win32/bin/../lib/gcc/arm-none-eabi/10.3.1/../../../../arm-none-eabi/lib/thumb/v7-m/nofp\libc.a(lib_a-mallocr.o)
[...]
Memory Configuration

Name             Origin             Length             Attributes
RAM              0x20000000         0x0000c000         xrw
FLASH            0x08000000         0x00040000         xr
*default*        0x00000000         0xffffffff

Linker script and memory map

LOAD d:/mingw x86_64/gcc-arm-none-eabi-10.3-2021.10-win32/bin/../lib/gcc/arm-none-eabi/10.3.1/thumb/v7-m/nofp/crti.o
LOAD d:/mingw x86_64/gcc-arm-none-eabi-10.3-2021.10-win32/bin/../lib/gcc/arm-none-eabi/10.3.1/thumb/v7-m/nofp/crtbegin.o
LOAD d:/mingw x86_64/gcc-arm-none-eabi-10.3-2021.10-win32/bin/../lib/gcc/arm-none-eabi/10.3.1/../../../../arm-none-eabi/lib/thumb/v7-m/nofp/crt0.o
LOAD others/system_stm32f10x.o
LOAD others/core_cm3.o
LOAD others/syscalls.o
LOAD others/main.o
LOAD others/stm32f10x_it.o
LOAD others/stm32f10x_gpio.o
LOAD others/stm32f10x_fsmc.o
LOAD others/stm32f10x_exti.o
LOAD others/stm32f10x_bkp.o
LOAD others/stm32f10x_spi.o
LOAD others/stm32f10x_adc.o
LOAD others/stm32f10x_iwdg.o
LOAD others/misc.o
LOAD others/stm32f10x_cec.o
LOAD others/stm32f10x_wwdg.o
LOAD others/stm32f10x_tim.o
LOAD others/stm32f10x_usart.o
LOAD others/stm32f10x_crc.o
LOAD others/stm32f10x_flash.o
LOAD others/stm32f10x_rcc.o
LOAD others/stm32f10x_sdio.o
LOAD others/stm32f10x_i2c.o
LOAD others/stm32f10x_pwr.o
LOAD others/stm32f10x_rtc.o
LOAD others/stm32f10x_can.o
LOAD others/stm32f10x_dac.o
LOAD others/stm32f10x_dbgmcu.o
LOAD others/stm32f10x_dma.o
LOAD others/lab_exti.o
LOAD others/led.o
LOAD others/lab_usart_simple.o
LOAD others/key.o
LOAD others/lab_dma.o
LOAD others/sys.o
LOAD others/delay.o
LOAD others/startup_stm32f10x_hd.o
LOAD d:/mingw x86_64/gcc-arm-none-eabi-10.3-2021.10-win32/bin/../lib/gcc/arm-none-eabi/10.3.1/../../../../arm-none-eabi/lib/thumb/v7-m/nofp\libc.a
LOAD d:/mingw x86_64/gcc-arm-none-eabi-10.3-2021.10-win32/bin/../lib/gcc/arm-none-eabi/10.3.1/../../../../arm-none-eabi/lib/thumb/v7-m/nofp\libm.a
START GROUP
LOAD d:/mingw x86_64/gcc-arm-none-eabi-10.3-2021.10-win32/bin/../lib/gcc/arm-none-eabi/10.3.1/thumb/v7-m/nofp\libgcc.a
LOAD d:/mingw x86_64/gcc-arm-none-eabi-10.3-2021.10-win32/bin/../lib/gcc/arm-none-eabi/10.3.1/../../../../arm-none-eabi/lib/thumb/v7-m/nofp\libc.a
END GROUP
LOAD d:/mingw x86_64/gcc-arm-none-eabi-10.3-2021.10-win32/bin/../lib/gcc/arm-none-eabi/10.3.1/thumb/v7-m/nofp/crtend.o
LOAD d:/mingw x86_64/gcc-arm-none-eabi-10.3-2021.10-win32/bin/../lib/gcc/arm-none-eabi/10.3.1/thumb/v7-m/nofp/crtn.o
                0x2000c000                _estack = (ORIGIN (RAM) + LENGTH (RAM))
                0x00000200                _Min_Heap_Size = 0x200
                0x00000400                _Min_Stack_Size = 0x400

.isr_vector     0x08000000      0x1e4
                0x08000000                . = ALIGN (0x4)
 *(.isr_vector)
 .isr_vector    0x08000000      0x1e4 others/startup_stm32f10x_hd.o
                0x08000000                g_pfnVectors
                0x080001e4                . = ALIGN (0x4)

.text           0x080001e4     0x26a4
                0x080001e4                . = ALIGN (0x4)
 *(.text)
 .text          0x080001e4       0x40 d:/mingw x86_64/gcc-arm-none-eabi-10.3-2021.10-win32/bin/../lib/gcc/arm-none-eabi/10.3.1/thumb/v7-m/nofp/crtbegin.o
 .text          0x08000224       0xec d:/mingw x86_64/gcc-arm-none-eabi-10.3-2021.10-win32/bin/../lib/gcc/arm-none-eabi/10.3.1/../../../../arm-none-eabi/lib/thumb/v7-m/nofp\libc.a(lib_a-memcpy.o)
                0x08000224                memcpy
 *(.text*)
 .text.SetSysClockTo72
                0x08000310       0xc4 others/system_stm32f10x.o
 .text.SetSysClock
                0x080003d4        0x8 others/system_stm32f10x.o
 .text.SystemInit
                0x080003dc       0x50 others/system_stm32f10x.o
                0x080003dc                SystemInit
 .text._close   0x0800042c        0x6 others/syscalls.o
                0x0800042c                _close
 *fill*         0x08000432        0x2 
 .text._write   0x08000434       0x2c others/syscalls.o
                0x08000434                _write
 .text._read    0x08000460       0x34 others/syscalls.o
                0x08000460                _read
 .text._lseek   0x08000494        0x4 others/syscalls.o
                0x08000494                _lseek
 .text._fstat   0x08000498        0xa others/syscalls.o
                0x08000498                _fstat
 .text._isatty  0x080004a2        0x4 others/syscalls.o
                0x080004a2                _isatty
 *fill*         0x080004a6        0x2 
 .text._sbrk    0x080004a8       0x30 others/syscalls.o
                0x080004a8                _sbrk
 .text.main     0x080004d8       0x2c others/main.o
                0x080004d8                main
 .text.NMI_Handler
                0x08000504        0x2 others/stm32f10x_it.o
                0x08000504                NMI_Handler
 .text.HardFault_Handler
                0x08000506        0x2 others/stm32f10x_it.o
                0x08000506                HardFault_Handler
 .text.MemManage_Handler
                0x08000508        0x2 others/stm32f10x_it.o
                0x08000508                MemManage_Handler
 .text.BusFault_Handler
                0x0800050a        0x2 others/stm32f10x_it.o
                0x0800050a                BusFault_Handler
 .text.UsageFault_Handler
                0x0800050c        0x2 others/stm32f10x_it.o
                0x0800050c                UsageFault_Handler
 .text.SVC_Handler
                0x0800050e        0x2 others/stm32f10x_it.o
                0x0800050e                SVC_Handler
 .text.DebugMon_Handler
                0x08000510        0x2 others/stm32f10x_it.o
                0x08000510                DebugMon_Handler
 .text.PendSV_Handler
                0x08000512        0x2 others/stm32f10x_it.o
                0x08000512                PendSV_Handler
 .text.SysTick_Handler
                0x08000514        0x2 others/stm32f10x_it.o
                0x08000514                SysTick_Handler
 .text.GPIO_Init
                0x08000516       0xb2 others/stm32f10x_gpio.o
                0x08000516                GPIO_Init
 .text.GPIO_SetBits
                0x080005c8        0x4 others/stm32f10x_gpio.o
                0x080005c8                GPIO_SetBits
 .text.EXTI_GetFlagStatus
                0x080005cc       0x14 others/stm32f10x_exti.o
                0x080005cc                EXTI_GetFlagStatus
 .text.EXTI_ClearITPendingBit
                0x080005e0        0xc others/stm32f10x_exti.o
                0x080005e0                EXTI_ClearITPendingBit
 .text.NVIC_PriorityGroupConfig
                0x080005ec       0x14 others/misc.o
                0x080005ec                NVIC_PriorityGroupConfig
 .text.NVIC_Init
                0x08000600       0x64 others/misc.o
                0x08000600                NVIC_Init
 .text.SysTick_CLKSourceConfig
                0x08000664       0x20 others/misc.o
                0x08000664                SysTick_CLKSourceConfig
 .text.USART_Init
                0x08000684       0xc4 others/stm32f10x_usart.o
                0x08000684                USART_Init
 .text.USART_Cmd
                0x08000748       0x1c others/stm32f10x_usart.o
                0x08000748                USART_Cmd
 .text.USART_ITConfig
                0x08000764       0x36 others/stm32f10x_usart.o
                0x08000764                USART_ITConfig
 .text.USART_DMACmd
                0x0800079a       0x18 others/stm32f10x_usart.o
                0x0800079a                USART_DMACmd
 .text.USART_SendData
                0x080007b2        0x8 others/stm32f10x_usart.o
                0x080007b2                USART_SendData
 .text.USART_ReceiveData
                0x080007ba        0x8 others/stm32f10x_usart.o
                0x080007ba                USART_ReceiveData
 .text.USART_GetFlagStatus
                0x080007c2        0xe others/stm32f10x_usart.o
                0x080007c2                USART_GetFlagStatus
 .text.USART_GetITStatus
                0x080007d0       0x4a others/stm32f10x_usart.o
                0x080007d0                USART_GetITStatus
 .text.USART_ClearITPendingBit
                0x0800081a       0x10 others/stm32f10x_usart.o
                0x0800081a                USART_ClearITPendingBit
 *fill*         0x0800082a        0x2 
 .text.RCC_GetClocksFreq
                0x0800082c       0xbc others/stm32f10x_rcc.o
                0x0800082c                RCC_GetClocksFreq
 .text.RCC_AHBPeriphClockCmd
                0x080008e8       0x1c others/stm32f10x_rcc.o
                0x080008e8                RCC_AHBPeriphClockCmd
 .text.RCC_APB2PeriphClockCmd
                0x08000904       0x1c others/stm32f10x_rcc.o
                0x08000904                RCC_APB2PeriphClockCmd
 .text.DMA_DeInit
                0x08000920      0x128 others/stm32f10x_dma.o
                0x08000920                DMA_DeInit
 .text.DMA_Init
                0x08000a48       0x3e others/stm32f10x_dma.o
                0x08000a48                DMA_Init
 .text.DMA_Cmd  0x08000a86       0x1a others/stm32f10x_dma.o
                0x08000a86                DMA_Cmd
 .text.DMA_ITConfig
                0x08000aa0       0x14 others/stm32f10x_dma.o
                0x08000aa0                DMA_ITConfig
 .text.DMA_SetCurrDataCounter
                0x08000ab4        0x4 others/stm32f10x_dma.o
                0x08000ab4                DMA_SetCurrDataCounter
 .text.DMA_GetITStatus
                0x08000ab8       0x24 others/stm32f10x_dma.o
                0x08000ab8                DMA_GetITStatus
 .text.DMA_ClearITPendingBit
                0x08000adc       0x1c others/stm32f10x_dma.o
                0x08000adc                DMA_ClearITPendingBit
 .text.EXTI9_5_IRQHandler
                0x08000af8       0x24 others/lab_exti.o
                0x08000af8                EXTI9_5_IRQHandler
 .text.EXTI15_10_IRQHandler
                0x08000b1c       0x28 others/lab_exti.o
                0x08000b1c                EXTI15_10_IRQHandler
 .text.LedInit  0x08000b44       0x58 others/led.o
                0x08000b44                LedInit
 .text.NVIC_USART_Configuration
                0x08000b9c       0x2c others/lab_usart_simple.o
                0x08000b9c                NVIC_USART_Configuration
 .text.Uart_Init
                0x08000bc8       0x90 others/lab_usart_simple.o
                0x08000bc8                Uart_Init
 .text.USART1_IRQHandler
                0x08000c58       0x3c others/lab_usart_simple.o
                0x08000c58                USART1_IRQHandler
 .text.NVIC_DMA_Configuration
                0x08000c94       0x2e others/lab_dma.o
                0x08000c94                NVIC_DMA_Configuration
 *fill*         0x08000cc2        0x2 
 .text.Dma_m2p_Init
                0x08000cc4       0x6c others/lab_dma.o
                0x08000cc4                Dma_m2p_Init
 .text.Dma_Rework
                0x08000d30       0x24 others/lab_dma.o
                0x08000d30                Dma_Rework
 .text.DMA1_Channel4_IRQHandler
                0x08000d54       0x44 others/lab_dma.o
                0x08000d54                DMA1_Channel4_IRQHandler
 .text.delay_init
                0x08000d98       0x3c others/delay.o
                0x08000d98                delay_init
 .text.delay_ms
                0x08000dd4       0x40 others/delay.o
                0x08000dd4                delay_ms
 .text.Reset_Handler
                0x08000e14       0x44 others/startup_stm32f10x_hd.o
                0x08000e14                Reset_Handler
 .text.Default_Handler
                0x08000e58        0x2 others/startup_stm32f10x_hd.o
                0x08000e58                EXTI2_IRQHandler
                0x08000e58                TIM8_TRG_COM_IRQHandler
                0x08000e58                TIM8_CC_IRQHandler
                0x08000e58                TIM1_CC_IRQHandler
                0x08000e58                TIM6_IRQHandler
                0x08000e58                PVD_IRQHandler
                0x08000e58                SDIO_IRQHandler
                0x08000e58                EXTI3_IRQHandler
                0x08000e58                EXTI0_IRQHandler
                0x08000e58                I2C2_EV_IRQHandler
                0x08000e58                ADC1_2_IRQHandler
                0x08000e58                SPI1_IRQHandler
                0x08000e58                TAMPER_IRQHandler
                0x08000e58                TIM8_UP_IRQHandler
                0x08000e58                DMA2_Channel2_IRQHandler
                0x08000e58                USART3_IRQHandler
                0x08000e58                RTC_IRQHandler
                0x08000e58                DMA1_Channel7_IRQHandler
                0x08000e58                CAN1_RX1_IRQHandler
                0x08000e58                UART5_IRQHandler
                0x08000e58                ADC3_IRQHandler
                0x08000e58                TIM4_IRQHandler
                0x08000e58                DMA2_Channel1_IRQHandler
                0x08000e58                I2C1_EV_IRQHandler
                0x08000e58                DMA1_Channel6_IRQHandler
                0x08000e58                UART4_IRQHandler
                0x08000e58                TIM3_IRQHandler
                0x08000e58                RCC_IRQHandler
                0x08000e58                TIM1_TRG_COM_IRQHandler
                0x08000e58                DMA1_Channel1_IRQHandler
                0x08000e58                Default_Handler
                0x08000e58                TIM7_IRQHandler
                0x08000e58                TIM5_IRQHandler
                0x08000e58                SPI2_IRQHandler
                0x08000e58                DMA1_Channel5_IRQHandler
                0x08000e58                EXTI4_IRQHandler
                0x08000e58                USB_LP_CAN1_RX0_IRQHandler
                0x08000e58                USB_HP_CAN1_TX_IRQHandler
                0x08000e58                DMA1_Channel3_IRQHandler
                0x08000e58                FSMC_IRQHandler
                0x08000e58                TIM1_UP_IRQHandler
                0x08000e58                WWDG_IRQHandler
                0x08000e58                TIM2_IRQHandler
                0x08000e58                TIM1_BRK_IRQHandler
                0x08000e58                EXTI1_IRQHandler
                0x08000e58                RTCAlarm_IRQHandler
                0x08000e58                DMA2_Channel4_5_IRQHandler
                0x08000e58                USART2_IRQHandler
                0x08000e58                I2C2_ER_IRQHandler
                0x08000e58                DMA1_Channel2_IRQHandler
                0x08000e58                TIM8_BRK_IRQHandler
                0x08000e58                CAN1_SCE_IRQHandler
                0x08000e58                FLASH_IRQHandler
                0x08000e58                SPI3_IRQHandler
                0x08000e58                I2C1_ER_IRQHandler
                0x08000e58                USBWakeUp_IRQHandler
                0x08000e58                DMA2_Channel3_IRQHandler
 *fill*         0x08000e5a        0x2 
 .text.memset   0x08000e5c       0xa4 d:/mingw x86_64/gcc-arm-none-eabi-10.3-2021.10-win32/bin/../lib/gcc/arm-none-eabi/10.3.1/../../../../arm-none-eabi/lib/thumb/v7-m/nofp\libc.a(lib_a-memset.o)
                0x08000e5c                memset
 .text._puts_r  0x08000f00       0x9c d:/mingw x86_64/gcc-arm-none-eabi-10.3-2021.10-win32/bin/../lib/gcc/arm-none-eabi/10.3.1/../../../../arm-none-eabi/lib/thumb/v7-m/nofp\libc.a(lib_a-puts.o)
                0x08000f00                _puts_r
 .text.puts     0x08000f9c       0x10 d:/mingw x86_64/gcc-arm-none-eabi-10.3-2021.10-win32/bin/../lib/gcc/arm-none-eabi/10.3.1/../../../../arm-none-eabi/lib/thumb/v7-m/nofp\libc.a(lib_a-puts.o)
                0x08000f9c                puts
 .text.strlen   0x08000fac       0x5c d:/mingw x86_64/gcc-arm-none-eabi-10.3-2021.10-win32/bin/../lib/gcc/arm-none-eabi/10.3.1/../../../../arm-none-eabi/lib/thumb/v7-m/nofp\libc.a(lib_a-strlen-stub.o)
                0x08000fac                strlen
 .text.startup.register_fini
                0x08001008       0x14 d:/mingw x86_64/gcc-arm-none-eabi-10.3-2021.10-win32/bin/../lib/gcc/arm-none-eabi/10.3.1/../../../../arm-none-eabi/lib/thumb/v7-m/nofp\libc.a(lib_a-__call_atexit.o)
 .text.atexit   0x0800101c        0xc d:/mingw x86_64/gcc-arm-none-eabi-10.3-2021.10-win32/bin/../lib/gcc/arm-none-eabi/10.3.1/../../../../arm-none-eabi/lib/thumb/v7-m/nofp\libc.a(lib_a-atexit.o)
                0x0800101c                atexit
 .text._cleanup_r
                0x08001028        0xc d:/mingw x86_64/gcc-arm-none-eabi-10.3-2021.10-win32/bin/../lib/gcc/arm-none-eabi/10.3.1/../../../../arm-none-eabi/lib/thumb/v7-m/nofp\libc.a(lib_a-findfp.o)
                0x08001028                _cleanup_r
 .text.__sinit  0x08001034      0x10c d:/mingw x86_64/gcc-arm-none-eabi-10.3-2021.10-win32/bin/../lib/gcc/arm-none-eabi/10.3.1/../../../../arm-none-eabi/lib/thumb/v7-m/nofp\libc.a(lib_a-findfp.o)
                0x08001034                __sinit
 .text.__sfp_lock_acquire
                0x08001140        0xc d:/mingw x86_64/gcc-arm-none-eabi-10.3-2021.10-win32/bin/../lib/gcc/arm-none-eabi/10.3.1/../../../../arm-none-eabi/lib/thumb/v7-m/nofp\libc.a(lib_a-findfp.o)
                0x08001140                __sfp_lock_acquire
 .text.__sfp_lock_release
                0x0800114c        0xc d:/mingw x86_64/gcc-arm-none-eabi-10.3-2021.10-win32/bin/../lib/gcc/arm-none-eabi/10.3.1/../../../../arm-none-eabi/lib/thumb/v7-m/nofp\libc.a(lib_a-findfp.o)
                0x0800114c                __sfp_lock_release
 .text.__libc_fini_array
                0x08001158       0x2c d:/mingw x86_64/gcc-arm-none-eabi-10.3-2021.10-win32/bin/../lib/gcc/arm-none-eabi/10.3.1/../../../../arm-none-eabi/lib/thumb/v7-m/nofp\libc.a(lib_a-fini.o)
                0x08001158                __libc_fini_array
 .text.__sfvwrite_r
                0x08001184      0x2f0 d:/mingw x86_64/gcc-arm-none-eabi-10.3-2021.10-win32/bin/../lib/gcc/arm-none-eabi/10.3.1/../../../../arm-none-eabi/lib/thumb/v7-m/nofp\libc.a(lib_a-fvwrite.o)
                0x08001184                __sfvwrite_r
 .text._fwalk_reent
                0x08001474       0x48 d:/mingw x86_64/gcc-arm-none-eabi-10.3-2021.10-win32/bin/../lib/gcc/arm-none-eabi/10.3.1/../../../../arm-none-eabi/lib/thumb/v7-m/nofp\libc.a(lib_a-fwalk.o)
                0x08001474                _fwalk_reent
 .text.__retarget_lock_init_recursive
                0x080014bc        0x4 d:/mingw x86_64/gcc-arm-none-eabi-10.3-2021.10-win32/bin/../lib/gcc/arm-none-eabi/10.3.1/../../../../arm-none-eabi/lib/thumb/v7-m/nofp\libc.a(lib_a-lock.o)
                0x080014bc                __retarget_lock_init_recursive
 .text.__retarget_lock_close_recursive
                0x080014c0        0x4 d:/mingw x86_64/gcc-arm-none-eabi-10.3-2021.10-win32/bin/../lib/gcc/arm-none-eabi/10.3.1/../../../../arm-none-eabi/lib/thumb/v7-m/nofp\libc.a(lib_a-lock.o)
                0x080014c0                __retarget_lock_close_recursive
 .text.__retarget_lock_acquire_recursive
                0x080014c4        0x4 d:/mingw x86_64/gcc-arm-none-eabi-10.3-2021.10-win32/bin/../lib/gcc/arm-none-eabi/10.3.1/../../../../arm-none-eabi/lib/thumb/v7-m/nofp\libc.a(lib_a-lock.o)
                0x080014c4                __retarget_lock_acquire_recursive
 .text.__retarget_lock_release_recursive
                0x080014c8        0x4 d:/mingw x86_64/gcc-arm-none-eabi-10.3-2021.10-win32/bin/../lib/gcc/arm-none-eabi/10.3.1/../../../../arm-none-eabi/lib/thumb/v7-m/nofp\libc.a(lib_a-lock.o)
                0x080014c8                __retarget_lock_release_recursive
 .text._malloc_r
                0x080014cc      0x558 d:/mingw x86_64/gcc-arm-none-eabi-10.3-2021.10-win32/bin/../lib/gcc/arm-none-eabi/10.3.1/../../../../arm-none-eabi/lib/thumb/v7-m/nofp\libc.a(lib_a-mallocr.o)
                0x080014cc                _malloc_r
 .text.memchr   0x08001a24       0x90 d:/mingw x86_64/gcc-arm-none-eabi-10.3-2021.10-win32/bin/../lib/gcc/arm-none-eabi/10.3.1/../../../../arm-none-eabi/lib/thumb/v7-m/nofp\libc.a(lib_a-memchr-stub.o)
                0x08001a24                memchr
 .text.memmove  0x08001ab4       0xf8 d:/mingw x86_64/gcc-arm-none-eabi-10.3-2021.10-win32/bin/../lib/gcc/arm-none-eabi/10.3.1/../../../../arm-none-eabi/lib/thumb/v7-m/nofp\libc.a(lib_a-memmove.o)
                0x08001ab4                memmove
 .text.__malloc_lock
                0x08001bac        0xc d:/mingw x86_64/gcc-arm-none-eabi-10.3-2021.10-win32/bin/../lib/gcc/arm-none-eabi/10.3.1/../../../../arm-none-eabi/lib/thumb/v7-m/nofp\libc.a(lib_a-mlock.o)
                0x08001bac                __malloc_lock
 .text.__malloc_unlock
                0x08001bb8        0xc d:/mingw x86_64/gcc-arm-none-eabi-10.3-2021.10-win32/bin/../lib/gcc/arm-none-eabi/10.3.1/../../../../arm-none-eabi/lib/thumb/v7-m/nofp\libc.a(lib_a-mlock.o)
                0x08001bb8                __malloc_unlock
 .text._realloc_r
                0x08001bc4      0x3dc d:/mingw x86_64/gcc-arm-none-eabi-10.3-2021.10-win32/bin/../lib/gcc/arm-none-eabi/10.3.1/../../../../arm-none-eabi/lib/thumb/v7-m/nofp\libc.a(lib_a-reallocr.o)
                0x08001bc4                _realloc_r
 .text._sbrk_r  0x08001fa0       0x24 d:/mingw x86_64/gcc-arm-none-eabi-10.3-2021.10-win32/bin/../lib/gcc/arm-none-eabi/10.3.1/../../../../arm-none-eabi/lib/thumb/v7-m/nofp\libc.a(lib_a-sbrkr.o)
                0x08001fa0                _sbrk_r
 .text.__sread  0x08001fc4       0x24 d:/mingw x86_64/gcc-arm-none-eabi-10.3-2021.10-win32/bin/../lib/gcc/arm-none-eabi/10.3.1/../../../../arm-none-eabi/lib/thumb/v7-m/nofp\libc.a(lib_a-stdio.o)
                0x08001fc4                __sread
 .text.__swrite
                0x08001fe8       0x40 d:/mingw x86_64/gcc-arm-none-eabi-10.3-2021.10-win32/bin/../lib/gcc/arm-none-eabi/10.3.1/../../../../arm-none-eabi/lib/thumb/v7-m/nofp\libc.a(lib_a-stdio.o)
                0x08001fe8                __swrite
 .text.__sseek  0x08002028       0x20 d:/mingw x86_64/gcc-arm-none-eabi-10.3-2021.10-win32/bin/../lib/gcc/arm-none-eabi/10.3.1/../../../../arm-none-eabi/lib/thumb/v7-m/nofp\libc.a(lib_a-stdio.o)
                0x08002028                __sseek
 .text.__sclose
                0x08002048        0x8 d:/mingw x86_64/gcc-arm-none-eabi-10.3-2021.10-win32/bin/../lib/gcc/arm-none-eabi/10.3.1/../../../../arm-none-eabi/lib/thumb/v7-m/nofp\libc.a(lib_a-stdio.o)
                0x08002048                __sclose
 .text._write_r
                0x08002050       0x2c d:/mingw x86_64/gcc-arm-none-eabi-10.3-2021.10-win32/bin/../lib/gcc/arm-none-eabi/10.3.1/../../../../arm-none-eabi/lib/thumb/v7-m/nofp\libc.a(lib_a-writer.o)
                0x08002050                _write_r
 .text.__swsetup_r
                0x0800207c       0xd4 d:/mingw x86_64/gcc-arm-none-eabi-10.3-2021.10-win32/bin/../lib/gcc/arm-none-eabi/10.3.1/../../../../arm-none-eabi/lib/thumb/v7-m/nofp\libc.a(lib_a-wsetup.o)
                0x0800207c                __swsetup_r
 .text.__register_exitproc
                0x08002150       0x8c d:/mingw x86_64/gcc-arm-none-eabi-10.3-2021.10-win32/bin/../lib/gcc/arm-none-eabi/10.3.1/../../../../arm-none-eabi/lib/thumb/v7-m/nofp\libc.a(lib_a-__atexit.o)
                0x08002150                __register_exitproc
 .text._close_r
                0x080021dc       0x24 d:/mingw x86_64/gcc-arm-none-eabi-10.3-2021.10-win32/bin/../lib/gcc/arm-none-eabi/10.3.1/../../../../arm-none-eabi/lib/thumb/v7-m/nofp\libc.a(lib_a-closer.o)
                0x080021dc                _close_r
 .text._fclose_r
                0x08002200       0xcc d:/mingw x86_64/gcc-arm-none-eabi-10.3-2021.10-win32/bin/../lib/gcc/arm-none-eabi/10.3.1/../../../../arm-none-eabi/lib/thumb/v7-m/nofp\libc.a(lib_a-fclose.o)
                0x08002200                _fclose_r
 .text.__sflush_r
                0x080022cc      0x124 d:/mingw x86_64/gcc-arm-none-eabi-10.3-2021.10-win32/bin/../lib/gcc/arm-none-eabi/10.3.1/../../../../arm-none-eabi/lib/thumb/v7-m/nofp\libc.a(lib_a-fflush.o)
                0x080022cc                __sflush_r
 .text._fflush_r
                0x080023f0       0x5c d:/mingw x86_64/gcc-arm-none-eabi-10.3-2021.10-win32/bin/../lib/gcc/arm-none-eabi/10.3.1/../../../../arm-none-eabi/lib/thumb/v7-m/nofp\libc.a(lib_a-fflush.o)
                0x080023f0                _fflush_r
 .text._malloc_trim_r
                0x0800244c       0xa0 d:/mingw x86_64/gcc-arm-none-eabi-10.3-2021.10-win32/bin/../lib/gcc/arm-none-eabi/10.3.1/../../../../arm-none-eabi/lib/thumb/v7-m/nofp\libc.a(lib_a-freer.o)
                0x0800244c                _malloc_trim_r
 .text._free_r  0x080024ec      0x200 d:/mingw x86_64/gcc-arm-none-eabi-10.3-2021.10-win32/bin/../lib/gcc/arm-none-eabi/10.3.1/../../../../arm-none-eabi/lib/thumb/v7-m/nofp\libc.a(lib_a-freer.o)
                0x080024ec                _free_r
 .text._lseek_r
                0x080026ec       0x2c d:/mingw x86_64/gcc-arm-none-eabi-10.3-2021.10-win32/bin/../lib/gcc/arm-none-eabi/10.3.1/../../../../arm-none-eabi/lib/thumb/v7-m/nofp\libc.a(lib_a-lseekr.o)
                0x080026ec                _lseek_r
 .text.__smakebuf_r
                0x08002718       0xe0 d:/mingw x86_64/gcc-arm-none-eabi-10.3-2021.10-win32/bin/../lib/gcc/arm-none-eabi/10.3.1/../../../../arm-none-eabi/lib/thumb/v7-m/nofp\libc.a(lib_a-makebuf.o)
                0x08002718                __smakebuf_r
 .text._read_r  0x080027f8       0x2c d:/mingw x86_64/gcc-arm-none-eabi-10.3-2021.10-win32/bin/../lib/gcc/arm-none-eabi/10.3.1/../../../../arm-none-eabi/lib/thumb/v7-m/nofp\libc.a(lib_a-readr.o)
                0x080027f8                _read_r
 .text._fstat_r
                0x08002824       0x28 d:/mingw x86_64/gcc-arm-none-eabi-10.3-2021.10-win32/bin/../lib/gcc/arm-none-eabi/10.3.1/../../../../arm-none-eabi/lib/thumb/v7-m/nofp\libc.a(lib_a-fstatr.o)
                0x08002824                _fstat_r
 .text._isatty_r
                0x0800284c       0x24 d:/mingw x86_64/gcc-arm-none-eabi-10.3-2021.10-win32/bin/../lib/gcc/arm-none-eabi/10.3.1/../../../../arm-none-eabi/lib/thumb/v7-m/nofp\libc.a(lib_a-isattyr.o)
                0x0800284c                _isatty_r
 *(.glue_7)
 .glue_7        0x08002870        0x0 linker stubs
 *(.glue_7t)
 .glue_7t       0x08002870        0x0 linker stubs
 *(.eh_frame)
 .eh_frame      0x08002870        0x0 d:/mingw x86_64/gcc-arm-none-eabi-10.3-2021.10-win32/bin/../lib/gcc/arm-none-eabi/10.3.1/thumb/v7-m/nofp/crtbegin.o
 *(.init)
 .init          0x08002870        0x4 d:/mingw x86_64/gcc-arm-none-eabi-10.3-2021.10-win32/bin/../lib/gcc/arm-none-eabi/10.3.1/thumb/v7-m/nofp/crti.o
                0x08002870                _init
 .init          0x08002874        0x8 d:/mingw x86_64/gcc-arm-none-eabi-10.3-2021.10-win32/bin/../lib/gcc/arm-none-eabi/10.3.1/thumb/v7-m/nofp/crtn.o
 *(.fini)
 .fini          0x0800287c        0x4 d:/mingw x86_64/gcc-arm-none-eabi-10.3-2021.10-win32/bin/../lib/gcc/arm-none-eabi/10.3.1/thumb/v7-m/nofp/crti.o
                0x0800287c                _fini
 .fini          0x08002880        0x8 d:/mingw x86_64/gcc-arm-none-eabi-10.3-2021.10-win32/bin/../lib/gcc/arm-none-eabi/10.3.1/thumb/v7-m/nofp/crtn.o
                0x08002888                . = ALIGN (0x4)
                0x08002888                _etext = .

.vfp11_veneer   0x08002888        0x0
 .vfp11_veneer  0x08002888        0x0 linker stubs

.v4_bx          0x08002888        0x0
 .v4_bx         0x08002888        0x0 linker stubs

.iplt           0x08002888        0x0
 .iplt          0x08002888        0x0 d:/mingw x86_64/gcc-arm-none-eabi-10.3-2021.10-win32/bin/../lib/gcc/arm-none-eabi/10.3.1/thumb/v7-m/nofp/crtbegin.o

.rodata         0x08002888       0x10
                0x08002888                . = ALIGN (0x4)
 *(.rodata)
 *(.rodata*)
 .rodata.DMA1_Channel4_IRQHandler.str1.4
                0x08002888        0x6 others/lab_dma.o
 *fill*         0x0800288e        0x2 
 .rodata._global_impure_ptr
                0x08002890        0x4 d:/mingw x86_64/gcc-arm-none-eabi-10.3-2021.10-win32/bin/../lib/gcc/arm-none-eabi/10.3.1/../../../../arm-none-eabi/lib/thumb/v7-m/nofp\libc.a(lib_a-impure.o)
                0x08002890                _global_impure_ptr
 .rodata._puts_r.str1.4
                0x08002894        0x2 d:/mingw x86_64/gcc-arm-none-eabi-10.3-2021.10-win32/bin/../lib/gcc/arm-none-eabi/10.3.1/../../../../arm-none-eabi/lib/thumb/v7-m/nofp\libc.a(lib_a-puts.o)
                0x08002898                . = ALIGN (0x4)
 *fill*         0x08002896        0x2 

.rel.dyn        0x08002898        0x0
 .rel.iplt      0x08002898        0x0 d:/mingw x86_64/gcc-arm-none-eabi-10.3-2021.10-win32/bin/../lib/gcc/arm-none-eabi/10.3.1/thumb/v7-m/nofp/crtbegin.o

.ARM.extab      0x08002898        0x0
                0x08002898                . = ALIGN (0x4)
 *(.ARM.extab* .gnu.linkonce.armextab.*)
                0x08002898                . = ALIGN (0x4)

.ARM            0x08002898        0x0
                0x08002898                . = ALIGN (0x4)
                0x08002898                __exidx_start = .
 *(.ARM.exidx*)
                0x08002898                __exidx_end = .
                0x08002898                . = ALIGN (0x4)

.preinit_array  0x08002898        0x0
                0x08002898                . = ALIGN (0x4)
                0x08002898                PROVIDE (__preinit_array_start = .)
 *(.preinit_array*)
                0x08002898                PROVIDE (__preinit_array_end = .)
                0x08002898                . = ALIGN (0x4)

.init_array     0x08002898        0x8
                0x08002898                . = ALIGN (0x4)
                0x08002898                PROVIDE (__init_array_start = .)
 *(SORT_BY_NAME(.init_array.*))
 .init_array.00000
                0x08002898        0x4 d:/mingw x86_64/gcc-arm-none-eabi-10.3-2021.10-win32/bin/../lib/gcc/arm-none-eabi/10.3.1/../../../../arm-none-eabi/lib/thumb/v7-m/nofp\libc.a(lib_a-__call_atexit.o)
 *(.init_array*)
 .init_array    0x0800289c        0x4 d:/mingw x86_64/gcc-arm-none-eabi-10.3-2021.10-win32/bin/../lib/gcc/arm-none-eabi/10.3.1/thumb/v7-m/nofp/crtbegin.o
                0x080028a0                PROVIDE (__init_array_end = .)
                0x080028a0                . = ALIGN (0x4)

.fini_array     0x080028a0        0x4
                0x080028a0                . = ALIGN (0x4)
                0x080028a0                PROVIDE (__fini_array_start = .)
 *(SORT_BY_NAME(.fini_array.*))
 *(.fini_array*)
 .fini_array    0x080028a0        0x4 d:/mingw x86_64/gcc-arm-none-eabi-10.3-2021.10-win32/bin/../lib/gcc/arm-none-eabi/10.3.1/thumb/v7-m/nofp/crtbegin.o
                0x080028a4                PROVIDE (__fini_array_end = .)
                0x080028a4                . = ALIGN (0x4)
                0x080028a4                _sidata = LOADADDR (.data)

.data           0x20000000      0x86c load address 0x080028a4
                0x20000000                . = ALIGN (0x4)
                0x20000000                _sdata = .
 *(.data)
 *(.data*)
 .data.SystemCoreClock
                0x20000000        0x4 others/system_stm32f10x.o
                0x20000000                SystemCoreClock
 .data.aSRC_Buffer
                0x20000004        0xc others/main.o
                0x20000004                aSRC_Buffer
 .data.count    0x20000010        0x4 others/main.o
                0x20000010                count
 .data.ADCPrescTable
                0x20000014        0x4 others/stm32f10x_rcc.o
 .data.APBAHBPrescTable
                0x20000018       0x10 others/stm32f10x_rcc.o
 .data._impure_ptr
                0x20000028        0x4 d:/mingw x86_64/gcc-arm-none-eabi-10.3-2021.10-win32/bin/../lib/gcc/arm-none-eabi/10.3.1/../../../../arm-none-eabi/lib/thumb/v7-m/nofp\libc.a(lib_a-impure.o)
                0x20000028                _impure_ptr
 *fill*         0x2000002c        0x4 
 .data.impure_data
                0x20000030      0x428 d:/mingw x86_64/gcc-arm-none-eabi-10.3-2021.10-win32/bin/../lib/gcc/arm-none-eabi/10.3.1/../../../../arm-none-eabi/lib/thumb/v7-m/nofp\libc.a(lib_a-impure.o)
 .data.__atexit_recursive_mutex
                0x20000458        0x4 d:/mingw x86_64/gcc-arm-none-eabi-10.3-2021.10-win32/bin/../lib/gcc/arm-none-eabi/10.3.1/../../../../arm-none-eabi/lib/thumb/v7-m/nofp\libc.a(lib_a-__call_atexit.o)
                0x20000458                __atexit_recursive_mutex
 .data.__malloc_av_
                0x2000045c      0x408 d:/mingw x86_64/gcc-arm-none-eabi-10.3-2021.10-win32/bin/../lib/gcc/arm-none-eabi/10.3.1/../../../../arm-none-eabi/lib/thumb/v7-m/nofp\libc.a(lib_a-mallocr.o)
                0x2000045c                __malloc_av_
 .data.__malloc_sbrk_base
                0x20000864        0x4 d:/mingw x86_64/gcc-arm-none-eabi-10.3-2021.10-win32/bin/../lib/gcc/arm-none-eabi/10.3.1/../../../../arm-none-eabi/lib/thumb/v7-m/nofp\libc.a(lib_a-mallocr.o)
                0x20000864                __malloc_sbrk_base
 .data.__malloc_trim_threshold
                0x20000868        0x4 d:/mingw x86_64/gcc-arm-none-eabi-10.3-2021.10-win32/bin/../lib/gcc/arm-none-eabi/10.3.1/../../../../arm-none-eabi/lib/thumb/v7-m/nofp\libc.a(lib_a-mallocr.o)
                0x20000868                __malloc_trim_threshold
 *(.RamFunc)
 *(.RamFunc*)
                0x2000086c                . = ALIGN (0x4)
                0x2000086c                _edata = .

.igot.plt       0x2000086c        0x0 load address 0x08003110
 .igot.plt      0x2000086c        0x0 d:/mingw x86_64/gcc-arm-none-eabi-10.3-2021.10-win32/bin/../lib/gcc/arm-none-eabi/10.3.1/thumb/v7-m/nofp/crtbegin.o
                0x2000086c                . = ALIGN (0x4)

.bss            0x2000086c       0x6c load address 0x08003110
                0x2000086c                _sbss = .
                0x2000086c                __bss_start__ = _sbss
 *(.bss)
 .bss           0x2000086c       0x1c d:/mingw x86_64/gcc-arm-none-eabi-10.3-2021.10-win32/bin/../lib/gcc/arm-none-eabi/10.3.1/thumb/v7-m/nofp/crtbegin.o
 *(.bss*)
 .bss.heap_end.0
                0x20000888        0x4 others/syscalls.o
 .bss.fac_ms    0x2000088c        0x2 others/delay.o
 .bss.fac_us    0x2000088e        0x1 others/delay.o
 *fill*         0x2000088f        0x1 
 .bss.__lock___atexit_recursive_mutex
                0x20000890        0x1 d:/mingw x86_64/gcc-arm-none-eabi-10.3-2021.10-win32/bin/../lib/gcc/arm-none-eabi/10.3.1/../../../../arm-none-eabi/lib/thumb/v7-m/nofp\libc.a(lib_a-lock.o)
                0x20000890                __lock___atexit_recursive_mutex
 *fill*         0x20000891        0x3 
 .bss.__lock___malloc_recursive_mutex
                0x20000894        0x1 d:/mingw x86_64/gcc-arm-none-eabi-10.3-2021.10-win32/bin/../lib/gcc/arm-none-eabi/10.3.1/../../../../arm-none-eabi/lib/thumb/v7-m/nofp\libc.a(lib_a-lock.o)
                0x20000894                __lock___malloc_recursive_mutex
 *fill*         0x20000895        0x3 
 .bss.__lock___sfp_recursive_mutex
                0x20000898        0x1 d:/mingw x86_64/gcc-arm-none-eabi-10.3-2021.10-win32/bin/../lib/gcc/arm-none-eabi/10.3.1/../../../../arm-none-eabi/lib/thumb/v7-m/nofp\libc.a(lib_a-lock.o)
                0x20000898                __lock___sfp_recursive_mutex
 *fill*         0x20000899        0x3 
 .bss.__lock___sinit_recursive_mutex
                0x2000089c        0x1 d:/mingw x86_64/gcc-arm-none-eabi-10.3-2021.10-win32/bin/../lib/gcc/arm-none-eabi/10.3.1/../../../../arm-none-eabi/lib/thumb/v7-m/nofp\libc.a(lib_a-lock.o)
                0x2000089c                __lock___sinit_recursive_mutex
 *fill*         0x2000089d        0x3 
 .bss.__malloc_current_mallinfo
                0x200008a0       0x28 d:/mingw x86_64/gcc-arm-none-eabi-10.3-2021.10-win32/bin/../lib/gcc/arm-none-eabi/10.3.1/../../../../arm-none-eabi/lib/thumb/v7-m/nofp\libc.a(lib_a-mallocr.o)
                0x200008a0                __malloc_current_mallinfo
 .bss.__malloc_max_sbrked_mem
                0x200008c8        0x4 d:/mingw x86_64/gcc-arm-none-eabi-10.3-2021.10-win32/bin/../lib/gcc/arm-none-eabi/10.3.1/../../../../arm-none-eabi/lib/thumb/v7-m/nofp\libc.a(lib_a-mallocr.o)
                0x200008c8                __malloc_max_sbrked_mem
 .bss.__malloc_max_total_mem
                0x200008cc        0x4 d:/mingw x86_64/gcc-arm-none-eabi-10.3-2021.10-win32/bin/../lib/gcc/arm-none-eabi/10.3.1/../../../../arm-none-eabi/lib/thumb/v7-m/nofp\libc.a(lib_a-mallocr.o)
                0x200008cc                __malloc_max_total_mem
 .bss.__malloc_top_pad
                0x200008d0        0x4 d:/mingw x86_64/gcc-arm-none-eabi-10.3-2021.10-win32/bin/../lib/gcc/arm-none-eabi/10.3.1/../../../../arm-none-eabi/lib/thumb/v7-m/nofp\libc.a(lib_a-mallocr.o)
                0x200008d0                __malloc_top_pad
 .bss.errno     0x200008d4        0x4 d:/mingw x86_64/gcc-arm-none-eabi-10.3-2021.10-win32/bin/../lib/gcc/arm-none-eabi/10.3.1/../../../../arm-none-eabi/lib/thumb/v7-m/nofp\libc.a(lib_a-reent.o)
                0x200008d4                errno
 *(COMMON)
                0x200008d8                . = ALIGN (0x4)
                0x200008d8                _ebss = .
                0x200008d8                __bss_end__ = _ebss

._user_heap_stack
                0x200008d8      0x600 load address 0x08003110
                0x200008d8                . = ALIGN (0x8)
                [!provide]                PROVIDE (end = .)
                0x200008d8                PROVIDE (_end = .)
                0x20000ad8                . = (. + _Min_Heap_Size)
 *fill*         0x200008d8      0x200 
                0x20000ed8                . = (. + _Min_Stack_Size)
 *fill*         0x20000ad8      0x400 
                0x20000ed8                . = ALIGN (0x8)

/DISCARD/
 libc.a(*)
 libm.a(*)
 libgcc.a(*)

.ARM.attributes
                0x00000000       0x29
 *(.ARM.attributes)
 .ARM.attributes
                0x00000000       0x1d d:/mingw x86_64/gcc-arm-none-eabi-10.3-2021.10-win32/bin/../lib/gcc/arm-none-eabi/10.3.1/thumb/v7-m/nofp/crti.o
 .ARM.attributes
                0x0000001d       0x2d d:/mingw x86_64/gcc-arm-none-eabi-10.3-2021.10-win32/bin/../lib/gcc/arm-none-eabi/10.3.1/thumb/v7-m/nofp/crtbegin.o
 .ARM.attributes
                0x0000004a       0x2d others/system_stm32f10x.o
 .ARM.attributes
                0x00000077       0x2d others/syscalls.o
 .ARM.attributes
                0x000000a4       0x2d others/main.o
 .ARM.attributes
                0x000000d1       0x2d others/stm32f10x_it.o
 .ARM.attributes
                0x000000fe       0x2d others/stm32f10x_gpio.o
 .ARM.attributes
                0x0000012b       0x2d others/stm32f10x_exti.o
 .ARM.attributes
                0x00000158       0x2d others/misc.o
 .ARM.attributes
                0x00000185       0x2d others/stm32f10x_usart.o
 .ARM.attributes
                0x000001b2       0x2d others/stm32f10x_rcc.o
 .ARM.attributes
                0x000001df       0x2d others/stm32f10x_dma.o
 .ARM.attributes
                0x0000020c       0x2d others/lab_exti.o
 .ARM.attributes
                0x00000239       0x2d others/led.o
 .ARM.attributes
                0x00000266       0x2d others/lab_usart_simple.o
 .ARM.attributes
                0x00000293       0x2d others/lab_dma.o
 .ARM.attributes
                0x000002c0       0x2d others/delay.o
 .ARM.attributes
                0x000002ed       0x21 others/startup_stm32f10x_hd.o
 .ARM.attributes
                0x0000030e       0x2d d:/mingw x86_64/gcc-arm-none-eabi-10.3-2021.10-win32/bin/../lib/gcc/arm-none-eabi/10.3.1/../../../../arm-none-eabi/lib/thumb/v7-m/nofp\libc.a(lib_a-impure.o)
 .ARM.attributes
                0x0000033b       0x2d d:/mingw x86_64/gcc-arm-none-eabi-10.3-2021.10-win32/bin/../lib/gcc/arm-none-eabi/10.3.1/../../../../arm-none-eabi/lib/thumb/v7-m/nofp\libc.a(lib_a-memset.o)
 .ARM.attributes
                0x00000368       0x2d d:/mingw x86_64/gcc-arm-none-eabi-10.3-2021.10-win32/bin/../lib/gcc/arm-none-eabi/10.3.1/../../../../arm-none-eabi/lib/thumb/v7-m/nofp\libc.a(lib_a-puts.o)
 .ARM.attributes
                0x00000395       0x2d d:/mingw x86_64/gcc-arm-none-eabi-10.3-2021.10-win32/bin/../lib/gcc/arm-none-eabi/10.3.1/../../../../arm-none-eabi/lib/thumb/v7-m/nofp\libc.a(lib_a-strlen-stub.o)
 .ARM.attributes
                0x000003c2       0x2d d:/mingw x86_64/gcc-arm-none-eabi-10.3-2021.10-win32/bin/../lib/gcc/arm-none-eabi/10.3.1/../../../../arm-none-eabi/lib/thumb/v7-m/nofp\libc.a(lib_a-__call_atexit.o)
 .ARM.attributes
                0x000003ef       0x2d d:/mingw x86_64/gcc-arm-none-eabi-10.3-2021.10-win32/bin/../lib/gcc/arm-none-eabi/10.3.1/../../../../arm-none-eabi/lib/thumb/v7-m/nofp\libc.a(lib_a-atexit.o)
 .ARM.attributes
                0x0000041c       0x2d d:/mingw x86_64/gcc-arm-none-eabi-10.3-2021.10-win32/bin/../lib/gcc/arm-none-eabi/10.3.1/../../../../arm-none-eabi/lib/thumb/v7-m/nofp\libc.a(lib_a-findfp.o)
 .ARM.attributes
                0x00000449       0x2d d:/mingw x86_64/gcc-arm-none-eabi-10.3-2021.10-win32/bin/../lib/gcc/arm-none-eabi/10.3.1/../../../../arm-none-eabi/lib/thumb/v7-m/nofp\libc.a(lib_a-fini.o)
 .ARM.attributes
                0x00000476       0x2d d:/mingw x86_64/gcc-arm-none-eabi-10.3-2021.10-win32/bin/../lib/gcc/arm-none-eabi/10.3.1/../../../../arm-none-eabi/lib/thumb/v7-m/nofp\libc.a(lib_a-fvwrite.o)
 .ARM.attributes
                0x000004a3       0x2d d:/mingw x86_64/gcc-arm-none-eabi-10.3-2021.10-win32/bin/../lib/gcc/arm-none-eabi/10.3.1/../../../../arm-none-eabi/lib/thumb/v7-m/nofp\libc.a(lib_a-fwalk.o)
 .ARM.attributes
                0x000004d0       0x2d d:/mingw x86_64/gcc-arm-none-eabi-10.3-2021.10-win32/bin/../lib/gcc/arm-none-eabi/10.3.1/../../../../arm-none-eabi/lib/thumb/v7-m/nofp\libc.a(lib_a-lock.o)
 .ARM.attributes
                0x000004fd       0x2d d:/mingw x86_64/gcc-arm-none-eabi-10.3-2021.10-win32/bin/../lib/gcc/arm-none-eabi/10.3.1/../../../../arm-none-eabi/lib/thumb/v7-m/nofp\libc.a(lib_a-mallocr.o)
 .ARM.attributes
                0x0000052a       0x2d d:/mingw x86_64/gcc-arm-none-eabi-10.3-2021.10-win32/bin/../lib/gcc/arm-none-eabi/10.3.1/../../../../arm-none-eabi/lib/thumb/v7-m/nofp\libc.a(lib_a-memchr-stub.o)
 .ARM.attributes
                0x00000557       0x1b d:/mingw x86_64/gcc-arm-none-eabi-10.3-2021.10-win32/bin/../lib/gcc/arm-none-eabi/10.3.1/../../../../arm-none-eabi/lib/thumb/v7-m/nofp\libc.a(lib_a-memcpy.o)
 .ARM.attributes
                0x00000572       0x2d d:/mingw x86_64/gcc-arm-none-eabi-10.3-2021.10-win32/bin/../lib/gcc/arm-none-eabi/10.3.1/../../../../arm-none-eabi/lib/thumb/v7-m/nofp\libc.a(lib_a-memmove.o)
 .ARM.attributes
                0x0000059f       0x2d d:/mingw x86_64/gcc-arm-none-eabi-10.3-2021.10-win32/bin/../lib/gcc/arm-none-eabi/10.3.1/../../../../arm-none-eabi/lib/thumb/v7-m/nofp\libc.a(lib_a-mlock.o)
 .ARM.attributes
                0x000005cc       0x2d d:/mingw x86_64/gcc-arm-none-eabi-10.3-2021.10-win32/bin/../lib/gcc/arm-none-eabi/10.3.1/../../../../arm-none-eabi/lib/thumb/v7-m/nofp\libc.a(lib_a-reallocr.o)
 .ARM.attributes
                0x000005f9       0x2d d:/mingw x86_64/gcc-arm-none-eabi-10.3-2021.10-win32/bin/../lib/gcc/arm-none-eabi/10.3.1/../../../../arm-none-eabi/lib/thumb/v7-m/nofp\libc.a(lib_a-sbrkr.o)
 .ARM.attributes
                0x00000626       0x2d d:/mingw x86_64/gcc-arm-none-eabi-10.3-2021.10-win32/bin/../lib/gcc/arm-none-eabi/10.3.1/../../../../arm-none-eabi/lib/thumb/v7-m/nofp\libc.a(lib_a-stdio.o)
 .ARM.attributes
                0x00000653       0x2d d:/mingw x86_64/gcc-arm-none-eabi-10.3-2021.10-win32/bin/../lib/gcc/arm-none-eabi/10.3.1/../../../../arm-none-eabi/lib/thumb/v7-m/nofp\libc.a(lib_a-writer.o)
 .ARM.attributes
                0x00000680       0x2d d:/mingw x86_64/gcc-arm-none-eabi-10.3-2021.10-win32/bin/../lib/gcc/arm-none-eabi/10.3.1/../../../../arm-none-eabi/lib/thumb/v7-m/nofp\libc.a(lib_a-wsetup.o)
 .ARM.attributes
                0x000006ad       0x2d d:/mingw x86_64/gcc-arm-none-eabi-10.3-2021.10-win32/bin/../lib/gcc/arm-none-eabi/10.3.1/../../../../arm-none-eabi/lib/thumb/v7-m/nofp\libc.a(lib_a-__atexit.o)
 .ARM.attributes
                0x000006da       0x2d d:/mingw x86_64/gcc-arm-none-eabi-10.3-2021.10-win32/bin/../lib/gcc/arm-none-eabi/10.3.1/../../../../arm-none-eabi/lib/thumb/v7-m/nofp\libc.a(lib_a-closer.o)
 .ARM.attributes
                0x00000707       0x2d d:/mingw x86_64/gcc-arm-none-eabi-10.3-2021.10-win32/bin/../lib/gcc/arm-none-eabi/10.3.1/../../../../arm-none-eabi/lib/thumb/v7-m/nofp\libc.a(lib_a-fclose.o)
 .ARM.attributes
                0x00000734       0x2d d:/mingw x86_64/gcc-arm-none-eabi-10.3-2021.10-win32/bin/../lib/gcc/arm-none-eabi/10.3.1/../../../../arm-none-eabi/lib/thumb/v7-m/nofp\libc.a(lib_a-fflush.o)
 .ARM.attributes
                0x00000761       0x2d d:/mingw x86_64/gcc-arm-none-eabi-10.3-2021.10-win32/bin/../lib/gcc/arm-none-eabi/10.3.1/../../../../arm-none-eabi/lib/thumb/v7-m/nofp\libc.a(lib_a-freer.o)
 .ARM.attributes
                0x0000078e       0x2d d:/mingw x86_64/gcc-arm-none-eabi-10.3-2021.10-win32/bin/../lib/gcc/arm-none-eabi/10.3.1/../../../../arm-none-eabi/lib/thumb/v7-m/nofp\libc.a(lib_a-lseekr.o)
 .ARM.attributes
                0x000007bb       0x2d d:/mingw x86_64/gcc-arm-none-eabi-10.3-2021.10-win32/bin/../lib/gcc/arm-none-eabi/10.3.1/../../../../arm-none-eabi/lib/thumb/v7-m/nofp\libc.a(lib_a-makebuf.o)
 .ARM.attributes
                0x000007e8       0x2d d:/mingw x86_64/gcc-arm-none-eabi-10.3-2021.10-win32/bin/../lib/gcc/arm-none-eabi/10.3.1/../../../../arm-none-eabi/lib/thumb/v7-m/nofp\libc.a(lib_a-readr.o)
 .ARM.attributes
                0x00000815       0x2d d:/mingw x86_64/gcc-arm-none-eabi-10.3-2021.10-win32/bin/../lib/gcc/arm-none-eabi/10.3.1/../../../../arm-none-eabi/lib/thumb/v7-m/nofp\libc.a(lib_a-reent.o)
 .ARM.attributes
                0x00000842       0x2d d:/mingw x86_64/gcc-arm-none-eabi-10.3-2021.10-win32/bin/../lib/gcc/arm-none-eabi/10.3.1/../../../../arm-none-eabi/lib/thumb/v7-m/nofp\libc.a(lib_a-fstatr.o)
 .ARM.attributes
                0x0000086f       0x2d d:/mingw x86_64/gcc-arm-none-eabi-10.3-2021.10-win32/bin/../lib/gcc/arm-none-eabi/10.3.1/../../../../arm-none-eabi/lib/thumb/v7-m/nofp\libc.a(lib_a-isattyr.o)
 .ARM.attributes
                0x0000089c       0x1d d:/mingw x86_64/gcc-arm-none-eabi-10.3-2021.10-win32/bin/../lib/gcc/arm-none-eabi/10.3.1/thumb/v7-m/nofp/crtn.o
OUTPUT(object\template.elf elf32-littlearm)
LOAD linker stubs
LOAD d:/mingw x86_64/gcc-arm-none-eabi-10.3-2021.10-win32/bin/../lib/gcc/arm-none-eabi/10.3.1/../../../../arm-none-eabi/lib/thumb/v7-m/nofp\libc.a
LOAD d:/mingw x86_64/gcc-arm-none-eabi-10.3-2021.10-win32/bin/../lib/gcc/arm-none-eabi/10.3.1/../../../../arm-none-eabi/lib/thumb/v7-m/nofp\libm.a
LOAD d:/mingw x86_64/gcc-arm-none-eabi-10.3-2021.10-win32/bin/../lib/gcc/arm-none-eabi/10.3.1/thumb/v7-m/nofp\libgcc.a

.comment        0x00000000       0x49
 .comment       0x00000000       0x49 others/system_stm32f10x.o
                                 0x4a (size before relaxing)
 .comment       0x00000049       0x4a others/syscalls.o
 .comment       0x00000049       0x4a others/main.o
 .comment       0x00000049       0x4a others/stm32f10x_it.o
 .comment       0x00000049       0x4a others/stm32f10x_gpio.o
 .comment       0x00000049       0x4a others/stm32f10x_exti.o
 .comment       0x00000049       0x4a others/misc.o
 .comment       0x00000049       0x4a others/stm32f10x_usart.o
 .comment       0x00000049       0x4a others/stm32f10x_rcc.o
 .comment       0x00000049       0x4a others/stm32f10x_dma.o
 .comment       0x00000049       0x4a others/lab_exti.o
 .comment       0x00000049       0x4a others/led.o
 .comment       0x00000049       0x4a others/lab_usart_simple.o
 .comment       0x00000049       0x4a others/lab_dma.o
 .comment       0x00000049       0x4a others/delay.o

.debug_frame    0x00000000      0x958
 .debug_frame   0x00000000       0x2c d:/mingw x86_64/gcc-arm-none-eabi-10.3-2021.10-win32/bin/../lib/gcc/arm-none-eabi/10.3.1/../../../../arm-none-eabi/lib/thumb/v7-m/nofp\libc.a(lib_a-memset.o)
 .debug_frame   0x0000002c       0x48 d:/mingw x86_64/gcc-arm-none-eabi-10.3-2021.10-win32/bin/../lib/gcc/arm-none-eabi/10.3.1/../../../../arm-none-eabi/lib/thumb/v7-m/nofp\libc.a(lib_a-puts.o)
 .debug_frame   0x00000074       0x20 d:/mingw x86_64/gcc-arm-none-eabi-10.3-2021.10-win32/bin/../lib/gcc/arm-none-eabi/10.3.1/../../../../arm-none-eabi/lib/thumb/v7-m/nofp\libc.a(lib_a-strlen-stub.o)
 .debug_frame   0x00000094       0x5c d:/mingw x86_64/gcc-arm-none-eabi-10.3-2021.10-win32/bin/../lib/gcc/arm-none-eabi/10.3.1/../../../../arm-none-eabi/lib/thumb/v7-m/nofp\libc.a(lib_a-__call_atexit.o)
 .debug_frame   0x000000f0       0x20 d:/mingw x86_64/gcc-arm-none-eabi-10.3-2021.10-win32/bin/../lib/gcc/arm-none-eabi/10.3.1/../../../../arm-none-eabi/lib/thumb/v7-m/nofp\libc.a(lib_a-atexit.o)
 .debug_frame   0x00000110      0x154 d:/mingw x86_64/gcc-arm-none-eabi-10.3-2021.10-win32/bin/../lib/gcc/arm-none-eabi/10.3.1/../../../../arm-none-eabi/lib/thumb/v7-m/nofp\libc.a(lib_a-findfp.o)
 .debug_frame   0x00000264       0x34 d:/mingw x86_64/gcc-arm-none-eabi-10.3-2021.10-win32/bin/../lib/gcc/arm-none-eabi/10.3.1/../../../../arm-none-eabi/lib/thumb/v7-m/nofp\libc.a(lib_a-fini.o)
 .debug_frame   0x00000298       0x64 d:/mingw x86_64/gcc-arm-none-eabi-10.3-2021.10-win32/bin/../lib/gcc/arm-none-eabi/10.3.1/../../../../arm-none-eabi/lib/thumb/v7-m/nofp\libc.a(lib_a-fvwrite.o)
 .debug_frame   0x000002fc       0x54 d:/mingw x86_64/gcc-arm-none-eabi-10.3-2021.10-win32/bin/../lib/gcc/arm-none-eabi/10.3.1/../../../../arm-none-eabi/lib/thumb/v7-m/nofp\libc.a(lib_a-fwalk.o)
 .debug_frame   0x00000350       0xb0 d:/mingw x86_64/gcc-arm-none-eabi-10.3-2021.10-win32/bin/../lib/gcc/arm-none-eabi/10.3.1/../../../../arm-none-eabi/lib/thumb/v7-m/nofp\libc.a(lib_a-lock.o)
 .debug_frame   0x00000400       0x4c d:/mingw x86_64/gcc-arm-none-eabi-10.3-2021.10-win32/bin/../lib/gcc/arm-none-eabi/10.3.1/../../../../arm-none-eabi/lib/thumb/v7-m/nofp\libc.a(lib_a-mallocr.o)
 .debug_frame   0x0000044c       0x28 d:/mingw x86_64/gcc-arm-none-eabi-10.3-2021.10-win32/bin/../lib/gcc/arm-none-eabi/10.3.1/../../../../arm-none-eabi/lib/thumb/v7-m/nofp\libc.a(lib_a-memchr-stub.o)
 .debug_frame   0x00000474       0x40 d:/mingw x86_64/gcc-arm-none-eabi-10.3-2021.10-win32/bin/../lib/gcc/arm-none-eabi/10.3.1/../../../../arm-none-eabi/lib/thumb/v7-m/nofp\libc.a(lib_a-memmove.o)
 .debug_frame   0x000004b4       0x30 d:/mingw x86_64/gcc-arm-none-eabi-10.3-2021.10-win32/bin/../lib/gcc/arm-none-eabi/10.3.1/../../../../arm-none-eabi/lib/thumb/v7-m/nofp\libc.a(lib_a-mlock.o)
 .debug_frame   0x000004e4       0x48 d:/mingw x86_64/gcc-arm-none-eabi-10.3-2021.10-win32/bin/../lib/gcc/arm-none-eabi/10.3.1/../../../../arm-none-eabi/lib/thumb/v7-m/nofp\libc.a(lib_a-reallocr.o)
 .debug_frame   0x0000052c       0x2c d:/mingw x86_64/gcc-arm-none-eabi-10.3-2021.10-win32/bin/../lib/gcc/arm-none-eabi/10.3.1/../../../../arm-none-eabi/lib/thumb/v7-m/nofp\libc.a(lib_a-sbrkr.o)
 .debug_frame   0x00000558       0x8c d:/mingw x86_64/gcc-arm-none-eabi-10.3-2021.10-win32/bin/../lib/gcc/arm-none-eabi/10.3.1/../../../../arm-none-eabi/lib/thumb/v7-m/nofp\libc.a(lib_a-stdio.o)
 .debug_frame   0x000005e4       0x2c d:/mingw x86_64/gcc-arm-none-eabi-10.3-2021.10-win32/bin/../lib/gcc/arm-none-eabi/10.3.1/../../../../arm-none-eabi/lib/thumb/v7-m/nofp\libc.a(lib_a-writer.o)
 .debug_frame   0x00000610       0x2c d:/mingw x86_64/gcc-arm-none-eabi-10.3-2021.10-win32/bin/../lib/gcc/arm-none-eabi/10.3.1/../../../../arm-none-eabi/lib/thumb/v7-m/nofp\libc.a(lib_a-wsetup.o)
 .debug_frame   0x0000063c       0x34 d:/mingw x86_64/gcc-arm-none-eabi-10.3-2021.10-win32/bin/../lib/gcc/arm-none-eabi/10.3.1/../../../../arm-none-eabi/lib/thumb/v7-m/nofp\libc.a(lib_a-__atexit.o)
 .debug_frame   0x00000670       0x2c d:/mingw x86_64/gcc-arm-none-eabi-10.3-2021.10-win32/bin/../lib/gcc/arm-none-eabi/10.3.1/../../../../arm-none-eabi/lib/thumb/v7-m/nofp\libc.a(lib_a-closer.o)
 .debug_frame   0x0000069c       0x3c d:/mingw x86_64/gcc-arm-none-eabi-10.3-2021.10-win32/bin/../lib/gcc/arm-none-eabi/10.3.1/../../../../arm-none-eabi/lib/thumb/v7-m/nofp\libc.a(lib_a-fclose.o)
 .debug_frame   0x000006d8       0x70 d:/mingw x86_64/gcc-arm-none-eabi-10.3-2021.10-win32/bin/../lib/gcc/arm-none-eabi/10.3.1/../../../../arm-none-eabi/lib/thumb/v7-m/nofp\libc.a(lib_a-fflush.o)
 .debug_frame   0x00000748       0x8c d:/mingw x86_64/gcc-arm-none-eabi-10.3-2021.10-win32/bin/../lib/gcc/arm-none-eabi/10.3.1/../../../../arm-none-eabi/lib/thumb/v7-m/nofp\libc.a(lib_a-freer.o)
 .debug_frame   0x000007d4       0x2c d:/mingw x86_64/gcc-arm-none-eabi-10.3-2021.10-win32/bin/../lib/gcc/arm-none-eabi/10.3.1/../../../../arm-none-eabi/lib/thumb/v7-m/nofp\libc.a(lib_a-lseekr.o)
 .debug_frame   0x00000800       0x70 d:/mingw x86_64/gcc-arm-none-eabi-10.3-2021.10-win32/bin/../lib/gcc/arm-none-eabi/10.3.1/../../../../arm-none-eabi/lib/thumb/v7-m/nofp\libc.a(lib_a-makebuf.o)
 .debug_frame   0x00000870       0x2c d:/mingw x86_64/gcc-arm-none-eabi-10.3-2021.10-win32/bin/../lib/gcc/arm-none-eabi/10.3.1/../../../../arm-none-eabi/lib/thumb/v7-m/nofp\libc.a(lib_a-readr.o)
 .debug_frame   0x0000089c       0x64 d:/mingw x86_64/gcc-arm-none-eabi-10.3-2021.10-win32/bin/../lib/gcc/arm-none-eabi/10.3.1/../../../../arm-none-eabi/lib/thumb/v7-m/nofp\libc.a(lib_a-reent.o)
 .debug_frame   0x00000900       0x2c d:/mingw x86_64/gcc-arm-none-eabi-10.3-2021.10-win32/bin/../lib/gcc/arm-none-eabi/10.3.1/../../../../arm-none-eabi/lib/thumb/v7-m/nofp\libc.a(lib_a-fstatr.o)
 .debug_frame   0x0000092c       0x2c d:/mingw x86_64/gcc-arm-none-eabi-10.3-2021.10-win32/bin/../lib/gcc/arm-none-eabi/10.3.1/../../../../arm-none-eabi/lib/thumb/v7-m/nofp\libc.a(lib_a-isattyr.o)

Cross Reference Table

Symbol                                            File
ADC1_2_IRQHandler                                 others/startup_stm32f10x_hd.o
ADC3_IRQHandler                                   others/startup_stm32f10x_hd.o
ADC_AnalogWatchdogCmd                             others/stm32f10x_adc.o
ADC_AnalogWatchdogSingleChannelConfig             others/stm32f10x_adc.o
ADC_AnalogWatchdogThresholdsConfig                others/stm32f10x_adc.o
ADC_AutoInjectedConvCmd                           others/stm32f10x_adc.o
ADC_ClearFlag                                     others/stm32f10x_adc.o
ADC_ClearITPendingBit                             others/stm32f10x_adc.o
ADC_Cmd                                           others/stm32f10x_adc.o
ADC_DMACmd                                        others/stm32f10x_adc.o
ADC_DeInit                                        others/stm32f10x_adc.o
ADC_DiscModeChannelCountConfig                    others/stm32f10x_adc.o
ADC_DiscModeCmd                                   others/stm32f10x_adc.o
ADC_ExternalTrigConvCmd                           others/stm32f10x_adc.o
ADC_ExternalTrigInjectedConvCmd                   others/stm32f10x_adc.o
ADC_ExternalTrigInjectedConvConfig                others/stm32f10x_adc.o
ADC_GetCalibrationStatus                          others/stm32f10x_adc.o
ADC_GetConversionValue                            others/stm32f10x_adc.o
ADC_GetDualModeConversionValue                    others/stm32f10x_adc.o
ADC_GetFlagStatus                                 others/stm32f10x_adc.o
ADC_GetITStatus                                   others/stm32f10x_adc.o
ADC_GetInjectedConversionValue                    others/stm32f10x_adc.o
ADC_GetResetCalibrationStatus                     others/stm32f10x_adc.o
ADC_GetSoftwareStartConvStatus                    others/stm32f10x_adc.o
ADC_GetSoftwareStartInjectedConvCmdStatus         others/stm32f10x_adc.o
ADC_ITConfig                                      others/stm32f10x_adc.o
ADC_Init                                          others/stm32f10x_adc.o
ADC_InjectedChannelConfig                         others/stm32f10x_adc.o
ADC_InjectedDiscModeCmd                           others/stm32f10x_adc.o
ADC_InjectedSequencerLengthConfig                 others/stm32f10x_adc.o
ADC_RegularChannelConfig                          others/stm32f10x_adc.o
ADC_ResetCalibration                              others/stm32f10x_adc.o
ADC_SetInjectedOffset                             others/stm32f10x_adc.o
ADC_SoftwareStartConvCmd                          others/stm32f10x_adc.o
ADC_SoftwareStartInjectedConvCmd                  others/stm32f10x_adc.o
ADC_StartCalibration                              others/stm32f10x_adc.o
ADC_StructInit                                    others/stm32f10x_adc.o
ADC_TempSensorVrefintCmd                          others/stm32f10x_adc.o
AHBPrescTable                                     others/system_stm32f10x.o
BKP_ClearFlag                                     others/stm32f10x_bkp.o
BKP_ClearITPendingBit                             others/stm32f10x_bkp.o
BKP_DeInit                                        others/stm32f10x_bkp.o
BKP_GetFlagStatus                                 others/stm32f10x_bkp.o
BKP_GetITStatus                                   others/stm32f10x_bkp.o
BKP_ITConfig                                      others/stm32f10x_bkp.o
BKP_RTCOutputConfig                               others/stm32f10x_bkp.o
BKP_ReadBackupRegister                            others/stm32f10x_bkp.o
BKP_SetRTCCalibrationValue                        others/stm32f10x_bkp.o
BKP_TamperPinCmd                                  others/stm32f10x_bkp.o
BKP_TamperPinLevelConfig                          others/stm32f10x_bkp.o
BKP_WriteBackupRegister                           others/stm32f10x_bkp.o
BusFault_Handler                                  others/stm32f10x_it.o
CAN1_RX1_IRQHandler                               others/startup_stm32f10x_hd.o
CAN1_SCE_IRQHandler                               others/startup_stm32f10x_hd.o
CAN_CancelTransmit                                others/stm32f10x_can.o
CAN_ClearFlag                                     others/stm32f10x_can.o
CAN_ClearITPendingBit                             others/stm32f10x_can.o
CAN_DBGFreeze                                     others/stm32f10x_can.o
CAN_DeInit                                        others/stm32f10x_can.o
CAN_FIFORelease                                   others/stm32f10x_can.o
CAN_FilterInit                                    others/stm32f10x_can.o
CAN_GetFlagStatus                                 others/stm32f10x_can.o
CAN_GetITStatus                                   others/stm32f10x_can.o
CAN_GetLSBTransmitErrorCounter                    others/stm32f10x_can.o
CAN_GetLastErrorCode                              others/stm32f10x_can.o
CAN_GetReceiveErrorCounter                        others/stm32f10x_can.o
CAN_ITConfig                                      others/stm32f10x_can.o
CAN_Init                                          others/stm32f10x_can.o
CAN_MessagePending                                others/stm32f10x_can.o
CAN_OperatingModeRequest                          others/stm32f10x_can.o
CAN_Receive                                       others/stm32f10x_can.o
CAN_SlaveStartBank                                others/stm32f10x_can.o
CAN_Sleep                                         others/stm32f10x_can.o
CAN_StructInit                                    others/stm32f10x_can.o
CAN_TTComModeCmd                                  others/stm32f10x_can.o
CAN_Transmit                                      others/stm32f10x_can.o
CAN_TransmitStatus                                others/stm32f10x_can.o
CAN_WakeUp                                        others/stm32f10x_can.o
CEC_ClearFlag                                     others/stm32f10x_cec.o
CEC_ClearITPendingBit                             others/stm32f10x_cec.o
CEC_Cmd                                           others/stm32f10x_cec.o
CEC_DeInit                                        others/stm32f10x_cec.o
CEC_EndOfMessageCmd                               others/stm32f10x_cec.o
CEC_GetFlagStatus                                 others/stm32f10x_cec.o
CEC_GetITStatus                                   others/stm32f10x_cec.o
CEC_ITConfig                                      others/stm32f10x_cec.o
CEC_Init                                          others/stm32f10x_cec.o
CEC_OwnAddressConfig                              others/stm32f10x_cec.o
CEC_ReceiveDataByte                               others/stm32f10x_cec.o
CEC_SendDataByte                                  others/stm32f10x_cec.o
CEC_SetPrescaler                                  others/stm32f10x_cec.o
CEC_StartOfMessage                                others/stm32f10x_cec.o
CRC_CalcBlockCRC                                  others/stm32f10x_crc.o
CRC_CalcCRC                                       others/stm32f10x_crc.o
CRC_GetCRC                                        others/stm32f10x_crc.o
CRC_GetIDRegister                                 others/stm32f10x_crc.o
CRC_ResetDR                                       others/stm32f10x_crc.o
CRC_SetIDRegister                                 others/stm32f10x_crc.o
DAC_Cmd                                           others/stm32f10x_dac.o
DAC_DMACmd                                        others/stm32f10x_dac.o
DAC_DeInit                                        others/stm32f10x_dac.o
DAC_DualSoftwareTriggerCmd                        others/stm32f10x_dac.o
DAC_GetDataOutputValue                            others/stm32f10x_dac.o
DAC_Init                                          others/stm32f10x_dac.o
DAC_SetChannel1Data                               others/stm32f10x_dac.o
DAC_SetChannel2Data                               others/stm32f10x_dac.o
DAC_SetDualChannelData                            others/stm32f10x_dac.o
DAC_SoftwareTriggerCmd                            others/stm32f10x_dac.o
DAC_StructInit                                    others/stm32f10x_dac.o
DAC_WaveGenerationCmd                             others/stm32f10x_dac.o
DBGMCU_Config                                     others/stm32f10x_dbgmcu.o
DBGMCU_GetDEVID                                   others/stm32f10x_dbgmcu.o
DBGMCU_GetREVID                                   others/stm32f10x_dbgmcu.o
DMA1_Channel1_IRQHandler                          others/startup_stm32f10x_hd.o
DMA1_Channel2_IRQHandler                          others/startup_stm32f10x_hd.o
DMA1_Channel3_IRQHandler                          others/startup_stm32f10x_hd.o
DMA1_Channel4_IRQHandler                          others/lab_dma.o
DMA1_Channel5_IRQHandler                          others/startup_stm32f10x_hd.o
DMA1_Channel6_IRQHandler                          others/startup_stm32f10x_hd.o
DMA1_Channel7_IRQHandler                          others/startup_stm32f10x_hd.o
DMA2_Channel1_IRQHandler                          others/startup_stm32f10x_hd.o
DMA2_Channel2_IRQHandler                          others/startup_stm32f10x_hd.o
DMA2_Channel3_IRQHandler                          others/startup_stm32f10x_hd.o
DMA2_Channel4_5_IRQHandler                        others/startup_stm32f10x_hd.o
DMA_ClearFlag                                     others/stm32f10x_dma.o
DMA_ClearITPendingBit                             others/stm32f10x_dma.o
                                                  others/lab_dma.o
DMA_Cmd                                           others/stm32f10x_dma.o
                                                  others/lab_dma.o
DMA_DeInit                                        others/stm32f10x_dma.o
                                                  others/lab_dma.o
DMA_GetCurrDataCounter                            others/stm32f10x_dma.o
DMA_GetFlagStatus                                 others/stm32f10x_dma.o
DMA_GetITStatus                                   others/stm32f10x_dma.o
                                                  others/lab_dma.o
DMA_ITConfig                                      others/stm32f10x_dma.o
                                                  others/lab_dma.o
DMA_Init                                          others/stm32f10x_dma.o
                                                  others/lab_dma.o
DMA_SetCurrDataCounter                            others/stm32f10x_dma.o
                                                  others/lab_dma.o
DMA_StructInit                                    others/stm32f10x_dma.o
DebugMon_Handler                                  others/stm32f10x_it.o
Default_Handler                                   others/startup_stm32f10x_hd.o
Dma_Rework                                        others/lab_dma.o
                                                  others/main.o
Dma_m2m_Init                                      others/lab_dma.o
Dma_m2p_Init                                      others/lab_dma.o
                                                  others/main.o
EXTI0_IRQHandler                                  others/startup_stm32f10x_hd.o
EXTI15_10_IRQHandler                              others/lab_exti.o
EXTI1_IRQHandler                                  others/startup_stm32f10x_hd.o
EXTI2_IRQHandler                                  others/startup_stm32f10x_hd.o
EXTI3_IRQHandler                                  others/startup_stm32f10x_hd.o
EXTI4_IRQHandler                                  others/startup_stm32f10x_hd.o
EXTI9_5_IRQHandler                                others/lab_exti.o
EXTI_ClearFlag                                    others/stm32f10x_exti.o
EXTI_ClearITPendingBit                            others/stm32f10x_exti.o
                                                  others/lab_exti.o
EXTI_Configuration                                others/lab_exti.o
EXTI_DeInit                                       others/stm32f10x_exti.o
EXTI_GenerateSWInterrupt                          others/stm32f10x_exti.o
EXTI_GetFlagStatus                                others/stm32f10x_exti.o
                                                  others/lab_exti.o
EXTI_GetITStatus                                  others/stm32f10x_exti.o
EXTI_Init                                         others/stm32f10x_exti.o
                                                  others/lab_exti.o
EXTI_StructInit                                   others/stm32f10x_exti.o
FLASH_ClearFlag                                   others/stm32f10x_flash.o
FLASH_EnableWriteProtection                       others/stm32f10x_flash.o
FLASH_EraseAllBank1Pages                          others/stm32f10x_flash.o
FLASH_EraseAllPages                               others/stm32f10x_flash.o
FLASH_EraseOptionBytes                            others/stm32f10x_flash.o
FLASH_ErasePage                                   others/stm32f10x_flash.o
FLASH_GetBank1Status                              others/stm32f10x_flash.o
FLASH_GetFlagStatus                               others/stm32f10x_flash.o
FLASH_GetPrefetchBufferStatus                     others/stm32f10x_flash.o
FLASH_GetReadOutProtectionStatus                  others/stm32f10x_flash.o
FLASH_GetStatus                                   others/stm32f10x_flash.o
FLASH_GetUserOptionByte                           others/stm32f10x_flash.o
FLASH_GetWriteProtectionOptionByte                others/stm32f10x_flash.o
FLASH_HalfCycleAccessCmd                          others/stm32f10x_flash.o
FLASH_IRQHandler                                  others/startup_stm32f10x_hd.o
FLASH_ITConfig                                    others/stm32f10x_flash.o
FLASH_Lock                                        others/stm32f10x_flash.o
FLASH_LockBank1                                   others/stm32f10x_flash.o
FLASH_PrefetchBufferCmd                           others/stm32f10x_flash.o
FLASH_ProgramHalfWord                             others/stm32f10x_flash.o
FLASH_ProgramOptionByteData                       others/stm32f10x_flash.o
FLASH_ProgramWord                                 others/stm32f10x_flash.o
FLASH_ReadOutProtection                           others/stm32f10x_flash.o
FLASH_SetLatency                                  others/stm32f10x_flash.o
FLASH_Unlock                                      others/stm32f10x_flash.o
FLASH_UnlockBank1                                 others/stm32f10x_flash.o
FLASH_UserOptionByteConfig                        others/stm32f10x_flash.o
FLASH_WaitForLastBank1Operation                   others/stm32f10x_flash.o
FLASH_WaitForLastOperation                        others/stm32f10x_flash.o
FSMC_ClearFlag                                    others/stm32f10x_fsmc.o
FSMC_ClearITPendingBit                            others/stm32f10x_fsmc.o
FSMC_GetECC                                       others/stm32f10x_fsmc.o
FSMC_GetFlagStatus                                others/stm32f10x_fsmc.o
FSMC_GetITStatus                                  others/stm32f10x_fsmc.o
FSMC_IRQHandler                                   others/startup_stm32f10x_hd.o
FSMC_ITConfig                                     others/stm32f10x_fsmc.o
FSMC_NANDCmd                                      others/stm32f10x_fsmc.o
FSMC_NANDDeInit                                   others/stm32f10x_fsmc.o
FSMC_NANDECCCmd                                   others/stm32f10x_fsmc.o
FSMC_NANDInit                                     others/stm32f10x_fsmc.o
FSMC_NANDStructInit                               others/stm32f10x_fsmc.o
FSMC_NORSRAMCmd                                   others/stm32f10x_fsmc.o
FSMC_NORSRAMDeInit                                others/stm32f10x_fsmc.o
FSMC_NORSRAMInit                                  others/stm32f10x_fsmc.o
FSMC_NORSRAMStructInit                            others/stm32f10x_fsmc.o
FSMC_PCCARDCmd                                    others/stm32f10x_fsmc.o
FSMC_PCCARDDeInit                                 others/stm32f10x_fsmc.o
FSMC_PCCARDInit                                   others/stm32f10x_fsmc.o
FSMC_PCCARDStructInit                             others/stm32f10x_fsmc.o
GPIO_AFIODeInit                                   others/stm32f10x_gpio.o
GPIO_DeInit                                       others/stm32f10x_gpio.o
GPIO_ETH_MediaInterfaceConfig                     others/stm32f10x_gpio.o
GPIO_EXTILineConfig                               others/stm32f10x_gpio.o
                                                  others/lab_exti.o
GPIO_EventOutputCmd                               others/stm32f10x_gpio.o
GPIO_EventOutputConfig                            others/stm32f10x_gpio.o
GPIO_Init                                         others/stm32f10x_gpio.o
                                                  others/key.o
                                                  others/lab_usart_simple.o
                                                  others/led.o
                                                  others/lab_exti.o
GPIO_PinLockConfig                                others/stm32f10x_gpio.o
GPIO_PinRemapConfig                               others/stm32f10x_gpio.o
GPIO_ReadInputData                                others/stm32f10x_gpio.o
GPIO_ReadInputDataBit                             others/stm32f10x_gpio.o
                                                  others/key.o
GPIO_ReadOutputData                               others/stm32f10x_gpio.o
GPIO_ReadOutputDataBit                            others/stm32f10x_gpio.o
GPIO_ResetBits                                    others/stm32f10x_gpio.o
GPIO_SetBits                                      others/stm32f10x_gpio.o
                                                  others/led.o
GPIO_StructInit                                   others/stm32f10x_gpio.o
GPIO_Write                                        others/stm32f10x_gpio.o
GPIO_WriteBit                                     others/stm32f10x_gpio.o
HardFault_Handler                                 others/stm32f10x_it.o
I2C1_ER_IRQHandler                                others/startup_stm32f10x_hd.o
I2C1_EV_IRQHandler                                others/startup_stm32f10x_hd.o
I2C2_ER_IRQHandler                                others/startup_stm32f10x_hd.o
I2C2_EV_IRQHandler                                others/startup_stm32f10x_hd.o
I2C_ARPCmd                                        others/stm32f10x_i2c.o
I2C_AcknowledgeConfig                             others/stm32f10x_i2c.o
I2C_CalculatePEC                                  others/stm32f10x_i2c.o
I2C_CheckEvent                                    others/stm32f10x_i2c.o
I2C_ClearFlag                                     others/stm32f10x_i2c.o
I2C_ClearITPendingBit                             others/stm32f10x_i2c.o
I2C_Cmd                                           others/stm32f10x_i2c.o
I2C_DMACmd                                        others/stm32f10x_i2c.o
I2C_DMALastTransferCmd                            others/stm32f10x_i2c.o
I2C_DeInit                                        others/stm32f10x_i2c.o
I2C_DualAddressCmd                                others/stm32f10x_i2c.o
I2C_FastModeDutyCycleConfig                       others/stm32f10x_i2c.o
I2C_GeneralCallCmd                                others/stm32f10x_i2c.o
I2C_GenerateSTART                                 others/stm32f10x_i2c.o
I2C_GenerateSTOP                                  others/stm32f10x_i2c.o
I2C_GetFlagStatus                                 others/stm32f10x_i2c.o
I2C_GetITStatus                                   others/stm32f10x_i2c.o
I2C_GetLastEvent                                  others/stm32f10x_i2c.o
I2C_GetPEC                                        others/stm32f10x_i2c.o
I2C_ITConfig                                      others/stm32f10x_i2c.o
I2C_Init                                          others/stm32f10x_i2c.o
I2C_NACKPositionConfig                            others/stm32f10x_i2c.o
I2C_OwnAddress2Config                             others/stm32f10x_i2c.o
I2C_PECPositionConfig                             others/stm32f10x_i2c.o
I2C_ReadRegister                                  others/stm32f10x_i2c.o
I2C_ReceiveData                                   others/stm32f10x_i2c.o
I2C_SMBusAlertConfig                              others/stm32f10x_i2c.o
I2C_Send7bitAddress                               others/stm32f10x_i2c.o
I2C_SendData                                      others/stm32f10x_i2c.o
I2C_SoftwareResetCmd                              others/stm32f10x_i2c.o
I2C_StretchClockCmd                               others/stm32f10x_i2c.o
I2C_StructInit                                    others/stm32f10x_i2c.o
I2C_TransmitPEC                                   others/stm32f10x_i2c.o
I2S_Cmd                                           others/stm32f10x_spi.o
I2S_Init                                          others/stm32f10x_spi.o
I2S_StructInit                                    others/stm32f10x_spi.o
INTX_DISABLE                                      others/sys.o
INTX_ENABLE                                       others/sys.o
IWDG_Enable                                       others/stm32f10x_iwdg.o
IWDG_GetFlagStatus                                others/stm32f10x_iwdg.o
IWDG_ReloadCounter                                others/stm32f10x_iwdg.o
IWDG_SetPrescaler                                 others/stm32f10x_iwdg.o
IWDG_SetReload                                    others/stm32f10x_iwdg.o
IWDG_WriteAccessCmd                               others/stm32f10x_iwdg.o
KeyInit                                           others/key.o
LedInit                                           others/led.o
                                                  others/main.o
MSR_MSP                                           others/sys.o
MemManage_Handler                                 others/stm32f10x_it.o
NMI_Handler                                       others/stm32f10x_it.o
NVIC_DMA_Configuration                            others/lab_dma.o
NVIC_EXTI_Configuration                           others/lab_exti.o
NVIC_Init                                         others/misc.o
                                                  others/lab_dma.o
                                                  others/lab_usart_simple.o
                                                  others/lab_exti.o
NVIC_PriorityGroupConfig                          others/misc.o
                                                  others/lab_dma.o
                                                  others/lab_usart_simple.o
NVIC_SetVectorTable                               others/misc.o
NVIC_SystemLPConfig                               others/misc.o
NVIC_USART_Configuration                          others/lab_usart_simple.o
PVD_IRQHandler                                    others/startup_stm32f10x_hd.o
PWR_BackupAccessCmd                               others/stm32f10x_pwr.o
PWR_ClearFlag                                     others/stm32f10x_pwr.o
PWR_DeInit                                        others/stm32f10x_pwr.o
PWR_EnterSTANDBYMode                              others/stm32f10x_pwr.o
PWR_EnterSTOPMode                                 others/stm32f10x_pwr.o
PWR_GetFlagStatus                                 others/stm32f10x_pwr.o
PWR_PVDCmd                                        others/stm32f10x_pwr.o
PWR_PVDLevelConfig                                others/stm32f10x_pwr.o
PWR_WakeUpPinCmd                                  others/stm32f10x_pwr.o
PendSV_Handler                                    others/stm32f10x_it.o
RCC_ADCCLKConfig                                  others/stm32f10x_rcc.o
RCC_AHBPeriphClockCmd                             others/stm32f10x_rcc.o
                                                  others/lab_dma.o
RCC_APB1PeriphClockCmd                            others/stm32f10x_rcc.o
RCC_APB1PeriphResetCmd                            others/stm32f10x_rcc.o
                                                  others/stm32f10x_dac.o
                                                  others/stm32f10x_can.o
                                                  others/stm32f10x_pwr.o
                                                  others/stm32f10x_i2c.o
                                                  others/stm32f10x_usart.o
                                                  others/stm32f10x_tim.o
                                                  others/stm32f10x_wwdg.o
                                                  others/stm32f10x_cec.o
                                                  others/stm32f10x_spi.o
RCC_APB2PeriphClockCmd                            others/stm32f10x_rcc.o
                                                  others/key.o
                                                  others/lab_usart_simple.o
                                                  others/led.o
                                                  others/lab_exti.o
RCC_APB2PeriphResetCmd                            others/stm32f10x_rcc.o
                                                  others/stm32f10x_usart.o
                                                  others/stm32f10x_tim.o
                                                  others/stm32f10x_adc.o
                                                  others/stm32f10x_spi.o
                                                  others/stm32f10x_gpio.o
RCC_AdjustHSICalibrationValue                     others/stm32f10x_rcc.o
RCC_BackupResetCmd                                others/stm32f10x_rcc.o
                                                  others/stm32f10x_bkp.o
RCC_ClearFlag                                     others/stm32f10x_rcc.o
RCC_ClearITPendingBit                             others/stm32f10x_rcc.o
RCC_ClockSecuritySystemCmd                        others/stm32f10x_rcc.o
RCC_DeInit                                        others/stm32f10x_rcc.o
RCC_GetClocksFreq                                 others/stm32f10x_rcc.o
                                                  others/stm32f10x_i2c.o
                                                  others/stm32f10x_usart.o
                                                  others/stm32f10x_spi.o
RCC_GetFlagStatus                                 others/stm32f10x_rcc.o
RCC_GetITStatus                                   others/stm32f10x_rcc.o
RCC_GetSYSCLKSource                               others/stm32f10x_rcc.o
RCC_HCLKConfig                                    others/stm32f10x_rcc.o
RCC_HSEConfig                                     others/stm32f10x_rcc.o
RCC_HSICmd                                        others/stm32f10x_rcc.o
RCC_IRQHandler                                    others/startup_stm32f10x_hd.o
RCC_ITConfig                                      others/stm32f10x_rcc.o
RCC_LSEConfig                                     others/stm32f10x_rcc.o
RCC_LSICmd                                        others/stm32f10x_rcc.o
RCC_MCOConfig                                     others/stm32f10x_rcc.o
RCC_PCLK1Config                                   others/stm32f10x_rcc.o
RCC_PCLK2Config                                   others/stm32f10x_rcc.o
RCC_PLLCmd                                        others/stm32f10x_rcc.o
RCC_PLLConfig                                     others/stm32f10x_rcc.o
RCC_RTCCLKCmd                                     others/stm32f10x_rcc.o
RCC_RTCCLKConfig                                  others/stm32f10x_rcc.o
RCC_SYSCLKConfig                                  others/stm32f10x_rcc.o
RCC_USBCLKConfig                                  others/stm32f10x_rcc.o
RCC_WaitForHSEStartUp                             others/stm32f10x_rcc.o
RTCAlarm_IRQHandler                               others/startup_stm32f10x_hd.o
RTC_ClearFlag                                     others/stm32f10x_rtc.o
RTC_ClearITPendingBit                             others/stm32f10x_rtc.o
RTC_EnterConfigMode                               others/stm32f10x_rtc.o
RTC_ExitConfigMode                                others/stm32f10x_rtc.o
RTC_GetCounter                                    others/stm32f10x_rtc.o
RTC_GetDivider                                    others/stm32f10x_rtc.o
RTC_GetFlagStatus                                 others/stm32f10x_rtc.o
RTC_GetITStatus                                   others/stm32f10x_rtc.o
RTC_IRQHandler                                    others/startup_stm32f10x_hd.o
RTC_ITConfig                                      others/stm32f10x_rtc.o
RTC_SetAlarm                                      others/stm32f10x_rtc.o
RTC_SetCounter                                    others/stm32f10x_rtc.o
RTC_SetPrescaler                                  others/stm32f10x_rtc.o
RTC_WaitForLastTask                               others/stm32f10x_rtc.o
RTC_WaitForSynchro                                others/stm32f10x_rtc.o
Reset_Handler                                     others/startup_stm32f10x_hd.o
SDIO_CEATAITCmd                                   others/stm32f10x_sdio.o
SDIO_ClearFlag                                    others/stm32f10x_sdio.o
SDIO_ClearITPendingBit                            others/stm32f10x_sdio.o
SDIO_ClockCmd                                     others/stm32f10x_sdio.o
SDIO_CmdStructInit                                others/stm32f10x_sdio.o
SDIO_CommandCompletionCmd                         others/stm32f10x_sdio.o
SDIO_DMACmd                                       others/stm32f10x_sdio.o
SDIO_DataConfig                                   others/stm32f10x_sdio.o
SDIO_DataStructInit                               others/stm32f10x_sdio.o
SDIO_DeInit                                       others/stm32f10x_sdio.o
SDIO_GetCommandResponse                           others/stm32f10x_sdio.o
SDIO_GetDataCounter                               others/stm32f10x_sdio.o
SDIO_GetFIFOCount                                 others/stm32f10x_sdio.o
SDIO_GetFlagStatus                                others/stm32f10x_sdio.o
SDIO_GetITStatus                                  others/stm32f10x_sdio.o
SDIO_GetPowerState                                others/stm32f10x_sdio.o
SDIO_GetResponse                                  others/stm32f10x_sdio.o
SDIO_IRQHandler                                   others/startup_stm32f10x_hd.o
SDIO_ITConfig                                     others/stm32f10x_sdio.o
SDIO_Init                                         others/stm32f10x_sdio.o
SDIO_ReadData                                     others/stm32f10x_sdio.o
SDIO_SendCEATACmd                                 others/stm32f10x_sdio.o
SDIO_SendCommand                                  others/stm32f10x_sdio.o
SDIO_SendSDIOSuspendCmd                           others/stm32f10x_sdio.o
SDIO_SetPowerState                                others/stm32f10x_sdio.o
SDIO_SetSDIOOperation                             others/stm32f10x_sdio.o
SDIO_SetSDIOReadWaitMode                          others/stm32f10x_sdio.o
SDIO_StartSDIOReadWait                            others/stm32f10x_sdio.o
SDIO_StopSDIOReadWait                             others/stm32f10x_sdio.o
SDIO_StructInit                                   others/stm32f10x_sdio.o
SDIO_WriteData                                    others/stm32f10x_sdio.o
SPI1_IRQHandler                                   others/startup_stm32f10x_hd.o
SPI2_IRQHandler                                   others/startup_stm32f10x_hd.o
SPI3_IRQHandler                                   others/startup_stm32f10x_hd.o
SPI_BiDirectionalLineConfig                       others/stm32f10x_spi.o
SPI_CalculateCRC                                  others/stm32f10x_spi.o
SPI_Cmd                                           others/stm32f10x_spi.o
SPI_DataSizeConfig                                others/stm32f10x_spi.o
SPI_GetCRC                                        others/stm32f10x_spi.o
SPI_GetCRCPolynomial                              others/stm32f10x_spi.o
SPI_I2S_ClearFlag                                 others/stm32f10x_spi.o
SPI_I2S_ClearITPendingBit                         others/stm32f10x_spi.o
SPI_I2S_DMACmd                                    others/stm32f10x_spi.o
SPI_I2S_DeInit                                    others/stm32f10x_spi.o
SPI_I2S_GetFlagStatus                             others/stm32f10x_spi.o
SPI_I2S_GetITStatus                               others/stm32f10x_spi.o
SPI_I2S_ITConfig                                  others/stm32f10x_spi.o
SPI_I2S_ReceiveData                               others/stm32f10x_spi.o
SPI_I2S_SendData                                  others/stm32f10x_spi.o
SPI_Init                                          others/stm32f10x_spi.o
SPI_NSSInternalSoftwareConfig                     others/stm32f10x_spi.o
SPI_SSOutputCmd                                   others/stm32f10x_spi.o
SPI_StructInit                                    others/stm32f10x_spi.o
SPI_TransmitCRC                                   others/stm32f10x_spi.o
SVC_Handler                                       others/stm32f10x_it.o
SysTick_CLKSourceConfig                           others/misc.o
                                                  others/delay.o
SysTick_Handler                                   others/stm32f10x_it.o
SystemCoreClock                                   others/system_stm32f10x.o
                                                  others/delay.o
SystemCoreClockUpdate                             others/system_stm32f10x.o
SystemInit                                        others/system_stm32f10x.o
                                                  others/startup_stm32f10x_hd.o
TAMPER_IRQHandler                                 others/startup_stm32f10x_hd.o
TIM1_BRK_IRQHandler                               others/startup_stm32f10x_hd.o
TIM1_CC_IRQHandler                                others/startup_stm32f10x_hd.o
TIM1_TRG_COM_IRQHandler                           others/startup_stm32f10x_hd.o
TIM1_UP_IRQHandler                                others/startup_stm32f10x_hd.o
TIM2_IRQHandler                                   others/startup_stm32f10x_hd.o
TIM3_IRQHandler                                   others/startup_stm32f10x_hd.o
TIM4_IRQHandler                                   others/startup_stm32f10x_hd.o
TIM5_IRQHandler                                   others/startup_stm32f10x_hd.o
TIM6_IRQHandler                                   others/startup_stm32f10x_hd.o
TIM7_IRQHandler                                   others/startup_stm32f10x_hd.o
TIM8_BRK_IRQHandler                               others/startup_stm32f10x_hd.o
TIM8_CC_IRQHandler                                others/startup_stm32f10x_hd.o
TIM8_TRG_COM_IRQHandler                           others/startup_stm32f10x_hd.o
TIM8_UP_IRQHandler                                others/startup_stm32f10x_hd.o
TIM_ARRPreloadConfig                              others/stm32f10x_tim.o
TIM_BDTRConfig                                    others/stm32f10x_tim.o
TIM_BDTRStructInit                                others/stm32f10x_tim.o
TIM_CCPreloadControl                              others/stm32f10x_tim.o
TIM_CCxCmd                                        others/stm32f10x_tim.o
TIM_CCxNCmd                                       others/stm32f10x_tim.o
TIM_ClearFlag                                     others/stm32f10x_tim.o
TIM_ClearITPendingBit                             others/stm32f10x_tim.o
TIM_ClearOC1Ref                                   others/stm32f10x_tim.o
TIM_ClearOC2Ref                                   others/stm32f10x_tim.o
TIM_ClearOC3Ref                                   others/stm32f10x_tim.o
TIM_ClearOC4Ref                                   others/stm32f10x_tim.o
TIM_Cmd                                           others/stm32f10x_tim.o
TIM_CounterModeConfig                             others/stm32f10x_tim.o
TIM_CtrlPWMOutputs                                others/stm32f10x_tim.o
TIM_DMACmd                                        others/stm32f10x_tim.o
TIM_DMAConfig                                     others/stm32f10x_tim.o
TIM_DeInit                                        others/stm32f10x_tim.o
TIM_ETRClockMode1Config                           others/stm32f10x_tim.o
TIM_ETRClockMode2Config                           others/stm32f10x_tim.o
TIM_ETRConfig                                     others/stm32f10x_tim.o
TIM_EncoderInterfaceConfig                        others/stm32f10x_tim.o
TIM_ForcedOC1Config                               others/stm32f10x_tim.o
TIM_ForcedOC2Config                               others/stm32f10x_tim.o
TIM_ForcedOC3Config                               others/stm32f10x_tim.o
TIM_ForcedOC4Config                               others/stm32f10x_tim.o
TIM_GenerateEvent                                 others/stm32f10x_tim.o
TIM_GetCapture1                                   others/stm32f10x_tim.o
TIM_GetCapture2                                   others/stm32f10x_tim.o
TIM_GetCapture3                                   others/stm32f10x_tim.o
TIM_GetCapture4                                   others/stm32f10x_tim.o
TIM_GetCounter                                    others/stm32f10x_tim.o
TIM_GetFlagStatus                                 others/stm32f10x_tim.o
TIM_GetITStatus                                   others/stm32f10x_tim.o
TIM_GetPrescaler                                  others/stm32f10x_tim.o
TIM_ICInit                                        others/stm32f10x_tim.o
TIM_ICStructInit                                  others/stm32f10x_tim.o
TIM_ITConfig                                      others/stm32f10x_tim.o
TIM_ITRxExternalClockConfig                       others/stm32f10x_tim.o
TIM_InternalClockConfig                           others/stm32f10x_tim.o
TIM_OC1FastConfig                                 others/stm32f10x_tim.o
TIM_OC1Init                                       others/stm32f10x_tim.o
TIM_OC1NPolarityConfig                            others/stm32f10x_tim.o
TIM_OC1PolarityConfig                             others/stm32f10x_tim.o
TIM_OC1PreloadConfig                              others/stm32f10x_tim.o
TIM_OC2FastConfig                                 others/stm32f10x_tim.o
TIM_OC2Init                                       others/stm32f10x_tim.o
TIM_OC2NPolarityConfig                            others/stm32f10x_tim.o
TIM_OC2PolarityConfig                             others/stm32f10x_tim.o
TIM_OC2PreloadConfig                              others/stm32f10x_tim.o
TIM_OC3FastConfig                                 others/stm32f10x_tim.o
TIM_OC3Init                                       others/stm32f10x_tim.o
TIM_OC3NPolarityConfig                            others/stm32f10x_tim.o
TIM_OC3PolarityConfig                             others/stm32f10x_tim.o
TIM_OC3PreloadConfig                              others/stm32f10x_tim.o
TIM_OC4FastConfig                                 others/stm32f10x_tim.o
TIM_OC4Init                                       others/stm32f10x_tim.o
TIM_OC4PolarityConfig                             others/stm32f10x_tim.o
TIM_OC4PreloadConfig                              others/stm32f10x_tim.o
TIM_OCStructInit                                  others/stm32f10x_tim.o
TIM_PWMIConfig                                    others/stm32f10x_tim.o
TIM_PrescalerConfig                               others/stm32f10x_tim.o
TIM_SelectCCDMA                                   others/stm32f10x_tim.o
TIM_SelectCOM                                     others/stm32f10x_tim.o
TIM_SelectHallSensor                              others/stm32f10x_tim.o
TIM_SelectInputTrigger                            others/stm32f10x_tim.o
TIM_SelectMasterSlaveMode                         others/stm32f10x_tim.o
TIM_SelectOCxM                                    others/stm32f10x_tim.o
TIM_SelectOnePulseMode                            others/stm32f10x_tim.o
TIM_SelectOutputTrigger                           others/stm32f10x_tim.o