ARM GAS  C:\Users\UXP\AppData\Local\Temp\ccy28kSH.s 			page 1


   1              		.cpu cortex-m3
   2              		.arch armv7-m
   3              		.fpu softvfp
   4              		.eabi_attribute 20, 1
   5              		.eabi_attribute 21, 1
   6              		.eabi_attribute 23, 3
   7              		.eabi_attribute 24, 1
   8              		.eabi_attribute 25, 1
   9              		.eabi_attribute 26, 1
  10              		.eabi_attribute 30, 1
  11              		.eabi_attribute 34, 1
  12              		.eabi_attribute 18, 4
  13              		.file	"list.c"
  14              		.text
  15              		.section	.text.vListInitialiseItem,"ax",%progbits
  16              		.align	1
  17              		.global	vListInitialiseItem
  18              		.syntax unified
  19              		.thumb
  20              		.thumb_func
  22              	vListInitialiseItem:
  23              		@ args = 0, pretend = 0, frame = 0
  24              		@ frame_needed = 0, uses_anonymous_args = 0
  25              		@ link register save eliminated.
  26 0000 0023     		movs	r3, #0
  27 0002 0361     		str	r3, [r0, #16]
  28 0004 7047     		bx	lr
  30              		.section	.text.vListInitalise,"ax",%progbits
  31              		.align	1
  32              		.global	vListInitalise
  33              		.syntax unified
  34              		.thumb
  35              		.thumb_func
  37              	vListInitalise:
  38              		@ args = 0, pretend = 0, frame = 0
  39              		@ frame_needed = 0, uses_anonymous_args = 0
  40              		@ link register save eliminated.
  41 0000 00F10803 		add	r3, r0, #8
  42 0004 4360     		str	r3, [r0, #4]
  43 0006 4FF0FF32 		mov	r2, #-1
  44 000a 8260     		str	r2, [r0, #8]
  45 000c C360     		str	r3, [r0, #12]
  46 000e 0361     		str	r3, [r0, #16]
  47 0010 8061     		str	r0, [r0, #24]
  48 0012 0023     		movs	r3, #0
  49 0014 0360     		str	r3, [r0]
  50 0016 7047     		bx	lr
  52              		.section	.text.vListInsertEnd,"ax",%progbits
  53              		.align	1
  54              		.global	vListInsertEnd
  55              		.syntax unified
  56              		.thumb
  57              		.thumb_func
  59              	vListInsertEnd:
  60              		@ args = 0, pretend = 0, frame = 0
  61              		@ frame_needed = 0, uses_anonymous_args = 0
  62              		@ link register save eliminated.
ARM GAS  C:\Users\UXP\AppData\Local\Temp\ccy28kSH.s 			page 2


  63 0000 4368     		ldr	r3, [r0, #4]
  64 0002 4B60     		str	r3, [r1, #4]
  65 0004 9A68     		ldr	r2, [r3, #8]
  66 0006 8A60     		str	r2, [r1, #8]
  67 0008 5160     		str	r1, [r2, #4]
  68 000a 9960     		str	r1, [r3, #8]
  69 000c 0861     		str	r0, [r1, #16]
  70 000e 0368     		ldr	r3, [r0]
  71 0010 0133     		adds	r3, r3, #1
  72 0012 0360     		str	r3, [r0]
  73 0014 7047     		bx	lr
  75              		.section	.text.vListInsert,"ax",%progbits
  76              		.align	1
  77              		.global	vListInsert
  78              		.syntax unified
  79              		.thumb
  80              		.thumb_func
  82              	vListInsert:
  83              		@ args = 0, pretend = 0, frame = 0
  84              		@ frame_needed = 0, uses_anonymous_args = 0
  85              		@ link register save eliminated.
  86 0000 30B4     		push	{r4, r5}
  87 0002 0D68     		ldr	r5, [r1]
  88 0004 B5F1FF3F 		cmp	r5, #-1
  89 0008 12D0     		beq	.L9
  90 000a 00F10803 		add	r3, r0, #8
  91              	.L7:
  92 000e 1C46     		mov	r4, r3
  93 0010 5B68     		ldr	r3, [r3, #4]
  94 0012 1A68     		ldr	r2, [r3]
  95 0014 AA42     		cmp	r2, r5
  96 0016 FAD9     		bls	.L7
  97              	.L6:
  98 0018 6368     		ldr	r3, [r4, #4]
  99 001a 4B60     		str	r3, [r1, #4]
 100 001c 8C60     		str	r4, [r1, #8]
 101 001e 6368     		ldr	r3, [r4, #4]
 102 0020 9960     		str	r1, [r3, #8]
 103 0022 6160     		str	r1, [r4, #4]
 104 0024 0861     		str	r0, [r1, #16]
 105 0026 0368     		ldr	r3, [r0]
 106 0028 0133     		adds	r3, r3, #1
 107 002a 0360     		str	r3, [r0]
 108 002c 30BC     		pop	{r4, r5}
 109 002e 7047     		bx	lr
 110              	.L9:
 111 0030 0469     		ldr	r4, [r0, #16]
 112 0032 F1E7     		b	.L6
 114              		.section	.text.uxListRemove,"ax",%progbits
 115              		.align	1
 116              		.global	uxListRemove
 117              		.syntax unified
 118              		.thumb
 119              		.thumb_func
 121              	uxListRemove:
 122              		@ args = 0, pretend = 0, frame = 0
 123              		@ frame_needed = 0, uses_anonymous_args = 0
ARM GAS  C:\Users\UXP\AppData\Local\Temp\ccy28kSH.s 			page 3


 124              		@ link register save eliminated.
 125 0000 0369     		ldr	r3, [r0, #16]
 126 0002 8168     		ldr	r1, [r0, #8]
 127 0004 4268     		ldr	r2, [r0, #4]
 128 0006 4A60     		str	r2, [r1, #4]
 129 0008 8168     		ldr	r1, [r0, #8]
 130 000a 9160     		str	r1, [r2, #8]
 131 000c 5A68     		ldr	r2, [r3, #4]
 132 000e 8242     		cmp	r2, r0
 133 0010 05D0     		beq	.L12
 134              	.L11:
 135 0012 0022     		movs	r2, #0
 136 0014 0261     		str	r2, [r0, #16]
 137 0016 1868     		ldr	r0, [r3]
 138 0018 0138     		subs	r0, r0, #1
 139 001a 1860     		str	r0, [r3]
 140 001c 7047     		bx	lr
 141              	.L12:
 142 001e 5960     		str	r1, [r3, #4]
 143 0020 F7E7     		b	.L11
 145              		.ident	"GCC: (Arm GNU Toolchain 14.3.Rel1 (Build arm-14.174)) 14.3.1 20250623"
ARM GAS  C:\Users\UXP\AppData\Local\Temp\ccy28kSH.s 			page 4


DEFINED SYMBOLS
                            *ABS*:00000000 list.c
C:\Users\UXP\AppData\Local\Temp\ccy28kSH.s:16     .text.vListInitialiseItem:00000000 $t
C:\Users\UXP\AppData\Local\Temp\ccy28kSH.s:22     .text.vListInitialiseItem:00000000 vListInitialiseItem
C:\Users\UXP\AppData\Local\Temp\ccy28kSH.s:31     .text.vListInitalise:00000000 $t
C:\Users\UXP\AppData\Local\Temp\ccy28kSH.s:37     .text.vListInitalise:00000000 vListInitalise
C:\Users\UXP\AppData\Local\Temp\ccy28kSH.s:53     .text.vListInsertEnd:00000000 $t
C:\Users\UXP\AppData\Local\Temp\ccy28kSH.s:59     .text.vListInsertEnd:00000000 vListInsertEnd
C:\Users\UXP\AppData\Local\Temp\ccy28kSH.s:76     .text.vListInsert:00000000 $t
C:\Users\UXP\AppData\Local\Temp\ccy28kSH.s:82     .text.vListInsert:00000000 vListInsert
C:\Users\UXP\AppData\Local\Temp\ccy28kSH.s:115    .text.uxListRemove:00000000 $t
C:\Users\UXP\AppData\Local\Temp\ccy28kSH.s:121    .text.uxListRemove:00000000 uxListRemove

NO UNDEFINED SYMBOLS
