ARM GAS  C:\Users\UXP\AppData\Local\Temp\ccJawUsd.s 			page 1


   1              		.cpu cortex-m3
   2              		.arch armv7-m
   3              		.fpu softvfp
   4              		.eabi_attribute 20, 1
   5              		.eabi_attribute 21, 1
   6              		.eabi_attribute 23, 3
   7              		.eabi_attribute 24, 1
   8              		.eabi_attribute 25, 1
   9              		.eabi_attribute 26, 1
  10              		.eabi_attribute 30, 1
  11              		.eabi_attribute 34, 1
  12              		.eabi_attribute 18, 4
  13              		.file	"stm32f10x_it.c"
  14              		.text
  15              		.section	.text.NMI_Handler,"ax",%progbits
  16              		.align	1
  17              		.global	NMI_Handler
  18              		.syntax unified
  19              		.thumb
  20              		.thumb_func
  22              	NMI_Handler:
  23              		@ args = 0, pretend = 0, frame = 0
  24              		@ frame_needed = 0, uses_anonymous_args = 0
  25              		@ link register save eliminated.
  26 0000 7047     		bx	lr
  28              		.section	.text.HardFault_Handler,"ax",%progbits
  29              		.align	1
  30              		.global	HardFault_Handler
  31              		.syntax unified
  32              		.thumb
  33              		.thumb_func
  35              	HardFault_Handler:
  36              		@ Volatile: function does not return.
  37              		@ args = 0, pretend = 0, frame = 0
  38              		@ frame_needed = 0, uses_anonymous_args = 0
  39              		@ link register save eliminated.
  40              	.L3:
  41 0000 FEE7     		b	.L3
  43              		.section	.text.MemManage_Handler,"ax",%progbits
  44              		.align	1
  45              		.global	MemManage_Handler
  46              		.syntax unified
  47              		.thumb
  48              		.thumb_func
  50              	MemManage_Handler:
  51              		@ Volatile: function does not return.
  52              		@ args = 0, pretend = 0, frame = 0
  53              		@ frame_needed = 0, uses_anonymous_args = 0
  54              		@ link register save eliminated.
  55              	.L5:
  56 0000 FEE7     		b	.L5
  58              		.section	.text.BusFault_Handler,"ax",%progbits
  59              		.align	1
  60              		.global	BusFault_Handler
  61              		.syntax unified
  62              		.thumb
  63              		.thumb_func
ARM GAS  C:\Users\UXP\AppData\Local\Temp\ccJawUsd.s 			page 2


  65              	BusFault_Handler:
  66              		@ Volatile: function does not return.
  67              		@ args = 0, pretend = 0, frame = 0
  68              		@ frame_needed = 0, uses_anonymous_args = 0
  69              		@ link register save eliminated.
  70              	.L7:
  71 0000 FEE7     		b	.L7
  73              		.section	.text.UsageFault_Handler,"ax",%progbits
  74              		.align	1
  75              		.global	UsageFault_Handler
  76              		.syntax unified
  77              		.thumb
  78              		.thumb_func
  80              	UsageFault_Handler:
  81              		@ Volatile: function does not return.
  82              		@ args = 0, pretend = 0, frame = 0
  83              		@ frame_needed = 0, uses_anonymous_args = 0
  84              		@ link register save eliminated.
  85              	.L9:
  86 0000 FEE7     		b	.L9
  88              		.section	.text.DebugMon_Handler,"ax",%progbits
  89              		.align	1
  90              		.global	DebugMon_Handler
  91              		.syntax unified
  92              		.thumb
  93              		.thumb_func
  95              	DebugMon_Handler:
  96              		@ args = 0, pretend = 0, frame = 0
  97              		@ frame_needed = 0, uses_anonymous_args = 0
  98              		@ link register save eliminated.
  99 0000 7047     		bx	lr
 101              		.ident	"GCC: (Arm GNU Toolchain 14.3.Rel1 (Build arm-14.174)) 14.3.1 20250623"
ARM GAS  C:\Users\UXP\AppData\Local\Temp\ccJawUsd.s 			page 3


DEFINED SYMBOLS
                            *ABS*:00000000 stm32f10x_it.c
C:\Users\UXP\AppData\Local\Temp\ccJawUsd.s:16     .text.NMI_Handler:00000000 $t
C:\Users\UXP\AppData\Local\Temp\ccJawUsd.s:22     .text.NMI_Handler:00000000 NMI_Handler
C:\Users\UXP\AppData\Local\Temp\ccJawUsd.s:29     .text.HardFault_Handler:00000000 $t
C:\Users\UXP\AppData\Local\Temp\ccJawUsd.s:35     .text.HardFault_Handler:00000000 HardFault_Handler
C:\Users\UXP\AppData\Local\Temp\ccJawUsd.s:44     .text.MemManage_Handler:00000000 $t
C:\Users\UXP\AppData\Local\Temp\ccJawUsd.s:50     .text.MemManage_Handler:00000000 MemManage_Handler
C:\Users\UXP\AppData\Local\Temp\ccJawUsd.s:59     .text.BusFault_Handler:00000000 $t
C:\Users\UXP\AppData\Local\Temp\ccJawUsd.s:65     .text.BusFault_Handler:00000000 BusFault_Handler
C:\Users\UXP\AppData\Local\Temp\ccJawUsd.s:74     .text.UsageFault_Handler:00000000 $t
C:\Users\UXP\AppData\Local\Temp\ccJawUsd.s:80     .text.UsageFault_Handler:00000000 UsageFault_Handler
C:\Users\UXP\AppData\Local\Temp\ccJawUsd.s:89     .text.DebugMon_Handler:00000000 $t
C:\Users\UXP\AppData\Local\Temp\ccJawUsd.s:95     .text.DebugMon_Handler:00000000 DebugMon_Handler

NO UNDEFINED SYMBOLS
