ARM GAS  C:\Users\UXP\AppData\Local\Temp\ccfHN6Xb.s 			page 1


   1              		.cpu cortex-m3
   2              		.arch armv7-m
   3              		.fpu softvfp
   4              		.eabi_attribute 20, 1
   5              		.eabi_attribute 21, 1
   6              		.eabi_attribute 23, 3
   7              		.eabi_attribute 24, 1
   8              		.eabi_attribute 25, 1
   9              		.eabi_attribute 26, 1
  10              		.eabi_attribute 30, 1
  11              		.eabi_attribute 34, 1
  12              		.eabi_attribute 18, 4
  13              		.file	"task.c"
  14              		.text
  15              		.section	.text.prvCreateIdleTasks,"ax",%progbits
  16              		.align	1
  17              		.syntax unified
  18              		.thumb
  19              		.thumb_func
  21              	prvCreateIdleTasks:
  22              		@ args = 0, pretend = 0, frame = 0
  23              		@ frame_needed = 0, uses_anonymous_args = 0
  24              		@ link register save eliminated.
  25 0000 0120     		movs	r0, #1
  26 0002 7047     		bx	lr
  28              		.section	.text.prvResetNextTaskUnblockTime,"ax",%progbits
  29              		.align	1
  30              		.syntax unified
  31              		.thumb
  32              		.thumb_func
  34              	prvResetNextTaskUnblockTime:
  35              		@ args = 0, pretend = 0, frame = 0
  36              		@ frame_needed = 0, uses_anonymous_args = 0
  37              		@ link register save eliminated.
  38 0000 074B     		ldr	r3, .L5
  39 0002 1B68     		ldr	r3, [r3]
  40 0004 1B68     		ldr	r3, [r3]
  41 0006 23B9     		cbnz	r3, .L3
  42 0008 064B     		ldr	r3, .L5+4
  43 000a 4FF0FF32 		mov	r2, #-1
  44 000e 1A60     		str	r2, [r3]
  45 0010 7047     		bx	lr
  46              	.L3:
  47 0012 034B     		ldr	r3, .L5
  48 0014 1B68     		ldr	r3, [r3]
  49 0016 DB68     		ldr	r3, [r3, #12]
  50 0018 1A68     		ldr	r2, [r3]
  51 001a 024B     		ldr	r3, .L5+4
  52 001c 1A60     		str	r2, [r3]
  53 001e 7047     		bx	lr
  54              	.L6:
  55              		.align	2
  56              	.L5:
  57 0020 00000000 		.word	pxDelayedTaskList
  58 0024 00000000 		.word	xNextTaskUnblockTime
  60              		.section	.text.prvInitialiseNewTask,"ax",%progbits
  61              		.align	1
ARM GAS  C:\Users\UXP\AppData\Local\Temp\ccfHN6Xb.s 			page 2


  62              		.syntax unified
  63              		.thumb
  64              		.thumb_func
  66              	prvInitialiseNewTask:
  67              		@ args = 16, pretend = 0, frame = 0
  68              		@ frame_needed = 0, uses_anonymous_args = 0
  69 0000 2DE9F041 		push	{r4, r5, r6, r7, r8, lr}
  70 0004 0646     		mov	r6, r0
  71 0006 1F46     		mov	r7, r3
  72 0008 0698     		ldr	r0, [sp, #24]
  73 000a DDF81C80 		ldr	r8, [sp, #28]
  74 000e 089C     		ldr	r4, [sp, #32]
  75 0010 256B     		ldr	r5, [r4, #48]
  76 0012 02F18042 		add	r2, r2, #1073741824
  77 0016 013A     		subs	r2, r2, #1
  78 0018 05EB8205 		add	r5, r5, r2, lsl #2
  79 001c 25F00705 		bic	r5, r5, #7
  80 0020 71B1     		cbz	r1, .L9
  81 0022 0B46     		mov	r3, r1
  82 0024 0021     		movs	r1, #0
  83              	.L8:
  84 0026 0F29     		cmp	r1, #15
  85 0028 07D8     		bhi	.L10
  86 002a 5A5C     		ldrb	r2, [r3, r1]	@ zero_extendqisi2
  87 002c 04EB010C 		add	ip, r4, r1
  88 0030 8CF83420 		strb	r2, [ip, #52]
  89 0034 0AB1     		cbz	r2, .L10
  90 0036 0131     		adds	r1, r1, #1
  91 0038 F5E7     		b	.L8
  92              	.L10:
  93 003a 0023     		movs	r3, #0
  94 003c 84F84330 		strb	r3, [r4, #67]
  95              	.L9:
  96 0040 1F28     		cmp	r0, #31
  97 0042 00D9     		bls	.L12
  98 0044 1F20     		movs	r0, #31
  99              	.L12:
 100 0046 E062     		str	r0, [r4, #44]
 101 0048 201D     		adds	r0, r4, #4
 102 004a FFF7FEFF 		bl	vListInitialiseItem
 103 004e 04F11800 		add	r0, r4, #24
 104 0052 FFF7FEFF 		bl	vListInitialiseItem
 105 0056 2461     		str	r4, [r4, #16]
 106 0058 6462     		str	r4, [r4, #36]
 107 005a E36A     		ldr	r3, [r4, #44]
 108 005c C3F12003 		rsb	r3, r3, #32
 109 0060 A361     		str	r3, [r4, #24]
 110 0062 3B46     		mov	r3, r7
 111 0064 3246     		mov	r2, r6
 112 0066 216B     		ldr	r1, [r4, #48]
 113 0068 2846     		mov	r0, r5
 114 006a FFF7FEFF 		bl	pxPortInitialiseStack
 115 006e 2060     		str	r0, [r4]
 116 0070 B8F1000F 		cmp	r8, #0
 117 0074 01D0     		beq	.L7
 118 0076 C8F80040 		str	r4, [r8]
 119              	.L7:
ARM GAS  C:\Users\UXP\AppData\Local\Temp\ccfHN6Xb.s 			page 3


 120 007a BDE8F081 		pop	{r4, r5, r6, r7, r8, pc}
 122              		.section	.text.prvAddCurrentTaskToDelayedList,"ax",%progbits
 123              		.align	1
 124              		.syntax unified
 125              		.thumb
 126              		.thumb_func
 128              	prvAddCurrentTaskToDelayedList:
 129              		@ args = 0, pretend = 0, frame = 0
 130              		@ frame_needed = 0, uses_anonymous_args = 0
 131 0000 2DE9F041 		push	{r4, r5, r6, r7, r8, lr}
 132 0004 0446     		mov	r4, r0
 133 0006 0D46     		mov	r5, r1
 134 0008 1B4B     		ldr	r3, .L23
 135 000a 1E68     		ldr	r6, [r3]
 136 000c 1B4B     		ldr	r3, .L23+4
 137 000e 1F68     		ldr	r7, [r3]
 138 0010 1B4B     		ldr	r3, .L23+8
 139 0012 D3F80080 		ldr	r8, [r3]
 140 0016 1B4B     		ldr	r3, .L23+12
 141 0018 1868     		ldr	r0, [r3]
 142 001a 0430     		adds	r0, r0, #4
 143 001c FFF7FEFF 		bl	uxListRemove
 144 0020 B4F1FF3F 		cmp	r4, #-1
 145 0024 0BD0     		beq	.L22
 146              	.L18:
 147 0026 3444     		add	r4, r4, r6
 148 0028 164B     		ldr	r3, .L23+12
 149 002a 1968     		ldr	r1, [r3]
 150 002c 4C60     		str	r4, [r1, #4]
 151 002e A642     		cmp	r6, r4
 152 0030 16D9     		bls	.L20
 153 0032 0431     		adds	r1, r1, #4
 154 0034 4046     		mov	r0, r8
 155 0036 FFF7FEFF 		bl	vListInsert
 156              	.L17:
 157 003a BDE8F081 		pop	{r4, r5, r6, r7, r8, pc}
 158              	.L22:
 159 003e 002D     		cmp	r5, #0
 160 0040 F1D0     		beq	.L18
 161 0042 114B     		ldr	r3, .L23+16
 162 0044 5968     		ldr	r1, [r3, #4]
 163 0046 0F4A     		ldr	r2, .L23+12
 164 0048 1268     		ldr	r2, [r2]
 165 004a 9160     		str	r1, [r2, #8]
 166 004c 8C68     		ldr	r4, [r1, #8]
 167 004e D460     		str	r4, [r2, #12]
 168 0050 101D     		adds	r0, r2, #4
 169 0052 6060     		str	r0, [r4, #4]
 170 0054 8860     		str	r0, [r1, #8]
 171 0056 5361     		str	r3, [r2, #20]
 172 0058 1A68     		ldr	r2, [r3]
 173 005a 0132     		adds	r2, r2, #1
 174 005c 1A60     		str	r2, [r3]
 175 005e ECE7     		b	.L17
 176              	.L20:
 177 0060 0431     		adds	r1, r1, #4
 178 0062 3846     		mov	r0, r7
ARM GAS  C:\Users\UXP\AppData\Local\Temp\ccfHN6Xb.s 			page 4


 179 0064 FFF7FEFF 		bl	vListInsert
 180 0068 084B     		ldr	r3, .L23+20
 181 006a 1B68     		ldr	r3, [r3]
 182 006c A342     		cmp	r3, r4
 183 006e E4D9     		bls	.L17
 184 0070 064B     		ldr	r3, .L23+20
 185 0072 1C60     		str	r4, [r3]
 186 0074 E1E7     		b	.L17
 187              	.L24:
 188 0076 00BF     		.align	2
 189              	.L23:
 190 0078 00000000 		.word	xTickCount
 191 007c 00000000 		.word	pxDelayedTaskList
 192 0080 00000000 		.word	pxOverflowDelayedTaskList
 193 0084 00000000 		.word	pxCurrentTCB
 194 0088 00000000 		.word	xSuspendedTaskList
 195 008c 00000000 		.word	xNextTaskUnblockTime
 197              		.section	.text.prvInitaliseTaskLists,"ax",%progbits
 198              		.align	1
 199              		.global	prvInitaliseTaskLists
 200              		.syntax unified
 201              		.thumb
 202              		.thumb_func
 204              	prvInitaliseTaskLists:
 205              		@ args = 0, pretend = 0, frame = 0
 206              		@ frame_needed = 0, uses_anonymous_args = 0
 207 0000 38B5     		push	{r3, r4, r5, lr}
 208 0002 0024     		movs	r4, #0
 209 0004 07E0     		b	.L26
 210              	.L27:
 211 0006 C4EBC402 		rsb	r2, r4, r4, lsl #3
 212 000a 9300     		lsls	r3, r2, #2
 213 000c 0B48     		ldr	r0, .L29
 214 000e 1844     		add	r0, r0, r3
 215 0010 FFF7FEFF 		bl	vListInitalise
 216 0014 0134     		adds	r4, r4, #1
 217              	.L26:
 218 0016 1F2C     		cmp	r4, #31
 219 0018 F5D9     		bls	.L27
 220 001a 094D     		ldr	r5, .L29+4
 221 001c 2846     		mov	r0, r5
 222 001e FFF7FEFF 		bl	vListInitalise
 223 0022 084C     		ldr	r4, .L29+8
 224 0024 2046     		mov	r0, r4
 225 0026 FFF7FEFF 		bl	vListInitalise
 226 002a 0748     		ldr	r0, .L29+12
 227 002c FFF7FEFF 		bl	vListInitalise
 228 0030 064B     		ldr	r3, .L29+16
 229 0032 1D60     		str	r5, [r3]
 230 0034 064B     		ldr	r3, .L29+20
 231 0036 1C60     		str	r4, [r3]
 232 0038 38BD     		pop	{r3, r4, r5, pc}
 233              	.L30:
 234 003a 00BF     		.align	2
 235              	.L29:
 236 003c 00000000 		.word	pxReadyTasksLists
 237 0040 00000000 		.word	xDelayedTaskList1
ARM GAS  C:\Users\UXP\AppData\Local\Temp\ccfHN6Xb.s 			page 5


 238 0044 00000000 		.word	xDelayedTaskList2
 239 0048 00000000 		.word	xPendingReadyList
 240 004c 00000000 		.word	pxDelayedTaskList
 241 0050 00000000 		.word	pxOverflowDelayedTaskList
 243              		.section	.text.prvAddNewTaskToReadyList,"ax",%progbits
 244              		.align	1
 245              		.syntax unified
 246              		.thumb
 247              		.thumb_func
 249              	prvAddNewTaskToReadyList:
 250              		@ args = 0, pretend = 0, frame = 0
 251              		@ frame_needed = 0, uses_anonymous_args = 0
 252 0000 10B5     		push	{r4, lr}
 253 0002 0446     		mov	r4, r0
 254 0004 FFF7FEFF 		bl	vPortEnterCritical
 255 0008 294A     		ldr	r2, .L39
 256 000a 1368     		ldr	r3, [r2]
 257 000c 0133     		adds	r3, r3, #1
 258 000e 1360     		str	r3, [r2]
 259 0010 284B     		ldr	r3, .L39+4
 260 0012 1B68     		ldr	r3, [r3]
 261 0014 4BB1     		cbz	r3, .L37
 262 0016 284A     		ldr	r2, .L39+8
 263 0018 1268     		ldr	r2, [r2]
 264 001a 5AB9     		cbnz	r2, .L33
 265 001c DA6A     		ldr	r2, [r3, #44]
 266 001e E36A     		ldr	r3, [r4, #44]
 267 0020 9A42     		cmp	r2, r3
 268 0022 07D8     		bhi	.L33
 269 0024 234B     		ldr	r3, .L39+4
 270 0026 1C60     		str	r4, [r3]
 271 0028 04E0     		b	.L33
 272              	.L37:
 273 002a 224B     		ldr	r3, .L39+4
 274 002c 1C60     		str	r4, [r3]
 275 002e 1368     		ldr	r3, [r2]
 276 0030 012B     		cmp	r3, #1
 277 0032 39D0     		beq	.L38
 278              	.L33:
 279 0034 214A     		ldr	r2, .L39+12
 280 0036 1368     		ldr	r3, [r2]
 281 0038 0133     		adds	r3, r3, #1
 282 003a 1360     		str	r3, [r2]
 283 003c E36A     		ldr	r3, [r4, #44]
 284 003e 204A     		ldr	r2, .L39+16
 285 0040 1268     		ldr	r2, [r2]
 286 0042 9342     		cmp	r3, r2
 287 0044 01D9     		bls	.L34
 288 0046 1E4A     		ldr	r2, .L39+16
 289 0048 1360     		str	r3, [r2]
 290              	.L34:
 291 004a 1E4A     		ldr	r2, .L39+20
 292 004c C3EBC303 		rsb	r3, r3, r3, lsl #3
 293 0050 02EB8303 		add	r3, r2, r3, lsl #2
 294 0054 5B68     		ldr	r3, [r3, #4]
 295 0056 A360     		str	r3, [r4, #8]
 296 0058 9868     		ldr	r0, [r3, #8]
ARM GAS  C:\Users\UXP\AppData\Local\Temp\ccfHN6Xb.s 			page 6


 297 005a E060     		str	r0, [r4, #12]
 298 005c 211D     		adds	r1, r4, #4
 299 005e 4160     		str	r1, [r0, #4]
 300 0060 9960     		str	r1, [r3, #8]
 301 0062 E36A     		ldr	r3, [r4, #44]
 302 0064 C3EBC301 		rsb	r1, r3, r3, lsl #3
 303 0068 02EB8100 		add	r0, r2, r1, lsl #2
 304 006c 6061     		str	r0, [r4, #20]
 305 006e 52F82110 		ldr	r1, [r2, r1, lsl #2]
 306 0072 0131     		adds	r1, r1, #1
 307 0074 C3EBC303 		rsb	r3, r3, r3, lsl #3
 308 0078 42F82310 		str	r1, [r2, r3, lsl #2]
 309 007c FFF7FEFF 		bl	vPortExitCritical
 310 0080 0D4B     		ldr	r3, .L39+8
 311 0082 1B68     		ldr	r3, [r3]
 312 0084 7BB1     		cbz	r3, .L31
 313 0086 0B4B     		ldr	r3, .L39+4
 314 0088 1B68     		ldr	r3, [r3]
 315 008a DA6A     		ldr	r2, [r3, #44]
 316 008c E36A     		ldr	r3, [r4, #44]
 317 008e 9A42     		cmp	r2, r3
 318 0090 09D2     		bcs	.L31
 319 0092 4FF0E023 		mov	r3, #-536813568
 320 0096 4FF08052 		mov	r2, #268435456
 321 009a C3F8042D 		str	r2, [r3, #3332]
 322              		.syntax unified
 323              	@ 196 "../RTOS/src/task.c" 1
 324 009e BFF34F8F 		dsb
 325              	@ 0 "" 2
 326              	@ 196 "../RTOS/src/task.c" 1
 327 00a2 BFF36F8F 		isb
 328              	@ 0 "" 2
 329              		.thumb
 330              		.syntax unified
 331              	.L31:
 332 00a6 10BD     		pop	{r4, pc}
 333              	.L38:
 334 00a8 FFF7FEFF 		bl	prvInitaliseTaskLists
 335 00ac C2E7     		b	.L33
 336              	.L40:
 337 00ae 00BF     		.align	2
 338              	.L39:
 339 00b0 00000000 		.word	uxCurrentNumberOfTasks
 340 00b4 00000000 		.word	pxCurrentTCB
 341 00b8 00000000 		.word	xSchedulerRunning
 342 00bc 00000000 		.word	uxTaskNumber
 343 00c0 00000000 		.word	uxTopReadyPriority
 344 00c4 00000000 		.word	pxReadyTasksLists
 346              		.section	.text.xTaskCreateStatic,"ax",%progbits
 347              		.align	1
 348              		.global	xTaskCreateStatic
 349              		.syntax unified
 350              		.thumb
 351              		.thumb_func
 353              	xTaskCreateStatic:
 354              		@ args = 12, pretend = 0, frame = 8
 355              		@ frame_needed = 0, uses_anonymous_args = 0
ARM GAS  C:\Users\UXP\AppData\Local\Temp\ccfHN6Xb.s 			page 7


 356 0000 30B5     		push	{r4, r5, lr}
 357 0002 87B0     		sub	sp, sp, #28
 358 0004 0B9D     		ldr	r5, [sp, #44]
 359 0006 0C9C     		ldr	r4, [sp, #48]
 360 0008 74B1     		cbz	r4, .L42
 361 000a 6DB1     		cbz	r5, .L42
 362 000c 2563     		str	r5, [r4, #48]
 363 000e 0025     		movs	r5, #0
 364 0010 0395     		str	r5, [sp, #12]
 365 0012 0294     		str	r4, [sp, #8]
 366 0014 05AD     		add	r5, sp, #20
 367 0016 0195     		str	r5, [sp, #4]
 368 0018 0A9D     		ldr	r5, [sp, #40]
 369 001a 0095     		str	r5, [sp]
 370 001c FFF7FEFF 		bl	prvInitialiseNewTask
 371 0020 2046     		mov	r0, r4
 372 0022 FFF7FEFF 		bl	prvAddNewTaskToReadyList
 373 0026 01E0     		b	.L43
 374              	.L42:
 375 0028 0023     		movs	r3, #0
 376 002a 0593     		str	r3, [sp, #20]
 377              	.L43:
 378 002c 0598     		ldr	r0, [sp, #20]
 379 002e 07B0     		add	sp, sp, #28
 380              		@ sp needed
 381 0030 30BD     		pop	{r4, r5, pc}
 383              		.section	.text.vTaskStartScheduler,"ax",%progbits
 384              		.align	1
 385              		.global	vTaskStartScheduler
 386              		.syntax unified
 387              		.thumb
 388              		.thumb_func
 390              	vTaskStartScheduler:
 391              		@ args = 0, pretend = 0, frame = 0
 392              		@ frame_needed = 0, uses_anonymous_args = 0
 393 0000 08B5     		push	{r3, lr}
 394 0002 FFF7FEFF 		bl	prvCreateIdleTasks
 395 0006 0128     		cmp	r0, #1
 396 0008 09D0     		beq	.L50
 397 000a E0B9     		cbnz	r0, .L45
 398              		.syntax unified
 399              	@ 66 "..\RTOS\inc/portmacro.h" 1
 400 000c 4FF05003 		mov r3, #80         
 401 0010 83F31188 	msr basepri, r3    
 402 0014 BFF36F8F 	isb                
 403 0018 BFF34F8F 	dsb                
 404              	
 405              	@ 0 "" 2
 406              		.thumb
 407              		.syntax unified
 408              	.L48:
 409 001c FEE7     		b	.L48
 410              	.L50:
 411              		.syntax unified
 412              	@ 66 "..\RTOS\inc/portmacro.h" 1
 413 001e 4FF05003 		mov r3, #80         
 414 0022 83F31188 	msr basepri, r3    
ARM GAS  C:\Users\UXP\AppData\Local\Temp\ccfHN6Xb.s 			page 8


 415 0026 BFF36F8F 	isb                
 416 002a BFF34F8F 	dsb                
 417              	
 418              	@ 0 "" 2
 419              		.thumb
 420              		.syntax unified
 421 002e 064B     		ldr	r3, .L51
 422 0030 4FF0FF32 		mov	r2, #-1
 423 0034 1A60     		str	r2, [r3]
 424 0036 054B     		ldr	r3, .L51+4
 425 0038 0122     		movs	r2, #1
 426 003a 1A60     		str	r2, [r3]
 427 003c 044B     		ldr	r3, .L51+8
 428 003e 0022     		movs	r2, #0
 429 0040 1A60     		str	r2, [r3]
 430 0042 FFF7FEFF 		bl	xPortStartScheduler
 431              	.L45:
 432 0046 08BD     		pop	{r3, pc}
 433              	.L52:
 434              		.align	2
 435              	.L51:
 436 0048 00000000 		.word	xNextTaskUnblockTime
 437 004c 00000000 		.word	xSchedulerRunning
 438 0050 00000000 		.word	xTickCount
 440              		.section	.text.xTaskIncrementTick,"ax",%progbits
 441              		.align	1
 442              		.global	xTaskIncrementTick
 443              		.syntax unified
 444              		.thumb
 445              		.thumb_func
 447              	xTaskIncrementTick:
 448              		@ args = 0, pretend = 0, frame = 0
 449              		@ frame_needed = 0, uses_anonymous_args = 0
 450 0000 4C4B     		ldr	r3, .L80
 451 0002 1B68     		ldr	r3, [r3]
 452 0004 002B     		cmp	r3, #0
 453 0006 40F08C80 		bne	.L54
 454 000a 70B5     		push	{r4, r5, r6, lr}
 455 000c 4A4B     		ldr	r3, .L80+4
 456 000e 1C68     		ldr	r4, [r3]
 457 0010 0134     		adds	r4, r4, #1
 458 0012 1C60     		str	r4, [r3]
 459 0014 A4B1     		cbz	r4, .L76
 460              	.L55:
 461 0016 494B     		ldr	r3, .L80+8
 462 0018 1B68     		ldr	r3, [r3]
 463 001a A342     		cmp	r3, r4
 464 001c 1DD9     		bls	.L68
 465 001e 0020     		movs	r0, #0
 466              	.L57:
 467 0020 474B     		ldr	r3, .L80+12
 468 0022 1B68     		ldr	r3, [r3]
 469 0024 DB6A     		ldr	r3, [r3, #44]
 470 0026 C3EBC303 		rsb	r3, r3, r3, lsl #3
 471 002a 9A00     		lsls	r2, r3, #2
 472 002c 454B     		ldr	r3, .L80+16
 473 002e 9B58     		ldr	r3, [r3, r2]
ARM GAS  C:\Users\UXP\AppData\Local\Temp\ccfHN6Xb.s 			page 9


 474 0030 012B     		cmp	r3, #1
 475 0032 00D9     		bls	.L66
 476 0034 0120     		movs	r0, #1
 477              	.L66:
 478 0036 444B     		ldr	r3, .L80+20
 479 0038 1B68     		ldr	r3, [r3]
 480 003a 002B     		cmp	r3, #0
 481 003c 77D1     		bne	.L71
 482              	.L53:
 483 003e 70BD     		pop	{r4, r5, r6, pc}
 484              	.L76:
 485 0040 424A     		ldr	r2, .L80+24
 486 0042 1168     		ldr	r1, [r2]
 487 0044 424B     		ldr	r3, .L80+28
 488 0046 1868     		ldr	r0, [r3]
 489 0048 1060     		str	r0, [r2]
 490 004a 1960     		str	r1, [r3]
 491 004c 414A     		ldr	r2, .L80+32
 492 004e 1368     		ldr	r3, [r2]
 493 0050 0133     		adds	r3, r3, #1
 494 0052 1360     		str	r3, [r2]
 495 0054 FFF7FEFF 		bl	prvResetNextTaskUnblockTime
 496 0058 DDE7     		b	.L55
 497              	.L68:
 498 005a 0020     		movs	r0, #0
 499 005c 36E0     		b	.L56
 500              	.L77:
 501 005e 374B     		ldr	r3, .L80+8
 502 0060 4FF0FF32 		mov	r2, #-1
 503 0064 1A60     		str	r2, [r3]
 504 0066 DBE7     		b	.L57
 505              	.L78:
 506 0068 344B     		ldr	r3, .L80+8
 507 006a 1A60     		str	r2, [r3]
 508 006c D8E7     		b	.L57
 509              	.L79:
 510 006e 5660     		str	r6, [r2, #4]
 511 0070 42E0     		b	.L60
 512              	.L62:
 513 0072 0021     		movs	r1, #0
 514 0074 9962     		str	r1, [r3, #40]
 515 0076 1168     		ldr	r1, [r2]
 516 0078 0139     		subs	r1, r1, #1
 517 007a 1160     		str	r1, [r2]
 518              	.L61:
 519 007c DA6A     		ldr	r2, [r3, #44]
 520 007e 3649     		ldr	r1, .L80+36
 521 0080 0968     		ldr	r1, [r1]
 522 0082 8A42     		cmp	r2, r1
 523 0084 01D9     		bls	.L63
 524 0086 3449     		ldr	r1, .L80+36
 525 0088 0A60     		str	r2, [r1]
 526              	.L63:
 527 008a 2E49     		ldr	r1, .L80+16
 528 008c C2EBC202 		rsb	r2, r2, r2, lsl #3
 529 0090 4FEA820C 		lsl	ip, r2, #2
 530 0094 8C44     		add	ip, ip, r1
ARM GAS  C:\Users\UXP\AppData\Local\Temp\ccfHN6Xb.s 			page 10


 531 0096 DCF80420 		ldr	r2, [ip, #4]
 532 009a 9A60     		str	r2, [r3, #8]
 533 009c 9668     		ldr	r6, [r2, #8]
 534 009e DE60     		str	r6, [r3, #12]
 535 00a0 7560     		str	r5, [r6, #4]
 536 00a2 9560     		str	r5, [r2, #8]
 537 00a4 DA6A     		ldr	r2, [r3, #44]
 538 00a6 C2EBC20C 		rsb	ip, r2, r2, lsl #3
 539 00aa 4FEA8C05 		lsl	r5, ip, #2
 540 00ae 6E18     		adds	r6, r5, r1
 541 00b0 5E61     		str	r6, [r3, #20]
 542 00b2 4D59     		ldr	r5, [r1, r5]
 543 00b4 0135     		adds	r5, r5, #1
 544 00b6 4FEA8C0C 		lsl	ip, ip, #2
 545 00ba 41F80C50 		str	r5, [r1, ip]
 546 00be DA6A     		ldr	r2, [r3, #44]
 547 00c0 1F4B     		ldr	r3, .L80+12
 548 00c2 1B68     		ldr	r3, [r3]
 549 00c4 DB6A     		ldr	r3, [r3, #44]
 550 00c6 9A42     		cmp	r2, r3
 551 00c8 00D9     		bls	.L56
 552 00ca 0120     		movs	r0, #1
 553              	.L56:
 554 00cc 1F4B     		ldr	r3, .L80+24
 555 00ce 1B68     		ldr	r3, [r3]
 556 00d0 1B68     		ldr	r3, [r3]
 557 00d2 002B     		cmp	r3, #0
 558 00d4 C3D0     		beq	.L77
 559 00d6 1D4B     		ldr	r3, .L80+24
 560 00d8 1B68     		ldr	r3, [r3]
 561 00da DB68     		ldr	r3, [r3, #12]
 562 00dc DB68     		ldr	r3, [r3, #12]
 563 00de 5A68     		ldr	r2, [r3, #4]
 564 00e0 9442     		cmp	r4, r2
 565 00e2 C1D3     		bcc	.L78
 566 00e4 5A69     		ldr	r2, [r3, #20]
 567 00e6 DD68     		ldr	r5, [r3, #12]
 568 00e8 9968     		ldr	r1, [r3, #8]
 569 00ea 6960     		str	r1, [r5, #4]
 570 00ec DE68     		ldr	r6, [r3, #12]
 571 00ee 8E60     		str	r6, [r1, #8]
 572 00f0 5168     		ldr	r1, [r2, #4]
 573 00f2 1D1D     		adds	r5, r3, #4
 574 00f4 A942     		cmp	r1, r5
 575 00f6 BAD0     		beq	.L79
 576              	.L60:
 577 00f8 0021     		movs	r1, #0
 578 00fa 5961     		str	r1, [r3, #20]
 579 00fc 1168     		ldr	r1, [r2]
 580 00fe 0139     		subs	r1, r1, #1
 581 0100 1160     		str	r1, [r2]
 582 0102 9A6A     		ldr	r2, [r3, #40]
 583 0104 002A     		cmp	r2, #0
 584 0106 B9D0     		beq	.L61
 585 0108 1E6A     		ldr	r6, [r3, #32]
 586 010a D969     		ldr	r1, [r3, #28]
 587 010c 7160     		str	r1, [r6, #4]
ARM GAS  C:\Users\UXP\AppData\Local\Temp\ccfHN6Xb.s 			page 11


 588 010e 1E6A     		ldr	r6, [r3, #32]
 589 0110 8E60     		str	r6, [r1, #8]
 590 0112 03F11801 		add	r1, r3, #24
 591 0116 D2F804C0 		ldr	ip, [r2, #4]
 592 011a 8C45     		cmp	ip, r1
 593 011c A9D1     		bne	.L62
 594 011e 5660     		str	r6, [r2, #4]
 595 0120 A7E7     		b	.L62
 596              	.L54:
 597 0122 0E4A     		ldr	r2, .L80+40
 598 0124 1368     		ldr	r3, [r2]
 599 0126 0133     		adds	r3, r3, #1
 600 0128 1360     		str	r3, [r2]
 601 012a 0020     		movs	r0, #0
 602 012c 7047     		bx	lr
 603              	.L71:
 604 012e 0120     		movs	r0, #1
 605 0130 85E7     		b	.L53
 606              	.L81:
 607 0132 00BF     		.align	2
 608              	.L80:
 609 0134 00000000 		.word	uxSchedulerSuspended
 610 0138 00000000 		.word	xTickCount
 611 013c 00000000 		.word	xNextTaskUnblockTime
 612 0140 00000000 		.word	pxCurrentTCB
 613 0144 00000000 		.word	pxReadyTasksLists
 614 0148 00000000 		.word	xYieldPendings
 615 014c 00000000 		.word	pxDelayedTaskList
 616 0150 00000000 		.word	pxOverflowDelayedTaskList
 617 0154 00000000 		.word	xNumOfOverflows
 618 0158 00000000 		.word	uxTopReadyPriority
 619 015c 00000000 		.word	xPendedTicks
 621              		.section	.text.vTaskSuspendAll,"ax",%progbits
 622              		.align	1
 623              		.global	vTaskSuspendAll
 624              		.syntax unified
 625              		.thumb
 626              		.thumb_func
 628              	vTaskSuspendAll:
 629              		@ args = 0, pretend = 0, frame = 0
 630              		@ frame_needed = 0, uses_anonymous_args = 0
 631              		@ link register save eliminated.
 632 0000 024A     		ldr	r2, .L83
 633 0002 1368     		ldr	r3, [r2]
 634 0004 0133     		adds	r3, r3, #1
 635 0006 1360     		str	r3, [r2]
 636 0008 7047     		bx	lr
 637              	.L84:
 638 000a 00BF     		.align	2
 639              	.L83:
 640 000c 00000000 		.word	uxSchedulerSuspended
 642              		.section	.text.xTaskResumeAll,"ax",%progbits
 643              		.align	1
 644              		.global	xTaskResumeAll
 645              		.syntax unified
 646              		.thumb
 647              		.thumb_func
ARM GAS  C:\Users\UXP\AppData\Local\Temp\ccfHN6Xb.s 			page 12


 649              	xTaskResumeAll:
 650              		@ args = 0, pretend = 0, frame = 0
 651              		@ frame_needed = 0, uses_anonymous_args = 0
 652 0000 10B5     		push	{r4, lr}
 653 0002 FFF7FEFF 		bl	vPortEnterCritical
 654 0006 4B4B     		ldr	r3, .L108
 655 0008 1B68     		ldr	r3, [r3]
 656 000a 43B9     		cbnz	r3, .L86
 657              		.syntax unified
 658              	@ 66 "..\RTOS\inc/portmacro.h" 1
 659 000c 4FF05003 		mov r3, #80         
 660 0010 83F31188 	msr basepri, r3    
 661 0014 BFF36F8F 	isb                
 662 0018 BFF34F8F 	dsb                
 663              	
 664              	@ 0 "" 2
 665              		.thumb
 666              		.syntax unified
 667              	.L87:
 668 001c FEE7     		b	.L87
 669              	.L86:
 670 001e 454B     		ldr	r3, .L108
 671 0020 1A68     		ldr	r2, [r3]
 672 0022 013A     		subs	r2, r2, #1
 673 0024 1A60     		str	r2, [r3]
 674 0026 1B68     		ldr	r3, [r3]
 675 0028 002B     		cmp	r3, #0
 676 002a 7DD1     		bne	.L99
 677 002c 424B     		ldr	r3, .L108+4
 678 002e 1B68     		ldr	r3, [r3]
 679 0030 2BB9     		cbnz	r3, .L100
 680 0032 0024     		movs	r4, #0
 681 0034 79E0     		b	.L88
 682              	.L104:
 683 0036 5060     		str	r0, [r2, #4]
 684 0038 14E0     		b	.L90
 685              	.L105:
 686 003a 5460     		str	r4, [r2, #4]
 687 003c 21E0     		b	.L91
 688              	.L100:
 689 003e 0023     		movs	r3, #0
 690              	.L89:
 691 0040 3E4A     		ldr	r2, .L108+8
 692 0042 1268     		ldr	r2, [r2]
 693 0044 002A     		cmp	r2, #0
 694 0046 4AD0     		beq	.L103
 695 0048 3C4B     		ldr	r3, .L108+8
 696 004a DB68     		ldr	r3, [r3, #12]
 697 004c DB68     		ldr	r3, [r3, #12]
 698 004e 9A6A     		ldr	r2, [r3, #40]
 699 0050 186A     		ldr	r0, [r3, #32]
 700 0052 D969     		ldr	r1, [r3, #28]
 701 0054 4160     		str	r1, [r0, #4]
 702 0056 186A     		ldr	r0, [r3, #32]
 703 0058 8860     		str	r0, [r1, #8]
 704 005a 5468     		ldr	r4, [r2, #4]
 705 005c 03F11801 		add	r1, r3, #24
ARM GAS  C:\Users\UXP\AppData\Local\Temp\ccfHN6Xb.s 			page 13


 706 0060 8C42     		cmp	r4, r1
 707 0062 E8D0     		beq	.L104
 708              	.L90:
 709 0064 0021     		movs	r1, #0
 710 0066 9962     		str	r1, [r3, #40]
 711 0068 1168     		ldr	r1, [r2]
 712 006a 0139     		subs	r1, r1, #1
 713 006c 1160     		str	r1, [r2]
 714 006e 5A69     		ldr	r2, [r3, #20]
 715 0070 D868     		ldr	r0, [r3, #12]
 716 0072 9968     		ldr	r1, [r3, #8]
 717 0074 4160     		str	r1, [r0, #4]
 718 0076 DC68     		ldr	r4, [r3, #12]
 719 0078 8C60     		str	r4, [r1, #8]
 720 007a 5168     		ldr	r1, [r2, #4]
 721 007c 181D     		adds	r0, r3, #4
 722 007e 8142     		cmp	r1, r0
 723 0080 DBD0     		beq	.L105
 724              	.L91:
 725 0082 0021     		movs	r1, #0
 726 0084 5961     		str	r1, [r3, #20]
 727 0086 1168     		ldr	r1, [r2]
 728 0088 0139     		subs	r1, r1, #1
 729 008a 1160     		str	r1, [r2]
 730 008c DA6A     		ldr	r2, [r3, #44]
 731 008e 2C49     		ldr	r1, .L108+12
 732 0090 0968     		ldr	r1, [r1]
 733 0092 8A42     		cmp	r2, r1
 734 0094 01D9     		bls	.L92
 735 0096 2A49     		ldr	r1, .L108+12
 736 0098 0A60     		str	r2, [r1]
 737              	.L92:
 738 009a 2A49     		ldr	r1, .L108+16
 739 009c C2EBC202 		rsb	r2, r2, r2, lsl #3
 740 00a0 01EB8202 		add	r2, r1, r2, lsl #2
 741 00a4 5268     		ldr	r2, [r2, #4]
 742 00a6 9A60     		str	r2, [r3, #8]
 743 00a8 9468     		ldr	r4, [r2, #8]
 744 00aa DC60     		str	r4, [r3, #12]
 745 00ac 6060     		str	r0, [r4, #4]
 746 00ae 9060     		str	r0, [r2, #8]
 747 00b0 DA6A     		ldr	r2, [r3, #44]
 748 00b2 C2EBC200 		rsb	r0, r2, r2, lsl #3
 749 00b6 01EB8004 		add	r4, r1, r0, lsl #2
 750 00ba 5C61     		str	r4, [r3, #20]
 751 00bc 51F82000 		ldr	r0, [r1, r0, lsl #2]
 752 00c0 0130     		adds	r0, r0, #1
 753 00c2 C2EBC202 		rsb	r2, r2, r2, lsl #3
 754 00c6 41F82200 		str	r0, [r1, r2, lsl #2]
 755 00ca D96A     		ldr	r1, [r3, #44]
 756 00cc 1E4A     		ldr	r2, .L108+20
 757 00ce 1268     		ldr	r2, [r2]
 758 00d0 D26A     		ldr	r2, [r2, #44]
 759 00d2 9142     		cmp	r1, r2
 760 00d4 B4D9     		bls	.L89
 761 00d6 1D4A     		ldr	r2, .L108+24
 762 00d8 0121     		movs	r1, #1
ARM GAS  C:\Users\UXP\AppData\Local\Temp\ccfHN6Xb.s 			page 14


 763 00da 1160     		str	r1, [r2]
 764 00dc B0E7     		b	.L89
 765              	.L103:
 766 00de 0BB1     		cbz	r3, .L95
 767 00e0 FFF7FEFF 		bl	prvResetNextTaskUnblockTime
 768              	.L95:
 769 00e4 1A4B     		ldr	r3, .L108+28
 770 00e6 1C68     		ldr	r4, [r3]
 771 00e8 3CB9     		cbnz	r4, .L98
 772              	.L96:
 773 00ea 184B     		ldr	r3, .L108+24
 774 00ec 1C68     		ldr	r4, [r3]
 775 00ee 012C     		cmp	r4, #1
 776 00f0 0FD0     		beq	.L106
 777 00f2 0024     		movs	r4, #0
 778 00f4 19E0     		b	.L88
 779              	.L97:
 780 00f6 013C     		subs	r4, r4, #1
 781 00f8 07D0     		beq	.L107
 782              	.L98:
 783 00fa FFF7FEFF 		bl	xTaskIncrementTick
 784 00fe 0028     		cmp	r0, #0
 785 0100 F9D0     		beq	.L97
 786 0102 124B     		ldr	r3, .L108+24
 787 0104 0122     		movs	r2, #1
 788 0106 1A60     		str	r2, [r3]
 789 0108 F5E7     		b	.L97
 790              	.L107:
 791 010a 114B     		ldr	r3, .L108+28
 792 010c 0022     		movs	r2, #0
 793 010e 1A60     		str	r2, [r3]
 794 0110 EBE7     		b	.L96
 795              	.L106:
 796 0112 4FF0E023 		mov	r3, #-536813568
 797 0116 4FF08052 		mov	r2, #268435456
 798 011a C3F8042D 		str	r2, [r3, #3332]
 799              		.syntax unified
 800              	@ 562 "../RTOS/src/task.c" 1
 801 011e BFF34F8F 		dsb
 802              	@ 0 "" 2
 803              	@ 562 "../RTOS/src/task.c" 1
 804 0122 BFF36F8F 		isb
 805              	@ 0 "" 2
 806              		.thumb
 807              		.syntax unified
 808 0126 00E0     		b	.L88
 809              	.L99:
 810 0128 0024     		movs	r4, #0
 811              	.L88:
 812 012a FFF7FEFF 		bl	vPortExitCritical
 813 012e 2046     		mov	r0, r4
 814 0130 10BD     		pop	{r4, pc}
 815              	.L109:
 816 0132 00BF     		.align	2
 817              	.L108:
 818 0134 00000000 		.word	uxSchedulerSuspended
 819 0138 00000000 		.word	uxCurrentNumberOfTasks
ARM GAS  C:\Users\UXP\AppData\Local\Temp\ccfHN6Xb.s 			page 15


 820 013c 00000000 		.word	xPendingReadyList
 821 0140 00000000 		.word	uxTopReadyPriority
 822 0144 00000000 		.word	pxReadyTasksLists
 823 0148 00000000 		.word	pxCurrentTCB
 824 014c 00000000 		.word	xYieldPendings
 825 0150 00000000 		.word	xPendedTicks
 827              		.section	.text.vTaskDelay,"ax",%progbits
 828              		.align	1
 829              		.global	vTaskDelay
 830              		.syntax unified
 831              		.thumb
 832              		.thumb_func
 834              	vTaskDelay:
 835              		@ args = 0, pretend = 0, frame = 0
 836              		@ frame_needed = 0, uses_anonymous_args = 0
 837 0000 10B5     		push	{r4, lr}
 838 0002 50B9     		cbnz	r0, .L114
 839              	.L111:
 840 0004 4FF0E023 		mov	r3, #-536813568
 841 0008 4FF08052 		mov	r2, #268435456
 842 000c C3F8042D 		str	r2, [r3, #3332]
 843              		.syntax unified
 844              	@ 601 "../RTOS/src/task.c" 1
 845 0010 BFF34F8F 		dsb
 846              	@ 0 "" 2
 847              	@ 601 "../RTOS/src/task.c" 1
 848 0014 BFF36F8F 		isb
 849              	@ 0 "" 2
 850              		.thumb
 851              		.syntax unified
 852              	.L110:
 853 0018 10BD     		pop	{r4, pc}
 854              	.L114:
 855 001a 0446     		mov	r4, r0
 856 001c FFF7FEFF 		bl	vTaskSuspendAll
 857 0020 0021     		movs	r1, #0
 858 0022 2046     		mov	r0, r4
 859 0024 FFF7FEFF 		bl	prvAddCurrentTaskToDelayedList
 860 0028 FFF7FEFF 		bl	xTaskResumeAll
 861 002c 0028     		cmp	r0, #0
 862 002e F3D1     		bne	.L110
 863 0030 E8E7     		b	.L111
 865              		.section	.text.vTaskSwitchContext,"ax",%progbits
 866              		.align	1
 867              		.global	vTaskSwitchContext
 868              		.syntax unified
 869              		.thumb
 870              		.thumb_func
 872              	vTaskSwitchContext:
 873              		@ args = 0, pretend = 0, frame = 0
 874              		@ frame_needed = 0, uses_anonymous_args = 0
 875              		@ link register save eliminated.
 876 0000 204B     		ldr	r3, .L126
 877 0002 1B68     		ldr	r3, [r3]
 878 0004 1BB1     		cbz	r3, .L116
 879 0006 204B     		ldr	r3, .L126+4
 880 0008 0122     		movs	r2, #1
ARM GAS  C:\Users\UXP\AppData\Local\Temp\ccfHN6Xb.s 			page 16


 881 000a 1A60     		str	r2, [r3]
 882 000c 7047     		bx	lr
 883              	.L116:
 884 000e 1E4B     		ldr	r3, .L126+4
 885 0010 0022     		movs	r2, #0
 886 0012 1A60     		str	r2, [r3]
 887 0014 1D4B     		ldr	r3, .L126+8
 888 0016 1B68     		ldr	r3, [r3]
 889              	.L118:
 890 0018 C3EBC301 		rsb	r1, r3, r3, lsl #3
 891 001c 8A00     		lsls	r2, r1, #2
 892 001e 1C49     		ldr	r1, .L126+12
 893 0020 8A58     		ldr	r2, [r1, r2]
 894 0022 5AB9     		cbnz	r2, .L123
 895 0024 0BB1     		cbz	r3, .L124
 896 0026 013B     		subs	r3, r3, #1
 897 0028 F6E7     		b	.L118
 898              	.L124:
 899              		.syntax unified
 900              	@ 66 "..\RTOS\inc/portmacro.h" 1
 901 002a 4FF05003 		mov r3, #80         
 902 002e 83F31188 	msr basepri, r3    
 903 0032 BFF36F8F 	isb                
 904 0036 BFF34F8F 	dsb                
 905              	
 906              	@ 0 "" 2
 907              		.thumb
 908              		.syntax unified
 909              	.L120:
 910 003a FEE7     		b	.L120
 911              	.L123:
 912 003c 0846     		mov	r0, r1
 913 003e C3EBC301 		rsb	r1, r3, r3, lsl #3
 914 0042 8A00     		lsls	r2, r1, #2
 915 0044 0244     		add	r2, r2, r0
 916 0046 5168     		ldr	r1, [r2, #4]
 917 0048 4968     		ldr	r1, [r1, #4]
 918 004a 5160     		str	r1, [r2, #4]
 919 004c C3EBC30C 		rsb	ip, r3, r3, lsl #3
 920 0050 4FEA8C02 		lsl	r2, ip, #2
 921 0054 0832     		adds	r2, r2, #8
 922 0056 0244     		add	r2, r2, r0
 923 0058 9142     		cmp	r1, r2
 924 005a 0BD0     		beq	.L125
 925              	.L122:
 926 005c C3EBC302 		rsb	r2, r3, r3, lsl #3
 927 0060 9100     		lsls	r1, r2, #2
 928 0062 0B4A     		ldr	r2, .L126+12
 929 0064 0A44     		add	r2, r2, r1
 930 0066 5268     		ldr	r2, [r2, #4]
 931 0068 D168     		ldr	r1, [r2, #12]
 932 006a 0A4A     		ldr	r2, .L126+16
 933 006c 1160     		str	r1, [r2]
 934 006e 074A     		ldr	r2, .L126+8
 935 0070 1360     		str	r3, [r2]
 936 0072 7047     		bx	lr
 937              	.L125:
ARM GAS  C:\Users\UXP\AppData\Local\Temp\ccfHN6Xb.s 			page 17


 938 0074 6246     		mov	r2, ip
 939 0076 9100     		lsls	r1, r2, #2
 940 0078 0246     		mov	r2, r0
 941 007a 0A44     		add	r2, r2, r1
 942 007c D168     		ldr	r1, [r2, #12]
 943 007e 5160     		str	r1, [r2, #4]
 944 0080 ECE7     		b	.L122
 945              	.L127:
 946 0082 00BF     		.align	2
 947              	.L126:
 948 0084 00000000 		.word	uxSchedulerSuspended
 949 0088 00000000 		.word	xYieldPendings
 950 008c 00000000 		.word	uxTopReadyPriority
 951 0090 00000000 		.word	pxReadyTasksLists
 952 0094 00000000 		.word	pxCurrentTCB
 954              		.section	.bss.uxSchedulerSuspended,"aw",%nobits
 955              		.align	2
 958              	uxSchedulerSuspended:
 959 0000 00000000 		.space	4
 960              		.section	.bss.xYieldPendings,"aw",%nobits
 961              		.align	2
 964              	xYieldPendings:
 965 0000 00000000 		.space	4
 966              		.section	.bss.xNextTaskUnblockTime,"aw",%nobits
 967              		.align	2
 970              	xNextTaskUnblockTime:
 971 0000 00000000 		.space	4
 972              		.section	.bss.xNumOfOverflows,"aw",%nobits
 973              		.align	2
 976              	xNumOfOverflows:
 977 0000 00000000 		.space	4
 978              		.section	.bss.xTickCount,"aw",%nobits
 979              		.align	2
 982              	xTickCount:
 983 0000 00000000 		.space	4
 984              		.section	.bss.xPendedTicks,"aw",%nobits
 985              		.align	2
 988              	xPendedTicks:
 989 0000 00000000 		.space	4
 990              		.section	.bss.uxTopReadyPriority,"aw",%nobits
 991              		.align	2
 994              	uxTopReadyPriority:
 995 0000 00000000 		.space	4
 996              		.section	.bss.uxTaskNumber,"aw",%nobits
 997              		.align	2
 1000              	uxTaskNumber:
 1001 0000 00000000 		.space	4
 1002              		.section	.bss.xSchedulerRunning,"aw",%nobits
 1003              		.align	2
 1006              	xSchedulerRunning:
 1007 0000 00000000 		.space	4
 1008              		.section	.bss.uxCurrentNumberOfTasks,"aw",%nobits
 1009              		.align	2
 1012              	uxCurrentNumberOfTasks:
 1013 0000 00000000 		.space	4
 1014              		.global	pxOverflowDelayedTaskList
 1015              		.section	.bss.pxOverflowDelayedTaskList,"aw",%nobits
ARM GAS  C:\Users\UXP\AppData\Local\Temp\ccfHN6Xb.s 			page 18


 1016              		.align	2
 1019              	pxOverflowDelayedTaskList:
 1020 0000 00000000 		.space	4
 1021              		.global	pxDelayedTaskList
 1022              		.section	.bss.pxDelayedTaskList,"aw",%nobits
 1023              		.align	2
 1026              	pxDelayedTaskList:
 1027 0000 00000000 		.space	4
 1028              		.global	xPendingReadyList
 1029              		.section	.bss.xPendingReadyList,"aw",%nobits
 1030              		.align	2
 1033              	xPendingReadyList:
 1034 0000 00000000 		.space	28
 1034      00000000 
 1034      00000000 
 1034      00000000 
 1034      00000000 
 1035              		.global	xSuspendedTaskList
 1036              		.section	.bss.xSuspendedTaskList,"aw",%nobits
 1037              		.align	2
 1040              	xSuspendedTaskList:
 1041 0000 00000000 		.space	28
 1041      00000000 
 1041      00000000 
 1041      00000000 
 1041      00000000 
 1042              		.global	xDelayedTaskList2
 1043              		.section	.bss.xDelayedTaskList2,"aw",%nobits
 1044              		.align	2
 1047              	xDelayedTaskList2:
 1048 0000 00000000 		.space	28
 1048      00000000 
 1048      00000000 
 1048      00000000 
 1048      00000000 
 1049              		.global	xDelayedTaskList1
 1050              		.section	.bss.xDelayedTaskList1,"aw",%nobits
 1051              		.align	2
 1054              	xDelayedTaskList1:
 1055 0000 00000000 		.space	28
 1055      00000000 
 1055      00000000 
 1055      00000000 
 1055      00000000 
 1056              		.global	pxReadyTasksLists
 1057              		.section	.bss.pxReadyTasksLists,"aw",%nobits
 1058              		.align	2
 1061              	pxReadyTasksLists:
 1062 0000 00000000 		.space	896
 1062      00000000 
 1062      00000000 
 1062      00000000 
 1062      00000000 
 1063              		.ident	"GCC: (Arm GNU Toolchain 14.3.Rel1 (Build arm-14.174)) 14.3.1 20250623"
ARM GAS  C:\Users\UXP\AppData\Local\Temp\ccfHN6Xb.s 			page 19


DEFINED SYMBOLS
                            *ABS*:00000000 task.c
C:\Users\UXP\AppData\Local\Temp\ccfHN6Xb.s:16     .text.prvCreateIdleTasks:00000000 $t
C:\Users\UXP\AppData\Local\Temp\ccfHN6Xb.s:21     .text.prvCreateIdleTasks:00000000 prvCreateIdleTasks
C:\Users\UXP\AppData\Local\Temp\ccfHN6Xb.s:29     .text.prvResetNextTaskUnblockTime:00000000 $t
C:\Users\UXP\AppData\Local\Temp\ccfHN6Xb.s:34     .text.prvResetNextTaskUnblockTime:00000000 prvResetNextTaskUnblockTime
C:\Users\UXP\AppData\Local\Temp\ccfHN6Xb.s:57     .text.prvResetNextTaskUnblockTime:00000020 $d
C:\Users\UXP\AppData\Local\Temp\ccfHN6Xb.s:1026   .bss.pxDelayedTaskList:00000000 pxDelayedTaskList
C:\Users\UXP\AppData\Local\Temp\ccfHN6Xb.s:970    .bss.xNextTaskUnblockTime:00000000 xNextTaskUnblockTime
C:\Users\UXP\AppData\Local\Temp\ccfHN6Xb.s:61     .text.prvInitialiseNewTask:00000000 $t
C:\Users\UXP\AppData\Local\Temp\ccfHN6Xb.s:66     .text.prvInitialiseNewTask:00000000 prvInitialiseNewTask
C:\Users\UXP\AppData\Local\Temp\ccfHN6Xb.s:123    .text.prvAddCurrentTaskToDelayedList:00000000 $t
C:\Users\UXP\AppData\Local\Temp\ccfHN6Xb.s:128    .text.prvAddCurrentTaskToDelayedList:00000000 prvAddCurrentTaskToDelayedList
C:\Users\UXP\AppData\Local\Temp\ccfHN6Xb.s:190    .text.prvAddCurrentTaskToDelayedList:00000078 $d
C:\Users\UXP\AppData\Local\Temp\ccfHN6Xb.s:982    .bss.xTickCount:00000000 xTickCount
C:\Users\UXP\AppData\Local\Temp\ccfHN6Xb.s:1019   .bss.pxOverflowDelayedTaskList:00000000 pxOverflowDelayedTaskList
C:\Users\UXP\AppData\Local\Temp\ccfHN6Xb.s:1040   .bss.xSuspendedTaskList:00000000 xSuspendedTaskList
C:\Users\UXP\AppData\Local\Temp\ccfHN6Xb.s:198    .text.prvInitaliseTaskLists:00000000 $t
C:\Users\UXP\AppData\Local\Temp\ccfHN6Xb.s:204    .text.prvInitaliseTaskLists:00000000 prvInitaliseTaskLists
C:\Users\UXP\AppData\Local\Temp\ccfHN6Xb.s:236    .text.prvInitaliseTaskLists:0000003c $d
C:\Users\UXP\AppData\Local\Temp\ccfHN6Xb.s:1061   .bss.pxReadyTasksLists:00000000 pxReadyTasksLists
C:\Users\UXP\AppData\Local\Temp\ccfHN6Xb.s:1054   .bss.xDelayedTaskList1:00000000 xDelayedTaskList1
C:\Users\UXP\AppData\Local\Temp\ccfHN6Xb.s:1047   .bss.xDelayedTaskList2:00000000 xDelayedTaskList2
C:\Users\UXP\AppData\Local\Temp\ccfHN6Xb.s:1033   .bss.xPendingReadyList:00000000 xPendingReadyList
C:\Users\UXP\AppData\Local\Temp\ccfHN6Xb.s:244    .text.prvAddNewTaskToReadyList:00000000 $t
C:\Users\UXP\AppData\Local\Temp\ccfHN6Xb.s:249    .text.prvAddNewTaskToReadyList:00000000 prvAddNewTaskToReadyList
C:\Users\UXP\AppData\Local\Temp\ccfHN6Xb.s:339    .text.prvAddNewTaskToReadyList:000000b0 $d
C:\Users\UXP\AppData\Local\Temp\ccfHN6Xb.s:1012   .bss.uxCurrentNumberOfTasks:00000000 uxCurrentNumberOfTasks
C:\Users\UXP\AppData\Local\Temp\ccfHN6Xb.s:1006   .bss.xSchedulerRunning:00000000 xSchedulerRunning
C:\Users\UXP\AppData\Local\Temp\ccfHN6Xb.s:1000   .bss.uxTaskNumber:00000000 uxTaskNumber
C:\Users\UXP\AppData\Local\Temp\ccfHN6Xb.s:994    .bss.uxTopReadyPriority:00000000 uxTopReadyPriority
C:\Users\UXP\AppData\Local\Temp\ccfHN6Xb.s:347    .text.xTaskCreateStatic:00000000 $t
C:\Users\UXP\AppData\Local\Temp\ccfHN6Xb.s:353    .text.xTaskCreateStatic:00000000 xTaskCreateStatic
C:\Users\UXP\AppData\Local\Temp\ccfHN6Xb.s:384    .text.vTaskStartScheduler:00000000 $t
C:\Users\UXP\AppData\Local\Temp\ccfHN6Xb.s:390    .text.vTaskStartScheduler:00000000 vTaskStartScheduler
C:\Users\UXP\AppData\Local\Temp\ccfHN6Xb.s:436    .text.vTaskStartScheduler:00000048 $d
C:\Users\UXP\AppData\Local\Temp\ccfHN6Xb.s:441    .text.xTaskIncrementTick:00000000 $t
C:\Users\UXP\AppData\Local\Temp\ccfHN6Xb.s:447    .text.xTaskIncrementTick:00000000 xTaskIncrementTick
C:\Users\UXP\AppData\Local\Temp\ccfHN6Xb.s:609    .text.xTaskIncrementTick:00000134 $d
C:\Users\UXP\AppData\Local\Temp\ccfHN6Xb.s:958    .bss.uxSchedulerSuspended:00000000 uxSchedulerSuspended
C:\Users\UXP\AppData\Local\Temp\ccfHN6Xb.s:964    .bss.xYieldPendings:00000000 xYieldPendings
C:\Users\UXP\AppData\Local\Temp\ccfHN6Xb.s:976    .bss.xNumOfOverflows:00000000 xNumOfOverflows
C:\Users\UXP\AppData\Local\Temp\ccfHN6Xb.s:988    .bss.xPendedTicks:00000000 xPendedTicks
C:\Users\UXP\AppData\Local\Temp\ccfHN6Xb.s:622    .text.vTaskSuspendAll:00000000 $t
C:\Users\UXP\AppData\Local\Temp\ccfHN6Xb.s:628    .text.vTaskSuspendAll:00000000 vTaskSuspendAll
C:\Users\UXP\AppData\Local\Temp\ccfHN6Xb.s:640    .text.vTaskSuspendAll:0000000c $d
C:\Users\UXP\AppData\Local\Temp\ccfHN6Xb.s:643    .text.xTaskResumeAll:00000000 $t
C:\Users\UXP\AppData\Local\Temp\ccfHN6Xb.s:649    .text.xTaskResumeAll:00000000 xTaskResumeAll
C:\Users\UXP\AppData\Local\Temp\ccfHN6Xb.s:818    .text.xTaskResumeAll:00000134 $d
C:\Users\UXP\AppData\Local\Temp\ccfHN6Xb.s:828    .text.vTaskDelay:00000000 $t
C:\Users\UXP\AppData\Local\Temp\ccfHN6Xb.s:834    .text.vTaskDelay:00000000 vTaskDelay
C:\Users\UXP\AppData\Local\Temp\ccfHN6Xb.s:866    .text.vTaskSwitchContext:00000000 $t
C:\Users\UXP\AppData\Local\Temp\ccfHN6Xb.s:872    .text.vTaskSwitchContext:00000000 vTaskSwitchContext
C:\Users\UXP\AppData\Local\Temp\ccfHN6Xb.s:948    .text.vTaskSwitchContext:00000084 $d
C:\Users\UXP\AppData\Local\Temp\ccfHN6Xb.s:955    .bss.uxSchedulerSuspended:00000000 $d
C:\Users\UXP\AppData\Local\Temp\ccfHN6Xb.s:961    .bss.xYieldPendings:00000000 $d
C:\Users\UXP\AppData\Local\Temp\ccfHN6Xb.s:967    .bss.xNextTaskUnblockTime:00000000 $d
ARM GAS  C:\Users\UXP\AppData\Local\Temp\ccfHN6Xb.s 			page 20


C:\Users\UXP\AppData\Local\Temp\ccfHN6Xb.s:973    .bss.xNumOfOverflows:00000000 $d
C:\Users\UXP\AppData\Local\Temp\ccfHN6Xb.s:979    .bss.xTickCount:00000000 $d
C:\Users\UXP\AppData\Local\Temp\ccfHN6Xb.s:985    .bss.xPendedTicks:00000000 $d
C:\Users\UXP\AppData\Local\Temp\ccfHN6Xb.s:991    .bss.uxTopReadyPriority:00000000 $d
C:\Users\UXP\AppData\Local\Temp\ccfHN6Xb.s:997    .bss.uxTaskNumber:00000000 $d
C:\Users\UXP\AppData\Local\Temp\ccfHN6Xb.s:1003   .bss.xSchedulerRunning:00000000 $d
C:\Users\UXP\AppData\Local\Temp\ccfHN6Xb.s:1009   .bss.uxCurrentNumberOfTasks:00000000 $d
C:\Users\UXP\AppData\Local\Temp\ccfHN6Xb.s:1016   .bss.pxOverflowDelayedTaskList:00000000 $d
C:\Users\UXP\AppData\Local\Temp\ccfHN6Xb.s:1023   .bss.pxDelayedTaskList:00000000 $d
C:\Users\UXP\AppData\Local\Temp\ccfHN6Xb.s:1030   .bss.xPendingReadyList:00000000 $d
C:\Users\UXP\AppData\Local\Temp\ccfHN6Xb.s:1037   .bss.xSuspendedTaskList:00000000 $d
C:\Users\UXP\AppData\Local\Temp\ccfHN6Xb.s:1044   .bss.xDelayedTaskList2:00000000 $d
C:\Users\UXP\AppData\Local\Temp\ccfHN6Xb.s:1051   .bss.xDelayedTaskList1:00000000 $d
C:\Users\UXP\AppData\Local\Temp\ccfHN6Xb.s:1058   .bss.pxReadyTasksLists:00000000 $d

UNDEFINED SYMBOLS
vListInitialiseItem
pxPortInitialiseStack
uxListRemove
vListInsert
pxCurrentTCB
vListInitalise
vPortEnterCritical
vPortExitCritical
xPortStartScheduler
