Archive member included to satisfy reference by file (symbol)

D:/Software/Compiler/gcc-arm-none-eabi/bin/../lib/gcc/arm-none-eabi/14.3.1/../../../../arm-none-eabi/lib/thumb/v7-m/nofp\libc_nano.a(libc_a-exit.o)
                              D:/Software/Compiler/gcc-arm-none-eabi/bin/../lib/gcc/arm-none-eabi/14.3.1/../../../../arm-none-eabi/lib/thumb/v7-m/nofp/crt0.o (exit)
D:/Software/Compiler/gcc-arm-none-eabi/bin/../lib/gcc/arm-none-eabi/14.3.1/../../../../arm-none-eabi/lib/thumb/v7-m/nofp\libc_nano.a(libc_a-findfp.o)
                              D:/Software/Compiler/gcc-arm-none-eabi/bin/../lib/gcc/arm-none-eabi/14.3.1/../../../../arm-none-eabi/lib/thumb/v7-m/nofp\libc_nano.a(libc_a-exit.o) (__stdio_exit_handler)
D:/Software/Compiler/gcc-arm-none-eabi/bin/../lib/gcc/arm-none-eabi/14.3.1/../../../../arm-none-eabi/lib/thumb/v7-m/nofp\libc_nano.a(libc_a-fwalk.o)
                              D:/Software/Compiler/gcc-arm-none-eabi/bin/../lib/gcc/arm-none-eabi/14.3.1/../../../../arm-none-eabi/lib/thumb/v7-m/nofp\libc_nano.a(libc_a-findfp.o) (_fwalk_sglue)
D:/Software/Compiler/gcc-arm-none-eabi/bin/../lib/gcc/arm-none-eabi/14.3.1/../../../../arm-none-eabi/lib/thumb/v7-m/nofp\libc_nano.a(libc_a-puts.o)
                              others/main.o (puts)
D:/Software/Compiler/gcc-arm-none-eabi/bin/../lib/gcc/arm-none-eabi/14.3.1/../../../../arm-none-eabi/lib/thumb/v7-m/nofp\libc_nano.a(libc_a-stdio.o)
                              D:/Software/Compiler/gcc-arm-none-eabi/bin/../lib/gcc/arm-none-eabi/14.3.1/../../../../arm-none-eabi/lib/thumb/v7-m/nofp\libc_nano.a(libc_a-findfp.o) (__sread)
D:/Software/Compiler/gcc-arm-none-eabi/bin/../lib/gcc/arm-none-eabi/14.3.1/../../../../arm-none-eabi/lib/thumb/v7-m/nofp\libc_nano.a(libc_a-wbuf.o)
                              D:/Software/Compiler/gcc-arm-none-eabi/bin/../lib/gcc/arm-none-eabi/14.3.1/../../../../arm-none-eabi/lib/thumb/v7-m/nofp\libc_nano.a(libc_a-puts.o) (__swbuf_r)
D:/Software/Compiler/gcc-arm-none-eabi/bin/../lib/gcc/arm-none-eabi/14.3.1/../../../../arm-none-eabi/lib/thumb/v7-m/nofp\libc_nano.a(libc_a-wsetup.o)
                              D:/Software/Compiler/gcc-arm-none-eabi/bin/../lib/gcc/arm-none-eabi/14.3.1/../../../../arm-none-eabi/lib/thumb/v7-m/nofp\libc_nano.a(libc_a-puts.o) (__swsetup_r)
D:/Software/Compiler/gcc-arm-none-eabi/bin/../lib/gcc/arm-none-eabi/14.3.1/../../../../arm-none-eabi/lib/thumb/v7-m/nofp\libc_nano.a(libc_a-memset.o)
                              D:/Software/Compiler/gcc-arm-none-eabi/bin/../lib/gcc/arm-none-eabi/14.3.1/../../../../arm-none-eabi/lib/thumb/v7-m/nofp/crt0.o (memset)
D:/Software/Compiler/gcc-arm-none-eabi/bin/../lib/gcc/arm-none-eabi/14.3.1/../../../../arm-none-eabi/lib/thumb/v7-m/nofp\libc_nano.a(libc_a-closer.o)
                              D:/Software/Compiler/gcc-arm-none-eabi/bin/../lib/gcc/arm-none-eabi/14.3.1/../../../../arm-none-eabi/lib/thumb/v7-m/nofp\libc_nano.a(libc_a-stdio.o) (_close_r)
D:/Software/Compiler/gcc-arm-none-eabi/bin/../lib/gcc/arm-none-eabi/14.3.1/../../../../arm-none-eabi/lib/thumb/v7-m/nofp\libc_nano.a(libc_a-reent.o)
                              D:/Software/Compiler/gcc-arm-none-eabi/bin/../lib/gcc/arm-none-eabi/14.3.1/../../../../arm-none-eabi/lib/thumb/v7-m/nofp\libc_nano.a(libc_a-closer.o) (errno)
D:/Software/Compiler/gcc-arm-none-eabi/bin/../lib/gcc/arm-none-eabi/14.3.1/../../../../arm-none-eabi/lib/thumb/v7-m/nofp\libc_nano.a(libc_a-impure.o)
                              D:/Software/Compiler/gcc-arm-none-eabi/bin/../lib/gcc/arm-none-eabi/14.3.1/../../../../arm-none-eabi/lib/thumb/v7-m/nofp\libc_nano.a(libc_a-puts.o) (_impure_ptr)
D:/Software/Compiler/gcc-arm-none-eabi/bin/../lib/gcc/arm-none-eabi/14.3.1/../../../../arm-none-eabi/lib/thumb/v7-m/nofp\libc_nano.a(libc_a-lseekr.o)
                              D:/Software/Compiler/gcc-arm-none-eabi/bin/../lib/gcc/arm-none-eabi/14.3.1/../../../../arm-none-eabi/lib/thumb/v7-m/nofp\libc_nano.a(libc_a-stdio.o) (_lseek_r)
D:/Software/Compiler/gcc-arm-none-eabi/bin/../lib/gcc/arm-none-eabi/14.3.1/../../../../arm-none-eabi/lib/thumb/v7-m/nofp\libc_nano.a(libc_a-readr.o)
                              D:/Software/Compiler/gcc-arm-none-eabi/bin/../lib/gcc/arm-none-eabi/14.3.1/../../../../arm-none-eabi/lib/thumb/v7-m/nofp\libc_nano.a(libc_a-stdio.o) (_read_r)
D:/Software/Compiler/gcc-arm-none-eabi/bin/../lib/gcc/arm-none-eabi/14.3.1/../../../../arm-none-eabi/lib/thumb/v7-m/nofp\libc_nano.a(libc_a-writer.o)
                              D:/Software/Compiler/gcc-arm-none-eabi/bin/../lib/gcc/arm-none-eabi/14.3.1/../../../../arm-none-eabi/lib/thumb/v7-m/nofp\libc_nano.a(libc_a-stdio.o) (_write_r)
D:/Software/Compiler/gcc-arm-none-eabi/bin/../lib/gcc/arm-none-eabi/14.3.1/../../../../arm-none-eabi/lib/thumb/v7-m/nofp\libc_nano.a(libc_a-errno.o)
                              others/syscalls.o (__errno)
[...]
Memory Configuration

Name             Origin             Length             Attributes
RAM              0x20000000         0x0000c000         xrw
FLASH            0x08000000         0x00040000         xr
*default*        0x00000000         0xffffffff

Linker script and memory map

LOAD D:/Software/Compiler/gcc-arm-none-eabi/bin/../lib/gcc/arm-none-eabi/14.3.1/thumb/v7-m/nofp/crti.o
LOAD D:/Software/Compiler/gcc-arm-none-eabi/bin/../lib/gcc/arm-none-eabi/14.3.1/thumb/v7-m/nofp/crtbegin.o
LOAD D:/Software/Compiler/gcc-arm-none-eabi/bin/../lib/gcc/arm-none-eabi/14.3.1/../../../../arm-none-eabi/lib/thumb/v7-m/nofp/crt0.o
LOAD others/system_stm32f10x.o
LOAD others/core_cm3.o
LOAD others/syscalls.o
LOAD others/main.o
LOAD others/stm32f10x_it.o
LOAD others/stm32f10x_gpio.o
LOAD others/stm32f10x_fsmc.o
LOAD others/stm32f10x_exti.o
LOAD others/stm32f10x_bkp.o
LOAD others/stm32f10x_spi.o
LOAD others/stm32f10x_adc.o
LOAD others/stm32f10x_iwdg.o
LOAD others/misc.o
LOAD others/stm32f10x_cec.o
LOAD others/stm32f10x_wwdg.o
LOAD others/stm32f10x_tim.o
LOAD others/stm32f10x_usart.o
LOAD others/stm32f10x_crc.o
LOAD others/stm32f10x_flash.o
LOAD others/stm32f10x_rcc.o
LOAD others/stm32f10x_sdio.o
LOAD others/stm32f10x_i2c.o
LOAD others/stm32f10x_pwr.o
LOAD others/stm32f10x_rtc.o
LOAD others/stm32f10x_can.o
LOAD others/stm32f10x_dac.o
LOAD others/stm32f10x_dbgmcu.o
LOAD others/stm32f10x_dma.o
LOAD others/lab_exti.o
LOAD others/lab_tim_oc.o
LOAD others/lab_iwdg.o
LOAD others/led.o
LOAD others/lab_usart_simple.o
LOAD others/key.o
LOAD others/lab_rtos.o
LOAD others/lab_base_tim.o
LOAD others/lab_rtc.o
LOAD others/lab_dma.o
LOAD others/lab_wwdg.o
LOAD others/test.o
LOAD others/port.o
LOAD others/task.o
LOAD others/list.o
LOAD others/sys.o
LOAD others/delay.o
LOAD others/startup_stm32f10x_hd.o
LOAD D:/Software/Compiler/gcc-arm-none-eabi/bin/../lib/gcc/arm-none-eabi/14.3.1/../../../../arm-none-eabi/lib/thumb/v7-m/nofp\libc_nano.a
LOAD D:/Software/Compiler/gcc-arm-none-eabi/bin/../lib/gcc/arm-none-eabi/14.3.1/../../../../arm-none-eabi/lib/thumb/v7-m/nofp\libm.a
START GROUP
LOAD D:/Software/Compiler/gcc-arm-none-eabi/bin/../lib/gcc/arm-none-eabi/14.3.1/thumb/v7-m/nofp\libgcc.a
LOAD D:/Software/Compiler/gcc-arm-none-eabi/bin/../lib/gcc/arm-none-eabi/14.3.1/../../../../arm-none-eabi/lib/thumb/v7-m/nofp\libc_nano.a
END GROUP
START GROUP
LOAD D:/Software/Compiler/gcc-arm-none-eabi/bin/../lib/gcc/arm-none-eabi/14.3.1/thumb/v7-m/nofp\libgcc.a
LOAD D:/Software/Compiler/gcc-arm-none-eabi/bin/../lib/gcc/arm-none-eabi/14.3.1/../../../../arm-none-eabi/lib/thumb/v7-m/nofp\libc_nano.a
END GROUP
LOAD D:/Software/Compiler/gcc-arm-none-eabi/bin/../lib/gcc/arm-none-eabi/14.3.1/thumb/v7-m/nofp/crtend.o
LOAD D:/Software/Compiler/gcc-arm-none-eabi/bin/../lib/gcc/arm-none-eabi/14.3.1/thumb/v7-m/nofp/crtn.o
                0x2000c000                        _estack = (ORIGIN (RAM) + LENGTH (RAM))
                0x00000200                        _Min_Heap_Size = 0x200
                0x00000400                        _Min_Stack_Size = 0x400

.isr_vector     0x08000000      0x1e4
                0x08000000                        . = ALIGN (0x4)
 *(.isr_vector)
 .isr_vector    0x08000000      0x1e4 others/startup_stm32f10x_hd.o
                0x08000000                g_pfnVectors
                0x080001e4                        . = ALIGN (0x4)

.text           0x080001f0     0x1ab8
                0x080001f0                        . = ALIGN (0x4)
 *(.text)
 *(.text*)
 .text.deregister_tm_clones
                0x080001f0       0x1c D:/Software/Compiler/gcc-arm-none-eabi/bin/../lib/gcc/arm-none-eabi/14.3.1/thumb/v7-m/nofp/crtbegin.o
 .text.register_tm_clones
                0x0800020c       0x24 D:/Software/Compiler/gcc-arm-none-eabi/bin/../lib/gcc/arm-none-eabi/14.3.1/thumb/v7-m/nofp/crtbegin.o
 .text.__do_global_dtors_aux
                0x08000230       0x28 D:/Software/Compiler/gcc-arm-none-eabi/bin/../lib/gcc/arm-none-eabi/14.3.1/thumb/v7-m/nofp/crtbegin.o
 .text.frame_dummy
                0x08000258       0x24 D:/Software/Compiler/gcc-arm-none-eabi/bin/../lib/gcc/arm-none-eabi/14.3.1/thumb/v7-m/nofp/crtbegin.o
 .text.SetSysClockTo72
                0x0800027c       0xc4 others/system_stm32f10x.o
 .text.SetSysClock
                0x08000340        0x8 others/system_stm32f10x.o
 .text.SystemInit
                0x08000348       0x50 others/system_stm32f10x.o
                0x08000348                SystemInit
 .text._close   0x08000398        0x6 others/syscalls.o
                0x08000398                _close
 *fill*         0x0800039e        0x2 
 .text._write   0x080003a0       0x2c others/syscalls.o
                0x080003a0                _write
 .text._read    0x080003cc       0x34 others/syscalls.o
                0x080003cc                _read
 .text._lseek   0x08000400        0x4 others/syscalls.o
                0x08000400                _lseek
 .text._fstat   0x08000404        0xa others/syscalls.o
                0x08000404                _fstat
 .text._isatty  0x0800040e        0x4 others/syscalls.o
                0x0800040e                _isatty
 *fill*         0x08000412        0x2 
 .text._sbrk    0x08000414       0x30 others/syscalls.o
                0x08000414                _sbrk
 .text.prvIdleTask
                0x08000444        0x2 others/main.o
                0x08000444                prvIdleTask
 *fill*         0x08000446        0x2 
 .text.Task1_Entry
                0x08000448       0x18 others/main.o
                0x08000448                Task1_Entry
 .text.Task2_Entry
                0x08000460       0x18 others/main.o
                0x08000460                Task2_Entry
 .text.main     0x08000478       0x9c others/main.o
                0x08000478                main
 .text.NMI_Handler
                0x08000514        0x2 others/stm32f10x_it.o
                0x08000514                NMI_Handler
 .text.HardFault_Handler
                0x08000516        0x2 others/stm32f10x_it.o
                0x08000516                HardFault_Handler
 .text.MemManage_Handler
                0x08000518        0x2 others/stm32f10x_it.o
                0x08000518                MemManage_Handler
 .text.BusFault_Handler
                0x0800051a        0x2 others/stm32f10x_it.o
                0x0800051a                BusFault_Handler
 .text.UsageFault_Handler
                0x0800051c        0x2 others/stm32f10x_it.o
                0x0800051c                UsageFault_Handler
 .text.DebugMon_Handler
                0x0800051e        0x2 others/stm32f10x_it.o
                0x0800051e                DebugMon_Handler
 .text.GPIO_Init
                0x08000520       0xb0 others/stm32f10x_gpio.o
                0x08000520                GPIO_Init
 .text.GPIO_SetBits
                0x080005d0        0x4 others/stm32f10x_gpio.o
                0x080005d0                GPIO_SetBits
 .text.EXTI_GetFlagStatus
                0x080005d4       0x14 others/stm32f10x_exti.o
                0x080005d4                EXTI_GetFlagStatus
 .text.EXTI_ClearITPendingBit
                0x080005e8        0xc others/stm32f10x_exti.o
                0x080005e8                EXTI_ClearITPendingBit
 .text.NVIC_PriorityGroupConfig
                0x080005f4       0x14 others/misc.o
                0x080005f4                NVIC_PriorityGroupConfig
 .text.NVIC_Init
                0x08000608       0x60 others/misc.o
                0x08000608                NVIC_Init
 .text.WWDG_ClearFlag
                0x08000668        0xc others/stm32f10x_wwdg.o
                0x08000668                WWDG_ClearFlag
 .text.TIM_ClearITPendingBit
                0x08000674        0x8 others/stm32f10x_tim.o
                0x08000674                TIM_ClearITPendingBit
 .text.USART_Init
                0x0800067c       0xc4 others/stm32f10x_usart.o
                0x0800067c                USART_Init
 .text.USART_Cmd
                0x08000740       0x1c others/stm32f10x_usart.o
                0x08000740                USART_Cmd
 .text.USART_ITConfig
                0x0800075c       0x36 others/stm32f10x_usart.o
                0x0800075c                USART_ITConfig
 .text.USART_SendData
                0x08000792        0x8 others/stm32f10x_usart.o
                0x08000792                USART_SendData
 .text.USART_ReceiveData
                0x0800079a        0x8 others/stm32f10x_usart.o
                0x0800079a                USART_ReceiveData
 .text.USART_GetFlagStatus
                0x080007a2        0xe others/stm32f10x_usart.o
                0x080007a2                USART_GetFlagStatus
 .text.USART_GetITStatus
                0x080007b0       0x4a others/stm32f10x_usart.o
                0x080007b0                USART_GetITStatus
 .text.USART_ClearITPendingBit
                0x080007fa       0x10 others/stm32f10x_usart.o
                0x080007fa                USART_ClearITPendingBit
 *fill*         0x0800080a        0x2 
 .text.RCC_GetClocksFreq
                0x0800080c       0xb4 others/stm32f10x_rcc.o
                0x0800080c                RCC_GetClocksFreq
 .text.RCC_APB2PeriphClockCmd
                0x080008c0       0x1c others/stm32f10x_rcc.o
                0x080008c0                RCC_APB2PeriphClockCmd
 .text.EXTI9_5_IRQHandler
                0x080008dc       0x24 others/lab_exti.o
                0x080008dc                EXTI9_5_IRQHandler
 .text.EXTI15_10_IRQHandler
                0x08000900       0x28 others/lab_exti.o
                0x08000900                EXTI15_10_IRQHandler
 .text.LedInit  0x08000928       0x58 others/led.o
                0x08000928                LedInit
 .text.NVIC_USART_Configuration
                0x08000980       0x28 others/lab_usart_simple.o
                0x08000980                NVIC_USART_Configuration
 .text.Uart_Init
                0x080009a8       0x90 others/lab_usart_simple.o
                0x080009a8                Uart_Init
 .text.USART1_IRQHandler
                0x08000a38       0x3c others/lab_usart_simple.o
                0x08000a38                USART1_IRQHandler
 .text.TIM6_IRQHandler
                0x08000a74       0x2c others/lab_base_tim.o
                0x08000a74                TIM6_IRQHandler
 .text.WWDG_IRQHandler
                0x08000aa0       0x18 others/lab_wwdg.o
                0x08000aa0                WWDG_IRQHandler
 .text.prvTaskExitError
                0x08000ab8       0x12 others/port.o
 *fill*         0x08000aca        0x2 
 .text.prvPortStartFirstTask
                0x08000acc       0x24 others/port.o
 .text.pxPortInitialiseStack
                0x08000af0       0x24 others/port.o
                0x08000af0                pxPortInitialiseStack
 .text.vPortSetupTimerInterrupt
                0x08000b14       0x18 others/port.o
                0x08000b14                vPortSetupTimerInterrupt
 .text.SysTick_Handler
                0x08000b2c       0x2c others/port.o
                0x08000b2c                SysTick_Handler
 *fill*         0x08000b58        0x8 
 .text.SVC_Handler
                0x08000b60       0x28 others/port.o
                0x08000b60                SVC_Handler
 .text.xPortStartScheduler
                0x08000b88       0x38 others/port.o
                0x08000b88                xPortStartScheduler
 .text.PendSV_Handler
                0x08000bc0       0x48 others/port.o
                0x08000bc0                PendSV_Handler
 .text.vPortEnterCritical
                0x08000c08       0x44 others/port.o
                0x08000c08                vPortEnterCritical
 .text.vPortExitCritical
                0x08000c4c       0x2c others/port.o
                0x08000c4c                vPortExitCritical
 .text.prvCreateIdleTasks
                0x08000c78        0x4 others/task.o
 .text.prvResetNextTaskUnblockTime
                0x08000c7c       0x28 others/task.o
 .text.prvInitialiseNewTask
                0x08000ca4       0x7e others/task.o
 *fill*         0x08000d22        0x2 
 .text.prvAddCurrentTaskToDelayedList
                0x08000d24       0x90 others/task.o
 .text.prvInitaliseTaskLists
                0x08000db4       0x54 others/task.o
                0x08000db4                prvInitaliseTaskLists
 .text.prvAddNewTaskToReadyList
                0x08000e08       0xc8 others/task.o
 .text.xTaskCreateStatic
                0x08000ed0       0x32 others/task.o
                0x08000ed0                xTaskCreateStatic
 *fill*         0x08000f02        0x2 
 .text.vTaskStartScheduler
                0x08000f04       0x54 others/task.o
                0x08000f04                vTaskStartScheduler
 .text.xTaskIncrementTick
                0x08000f58      0x160 others/task.o
                0x08000f58                xTaskIncrementTick
 .text.vTaskSuspendAll
                0x080010b8       0x10 others/task.o
                0x080010b8                vTaskSuspendAll
 .text.xTaskResumeAll
                0x080010c8      0x154 others/task.o
                0x080010c8                xTaskResumeAll
 .text.vTaskDelay
                0x0800121c       0x32 others/task.o
                0x0800121c                vTaskDelay
 *fill*         0x0800124e        0x2 
 .text.vTaskSwitchContext
                0x08001250       0x98 others/task.o
                0x08001250                vTaskSwitchContext
 .text.vListInitialiseItem
                0x080012e8        0x6 others/list.o
                0x080012e8                vListInitialiseItem
 .text.vListInitalise
                0x080012ee       0x18 others/list.o
                0x080012ee                vListInitalise
 .text.vListInsert
                0x08001306       0x34 others/list.o
                0x08001306                vListInsert
 .text.uxListRemove
                0x0800133a       0x22 others/list.o
                0x0800133a                uxListRemove
 .text.Reset_Handler
                0x0800135c       0x44 others/startup_stm32f10x_hd.o
                0x0800135c                Reset_Handler
 .text.Default_Handler
                0x080013a0        0x2 others/startup_stm32f10x_hd.o
                0x080013a0                EXTI2_IRQHandler
                0x080013a0                TIM8_TRG_COM_IRQHandler
                0x080013a0                TIM8_CC_IRQHandler
                0x080013a0                TIM1_CC_IRQHandler
                0x080013a0                PVD_IRQHandler
                0x080013a0                SDIO_IRQHandler
                0x080013a0                EXTI3_IRQHandler
                0x080013a0                EXTI0_IRQHandler
                0x080013a0                I2C2_EV_IRQHandler
                0x080013a0                ADC1_2_IRQHandler
                0x080013a0                SPI1_IRQHandler
                0x080013a0                TAMPER_IRQHandler
                0x080013a0                TIM8_UP_IRQHandler
                0x080013a0                DMA2_Channel2_IRQHandler
                0x080013a0                DMA1_Channel4_IRQHandler
                0x080013a0                USART3_IRQHandler
                0x080013a0                RTC_IRQHandler
                0x080013a0                DMA1_Channel7_IRQHandler
                0x080013a0                CAN1_RX1_IRQHandler
                0x080013a0                UART5_IRQHandler
                0x080013a0                ADC3_IRQHandler
                0x080013a0                TIM4_IRQHandler
                0x080013a0                DMA2_Channel1_IRQHandler
                0x080013a0                I2C1_EV_IRQHandler
                0x080013a0                DMA1_Channel6_IRQHandler
                0x080013a0                UART4_IRQHandler
                0x080013a0                TIM3_IRQHandler
                0x080013a0                RCC_IRQHandler
                0x080013a0                TIM1_TRG_COM_IRQHandler
                0x080013a0                DMA1_Channel1_IRQHandler
                0x080013a0                Default_Handler
                0x080013a0                TIM7_IRQHandler
                0x080013a0                TIM5_IRQHandler
                0x080013a0                SPI2_IRQHandler
                0x080013a0                DMA1_Channel5_IRQHandler
                0x080013a0                EXTI4_IRQHandler
                0x080013a0                USB_LP_CAN1_RX0_IRQHandler
                0x080013a0                USB_HP_CAN1_TX_IRQHandler
                0x080013a0                DMA1_Channel3_IRQHandler
                0x080013a0                FSMC_IRQHandler
                0x080013a0                TIM1_UP_IRQHandler
                0x080013a0                TIM2_IRQHandler
                0x080013a0                TIM1_BRK_IRQHandler
                0x080013a0                EXTI1_IRQHandler
                0x080013a0                RTCAlarm_IRQHandler
                0x080013a0                DMA2_Channel4_5_IRQHandler
                0x080013a0                USART2_IRQHandler
                0x080013a0                I2C2_ER_IRQHandler
                0x080013a0                DMA1_Channel2_IRQHandler
                0x080013a0                TIM8_BRK_IRQHandler
                0x080013a0                CAN1_SCE_IRQHandler
                0x080013a0                FLASH_IRQHandler
                0x080013a0                SPI3_IRQHandler
                0x080013a0                I2C1_ER_IRQHandler
                0x080013a0                USBWakeUp_IRQHandler
                0x080013a0                DMA2_Channel3_IRQHandler
 *fill*         0x080013a2        0x2 
 .text.std      0x080013a4       0x6c D:/Software/Compiler/gcc-arm-none-eabi/bin/../lib/gcc/arm-none-eabi/14.3.1/../../../../arm-none-eabi/lib/thumb/v7-m/nofp\libc_nano.a(libc_a-findfp.o)
 .text.stdio_exit_handler
                0x08001410       0x18 D:/Software/Compiler/gcc-arm-none-eabi/bin/../lib/gcc/arm-none-eabi/14.3.1/../../../../arm-none-eabi/lib/thumb/v7-m/nofp\libc_nano.a(libc_a-findfp.o)
 .text.cleanup_stdio
                0x08001428       0x40 D:/Software/Compiler/gcc-arm-none-eabi/bin/../lib/gcc/arm-none-eabi/14.3.1/../../../../arm-none-eabi/lib/thumb/v7-m/nofp\libc_nano.a(libc_a-findfp.o)
 .text.global_stdio_init.part.0
                0x08001468       0x40 D:/Software/Compiler/gcc-arm-none-eabi/bin/../lib/gcc/arm-none-eabi/14.3.1/../../../../arm-none-eabi/lib/thumb/v7-m/nofp\libc_nano.a(libc_a-findfp.o)
 .text.__sfp_lock_acquire
                0x080014a8        0xc D:/Software/Compiler/gcc-arm-none-eabi/bin/../lib/gcc/arm-none-eabi/14.3.1/../../../../arm-none-eabi/lib/thumb/v7-m/nofp\libc_nano.a(libc_a-findfp.o)
                0x080014a8                __sfp_lock_acquire
 .text.__sfp_lock_release
                0x080014b4        0xc D:/Software/Compiler/gcc-arm-none-eabi/bin/../lib/gcc/arm-none-eabi/14.3.1/../../../../arm-none-eabi/lib/thumb/v7-m/nofp\libc_nano.a(libc_a-findfp.o)
                0x080014b4                __sfp_lock_release
 .text.__sinit  0x080014c0       0x30 D:/Software/Compiler/gcc-arm-none-eabi/bin/../lib/gcc/arm-none-eabi/14.3.1/../../../../arm-none-eabi/lib/thumb/v7-m/nofp\libc_nano.a(libc_a-findfp.o)
                0x080014c0                __sinit
 .text._fwalk_sglue
                0x080014f0       0x3c D:/Software/Compiler/gcc-arm-none-eabi/bin/../lib/gcc/arm-none-eabi/14.3.1/../../../../arm-none-eabi/lib/thumb/v7-m/nofp\libc_nano.a(libc_a-fwalk.o)
                0x080014f0                _fwalk_sglue
 .text._puts_r  0x0800152c       0xaa D:/Software/Compiler/gcc-arm-none-eabi/bin/../lib/gcc/arm-none-eabi/14.3.1/../../../../arm-none-eabi/lib/thumb/v7-m/nofp\libc_nano.a(libc_a-puts.o)
                0x0800152c                _puts_r
 *fill*         0x080015d6        0x2 
 .text.puts     0x080015d8       0x10 D:/Software/Compiler/gcc-arm-none-eabi/bin/../lib/gcc/arm-none-eabi/14.3.1/../../../../arm-none-eabi/lib/thumb/v7-m/nofp\libc_nano.a(libc_a-puts.o)
                0x080015d8                puts
 .text.__sread  0x080015e8       0x22 D:/Software/Compiler/gcc-arm-none-eabi/bin/../lib/gcc/arm-none-eabi/14.3.1/../../../../arm-none-eabi/lib/thumb/v7-m/nofp\libc_nano.a(libc_a-stdio.o)
                0x080015e8                __sread
 .text.__swrite
                0x0800160a       0x38 D:/Software/Compiler/gcc-arm-none-eabi/bin/../lib/gcc/arm-none-eabi/14.3.1/../../../../arm-none-eabi/lib/thumb/v7-m/nofp\libc_nano.a(libc_a-stdio.o)
                0x0800160a                __swrite
 .text.__sseek  0x08001642       0x26 D:/Software/Compiler/gcc-arm-none-eabi/bin/../lib/gcc/arm-none-eabi/14.3.1/../../../../arm-none-eabi/lib/thumb/v7-m/nofp\libc_nano.a(libc_a-stdio.o)
                0x08001642                __sseek
 .text.__sclose
                0x08001668        0x8 D:/Software/Compiler/gcc-arm-none-eabi/bin/../lib/gcc/arm-none-eabi/14.3.1/../../../../arm-none-eabi/lib/thumb/v7-m/nofp\libc_nano.a(libc_a-stdio.o)
                0x08001668                __sclose
 .text.__swbuf_r
                0x08001670       0x7c D:/Software/Compiler/gcc-arm-none-eabi/bin/../lib/gcc/arm-none-eabi/14.3.1/../../../../arm-none-eabi/lib/thumb/v7-m/nofp\libc_nano.a(libc_a-wbuf.o)
                0x08001670                __swbuf_r
 .text.__swsetup_r
                0x080016ec       0xa8 D:/Software/Compiler/gcc-arm-none-eabi/bin/../lib/gcc/arm-none-eabi/14.3.1/../../../../arm-none-eabi/lib/thumb/v7-m/nofp\libc_nano.a(libc_a-wsetup.o)
                0x080016ec                __swsetup_r
 .text.memset   0x08001794       0x10 D:/Software/Compiler/gcc-arm-none-eabi/bin/../lib/gcc/arm-none-eabi/14.3.1/../../../../arm-none-eabi/lib/thumb/v7-m/nofp\libc_nano.a(libc_a-memset.o)
                0x08001794                memset
 .text._close_r
                0x080017a4       0x20 D:/Software/Compiler/gcc-arm-none-eabi/bin/../lib/gcc/arm-none-eabi/14.3.1/../../../../arm-none-eabi/lib/thumb/v7-m/nofp\libc_nano.a(libc_a-closer.o)
                0x080017a4                _close_r
 .text._lseek_r
                0x080017c4       0x24 D:/Software/Compiler/gcc-arm-none-eabi/bin/../lib/gcc/arm-none-eabi/14.3.1/../../../../arm-none-eabi/lib/thumb/v7-m/nofp\libc_nano.a(libc_a-lseekr.o)
                0x080017c4                _lseek_r
 .text._read_r  0x080017e8       0x24 D:/Software/Compiler/gcc-arm-none-eabi/bin/../lib/gcc/arm-none-eabi/14.3.1/../../../../arm-none-eabi/lib/thumb/v7-m/nofp\libc_nano.a(libc_a-readr.o)
                0x080017e8                _read_r
 .text._write_r
                0x0800180c       0x24 D:/Software/Compiler/gcc-arm-none-eabi/bin/../lib/gcc/arm-none-eabi/14.3.1/../../../../arm-none-eabi/lib/thumb/v7-m/nofp\libc_nano.a(libc_a-writer.o)
                0x0800180c                _write_r
 .text.__retarget_lock_init_recursive
                0x08001830        0x2 D:/Software/Compiler/gcc-arm-none-eabi/bin/../lib/gcc/arm-none-eabi/14.3.1/../../../../arm-none-eabi/lib/thumb/v7-m/nofp\libc_nano.a(libc_a-lock.o)
                0x08001830                __retarget_lock_init_recursive
 .text.__retarget_lock_acquire_recursive
                0x08001832        0x2 D:/Software/Compiler/gcc-arm-none-eabi/bin/../lib/gcc/arm-none-eabi/14.3.1/../../../../arm-none-eabi/lib/thumb/v7-m/nofp\libc_nano.a(libc_a-lock.o)
                0x08001832                __retarget_lock_acquire_recursive
 .text.__retarget_lock_release_recursive
                0x08001834        0x2 D:/Software/Compiler/gcc-arm-none-eabi/bin/../lib/gcc/arm-none-eabi/14.3.1/../../../../arm-none-eabi/lib/thumb/v7-m/nofp\libc_nano.a(libc_a-lock.o)
                0x08001834                __retarget_lock_release_recursive
 *fill*         0x08001836        0x2 
 .text._free_r  0x08001838       0x90 D:/Software/Compiler/gcc-arm-none-eabi/bin/../lib/gcc/arm-none-eabi/14.3.1/../../../../arm-none-eabi/lib/thumb/v7-m/nofp\libc_nano.a(libc_a-freer.o)
                0x08001838                _free_r
 .text.sbrk_aligned
                0x080018c8       0x44 D:/Software/Compiler/gcc-arm-none-eabi/bin/../lib/gcc/arm-none-eabi/14.3.1/../../../../arm-none-eabi/lib/thumb/v7-m/nofp\libc_nano.a(libc_a-mallocr.o)
 .text._malloc_r
                0x0800190c      0x100 D:/Software/Compiler/gcc-arm-none-eabi/bin/../lib/gcc/arm-none-eabi/14.3.1/../../../../arm-none-eabi/lib/thumb/v7-m/nofp\libc_nano.a(libc_a-mallocr.o)
                0x0800190c                _malloc_r
 .text.__malloc_lock
                0x08001a0c        0xc D:/Software/Compiler/gcc-arm-none-eabi/bin/../lib/gcc/arm-none-eabi/14.3.1/../../../../arm-none-eabi/lib/thumb/v7-m/nofp\libc_nano.a(libc_a-mlock.o)
                0x08001a0c                __malloc_lock
 .text.__malloc_unlock
                0x08001a18        0xc D:/Software/Compiler/gcc-arm-none-eabi/bin/../lib/gcc/arm-none-eabi/14.3.1/../../../../arm-none-eabi/lib/thumb/v7-m/nofp\libc_nano.a(libc_a-mlock.o)
                0x08001a18                __malloc_unlock
 .text.__sflush_r
                0x08001a24       0xfc D:/Software/Compiler/gcc-arm-none-eabi/bin/../lib/gcc/arm-none-eabi/14.3.1/../../../../arm-none-eabi/lib/thumb/v7-m/nofp\libc_nano.a(libc_a-fflush.o)
                0x08001a24                __sflush_r
 .text._fflush_r
                0x08001b20       0x50 D:/Software/Compiler/gcc-arm-none-eabi/bin/../lib/gcc/arm-none-eabi/14.3.1/../../../../arm-none-eabi/lib/thumb/v7-m/nofp\libc_nano.a(libc_a-fflush.o)
                0x08001b20                _fflush_r
 .text.__swhatbuf_r
                0x08001b70       0x48 D:/Software/Compiler/gcc-arm-none-eabi/bin/../lib/gcc/arm-none-eabi/14.3.1/../../../../arm-none-eabi/lib/thumb/v7-m/nofp\libc_nano.a(libc_a-makebuf.o)
                0x08001b70                __swhatbuf_r
 .text.__smakebuf_r
                0x08001bb8       0x72 D:/Software/Compiler/gcc-arm-none-eabi/bin/../lib/gcc/arm-none-eabi/14.3.1/../../../../arm-none-eabi/lib/thumb/v7-m/nofp\libc_nano.a(libc_a-makebuf.o)
                0x08001bb8                __smakebuf_r
 *fill*         0x08001c2a        0x2 
 .text._fstat_r
                0x08001c2c       0x24 D:/Software/Compiler/gcc-arm-none-eabi/bin/../lib/gcc/arm-none-eabi/14.3.1/../../../../arm-none-eabi/lib/thumb/v7-m/nofp\libc_nano.a(libc_a-fstatr.o)
                0x08001c2c                _fstat_r
 .text._isatty_r
                0x08001c50       0x20 D:/Software/Compiler/gcc-arm-none-eabi/bin/../lib/gcc/arm-none-eabi/14.3.1/../../../../arm-none-eabi/lib/thumb/v7-m/nofp\libc_nano.a(libc_a-isattyr.o)
                0x08001c50                _isatty_r
 .text._sbrk_r  0x08001c70       0x20 D:/Software/Compiler/gcc-arm-none-eabi/bin/../lib/gcc/arm-none-eabi/14.3.1/../../../../arm-none-eabi/lib/thumb/v7-m/nofp\libc_nano.a(libc_a-sbrkr.o)
                0x08001c70                _sbrk_r
 *(.glue_7)
 .glue_7        0x08001c90        0x0 linker stubs
 *(.glue_7t)
 .glue_7t       0x08001c90        0x0 linker stubs
 *(.eh_frame)
 .eh_frame      0x08001c90        0x0 D:/Software/Compiler/gcc-arm-none-eabi/bin/../lib/gcc/arm-none-eabi/14.3.1/thumb/v7-m/nofp/crtbegin.o
 *(.init)
 .init          0x08001c90        0x4 D:/Software/Compiler/gcc-arm-none-eabi/bin/../lib/gcc/arm-none-eabi/14.3.1/thumb/v7-m/nofp/crti.o
                0x08001c90                _init
 .init          0x08001c94        0x8 D:/Software/Compiler/gcc-arm-none-eabi/bin/../lib/gcc/arm-none-eabi/14.3.1/thumb/v7-m/nofp/crtn.o
 *(.fini)
 .fini          0x08001c9c        0x4 D:/Software/Compiler/gcc-arm-none-eabi/bin/../lib/gcc/arm-none-eabi/14.3.1/thumb/v7-m/nofp/crti.o
                0x08001c9c                _fini
 .fini          0x08001ca0        0x8 D:/Software/Compiler/gcc-arm-none-eabi/bin/../lib/gcc/arm-none-eabi/14.3.1/thumb/v7-m/nofp/crtn.o
                0x08001ca8                        . = ALIGN (0x4)
                0x08001ca8                        _etext = .

.vfp11_veneer   0x08001ca8        0x0
 .vfp11_veneer  0x08001ca8        0x0 linker stubs

.v4_bx          0x08001ca8        0x0
 .v4_bx         0x08001ca8        0x0 linker stubs

.iplt           0x08001ca8        0x0
 .iplt          0x08001ca8        0x0 D:/Software/Compiler/gcc-arm-none-eabi/bin/../lib/gcc/arm-none-eabi/14.3.1/thumb/v7-m/nofp/crtbegin.o

.rodata         0x08001ca8       0x44
                0x08001ca8                        . = ALIGN (0x4)
 *(.rodata)
 *(.rodata*)
 .rodata.Task1_Entry.str1.4
                0x08001ca8       0x2d others/main.o
                                  0xc (size before relaxing)
 .rodata.Task2_Entry.str1.4
                0x08001cd5        0xc others/main.o
 .rodata.main.str1.4
                0x08001cd5       0x15 others/main.o
 *fill*         0x08001cd5        0x3 
 .rodata.ADCPrescTable
                0x08001cd8        0x4 others/stm32f10x_rcc.o
 .rodata.APBAHBPrescTable
                0x08001cdc       0x10 others/stm32f10x_rcc.o
                0x08001cec                        . = ALIGN (0x4)

.rel.dyn        0x08001cec        0x0
 .rel.iplt      0x08001cec        0x0 D:/Software/Compiler/gcc-arm-none-eabi/bin/../lib/gcc/arm-none-eabi/14.3.1/thumb/v7-m/nofp/crtbegin.o

.ARM.extab      0x08001cec        0x0
                0x08001cec                        . = ALIGN (0x4)
 *(.ARM.extab* .gnu.linkonce.armextab.*)
                0x08001cec                        . = ALIGN (0x4)

.ARM            0x08001cec        0x0
                0x08001cec                        . = ALIGN (0x4)
                0x08001cec                        __exidx_start = .
 *(.ARM.exidx*)
                0x08001cec                        __exidx_end = .
                0x08001cec                        . = ALIGN (0x4)

.preinit_array  0x08001cec        0x0
                0x08001cec                        . = ALIGN (0x4)
                0x08001cec                        PROVIDE (__preinit_array_start = .)
 *(.preinit_array*)
                0x08001cec                        PROVIDE (__preinit_array_end = .)
                0x08001cec                        . = ALIGN (0x4)

.init_array     0x08001cec        0x4
                0x08001cec                        . = ALIGN (0x4)
                0x08001cec                        PROVIDE (__init_array_start = .)
 *(SORT_BY_NAME(.init_array.*))
 *(.init_array*)
 .init_array    0x08001cec        0x4 D:/Software/Compiler/gcc-arm-none-eabi/bin/../lib/gcc/arm-none-eabi/14.3.1/thumb/v7-m/nofp/crtbegin.o
                0x08001cf0                        PROVIDE (__init_array_end = .)
                0x08001cf0                        . = ALIGN (0x4)

.fini_array     0x08001cf0        0x4
                0x08001cf0                        . = ALIGN (0x4)
                [!provide]                        PROVIDE (__fini_array_start = .)
 *(SORT_BY_NAME(.fini_array.*))
 *(.fini_array*)
 .fini_array    0x08001cf0        0x4 D:/Software/Compiler/gcc-arm-none-eabi/bin/../lib/gcc/arm-none-eabi/14.3.1/thumb/v7-m/nofp/crtbegin.o
                [!provide]                        PROVIDE (__fini_array_end = .)
                0x08001cf4                        . = ALIGN (0x4)
                0x08001cf4                        _sidata = LOADADDR (.data)

.data           0x20000000       0x60 load address 0x08001cf4
                0x20000000                        . = ALIGN (0x4)
                0x20000000                        _sdata = .
 *(.data)
 *(.data*)
 .data.uxCriticalNesting
                0x20000000        0x4 others/port.o
 .data.__sglue  0x20000004        0xc D:/Software/Compiler/gcc-arm-none-eabi/bin/../lib/gcc/arm-none-eabi/14.3.1/../../../../arm-none-eabi/lib/thumb/v7-m/nofp\libc_nano.a(libc_a-findfp.o)
                0x20000004                __sglue
 .data._impure_ptr
                0x20000010        0x4 D:/Software/Compiler/gcc-arm-none-eabi/bin/../lib/gcc/arm-none-eabi/14.3.1/../../../../arm-none-eabi/lib/thumb/v7-m/nofp\libc_nano.a(libc_a-impure.o)
                0x20000010                _impure_ptr
 .data._impure_data
                0x20000014       0x4c D:/Software/Compiler/gcc-arm-none-eabi/bin/../lib/gcc/arm-none-eabi/14.3.1/../../../../arm-none-eabi/lib/thumb/v7-m/nofp\libc_nano.a(libc_a-impure.o)
                0x20000014                _impure_data
 *(.RamFunc)
 *(.RamFunc*)
                0x20000060                        . = ALIGN (0x4)
                0x20000060                        _edata = .

.tm_clone_table
                0x20000060        0x0 load address 0x08001d54
 .tm_clone_table
                0x20000060        0x0 D:/Software/Compiler/gcc-arm-none-eabi/bin/../lib/gcc/arm-none-eabi/14.3.1/thumb/v7-m/nofp/crtbegin.o
 .tm_clone_table
                0x20000060        0x0 D:/Software/Compiler/gcc-arm-none-eabi/bin/../lib/gcc/arm-none-eabi/14.3.1/thumb/v7-m/nofp/crtend.o

.igot.plt       0x20000060        0x0 load address 0x08001d54
 .igot.plt      0x20000060        0x0 D:/Software/Compiler/gcc-arm-none-eabi/bin/../lib/gcc/arm-none-eabi/14.3.1/thumb/v7-m/nofp/crtbegin.o
                0x20000060                        . = ALIGN (0x4)

.bss            0x20000060      0xc5c load address 0x08001d54
                0x20000060                        _sbss = .
                0x20000060                        __bss_start__ = _sbss
 *(.bss)
 *(.bss*)
 .bss.completed.1
                0x20000060        0x1 D:/Software/Compiler/gcc-arm-none-eabi/bin/../lib/gcc/arm-none-eabi/14.3.1/thumb/v7-m/nofp/crtbegin.o
 *fill*         0x20000061        0x3 
 .bss.object.0  0x20000064       0x18 D:/Software/Compiler/gcc-arm-none-eabi/bin/../lib/gcc/arm-none-eabi/14.3.1/thumb/v7-m/nofp/crtbegin.o
 .bss.heap_end.0
                0x2000007c        0x4 others/syscalls.o
 .bss.pxCurrentTCB
                0x20000080        0x4 others/main.o
                0x20000080                pxCurrentTCB
 .bss.Task2TCB  0x20000084       0x44 others/main.o
                0x20000084                Task2TCB
 .bss.Task1TCB  0x200000c8       0x44 others/main.o
                0x200000c8                Task1TCB
 .bss.IdleTaskTCB
                0x2000010c       0x44 others/main.o
                0x2000010c                IdleTaskTCB
 .bss.Task2Stack
                0x20000150      0x200 others/main.o
                0x20000150                Task2Stack
 .bss.Task1Stack
                0x20000350      0x200 others/main.o
                0x20000350                Task1Stack
 .bss.IdleTaskStack
                0x20000550      0x200 others/main.o
                0x20000550                IdleTaskStack
 .bss.uxSchedulerSuspended
                0x20000750        0x4 others/task.o
 .bss.xYieldPendings
                0x20000754        0x4 others/task.o
 .bss.xNextTaskUnblockTime
                0x20000758        0x4 others/task.o
 .bss.xNumOfOverflows
                0x2000075c        0x4 others/task.o
 .bss.xTickCount
                0x20000760        0x4 others/task.o
 .bss.xPendedTicks
                0x20000764        0x4 others/task.o
 .bss.uxTopReadyPriority
                0x20000768        0x4 others/task.o
 .bss.uxTaskNumber
                0x2000076c        0x4 others/task.o
 .bss.xSchedulerRunning
                0x20000770        0x4 others/task.o
 .bss.uxCurrentNumberOfTasks
                0x20000774        0x4 others/task.o
 .bss.pxOverflowDelayedTaskList
                0x20000778        0x4 others/task.o
                0x20000778                pxOverflowDelayedTaskList
 .bss.pxDelayedTaskList
                0x2000077c        0x4 others/task.o
                0x2000077c                pxDelayedTaskList
 .bss.xPendingReadyList
                0x20000780       0x1c others/task.o
                0x20000780                xPendingReadyList
 .bss.xSuspendedTaskList
                0x2000079c       0x1c others/task.o
                0x2000079c                xSuspendedTaskList
 .bss.xDelayedTaskList2
                0x200007b8       0x1c others/task.o
                0x200007b8                xDelayedTaskList2
 .bss.xDelayedTaskList1
                0x200007d4       0x1c others/task.o
                0x200007d4                xDelayedTaskList1
 .bss.pxReadyTasksLists
                0x200007f0      0x380 others/task.o
                0x200007f0                pxReadyTasksLists
 .bss.__sf      0x20000b70      0x138 D:/Software/Compiler/gcc-arm-none-eabi/bin/../lib/gcc/arm-none-eabi/14.3.1/../../../../arm-none-eabi/lib/thumb/v7-m/nofp\libc_nano.a(libc_a-findfp.o)
                0x20000b70                __sf
 .bss.__stdio_exit_handler
                0x20000ca8        0x4 D:/Software/Compiler/gcc-arm-none-eabi/bin/../lib/gcc/arm-none-eabi/14.3.1/../../../../arm-none-eabi/lib/thumb/v7-m/nofp\libc_nano.a(libc_a-findfp.o)
                0x20000ca8                __stdio_exit_handler
 .bss.errno     0x20000cac        0x4 D:/Software/Compiler/gcc-arm-none-eabi/bin/../lib/gcc/arm-none-eabi/14.3.1/../../../../arm-none-eabi/lib/thumb/v7-m/nofp\libc_nano.a(libc_a-reent.o)
                0x20000cac                errno
 .bss.__lock___malloc_recursive_mutex
                0x20000cb0        0x1 D:/Software/Compiler/gcc-arm-none-eabi/bin/../lib/gcc/arm-none-eabi/14.3.1/../../../../arm-none-eabi/lib/thumb/v7-m/nofp\libc_nano.a(libc_a-lock.o)
                0x20000cb0                __lock___malloc_recursive_mutex
 .bss.__lock___sfp_recursive_mutex
                0x20000cb1        0x1 D:/Software/Compiler/gcc-arm-none-eabi/bin/../lib/gcc/arm-none-eabi/14.3.1/../../../../arm-none-eabi/lib/thumb/v7-m/nofp\libc_nano.a(libc_a-lock.o)
                0x20000cb1                __lock___sfp_recursive_mutex
 *fill*         0x20000cb2        0x2 
 .bss.__malloc_sbrk_start
                0x20000cb4        0x4 D:/Software/Compiler/gcc-arm-none-eabi/bin/../lib/gcc/arm-none-eabi/14.3.1/../../../../arm-none-eabi/lib/thumb/v7-m/nofp\libc_nano.a(libc_a-mallocr.o)
                0x20000cb4                __malloc_sbrk_start
 .bss.__malloc_free_list
                0x20000cb8        0x4 D:/Software/Compiler/gcc-arm-none-eabi/bin/../lib/gcc/arm-none-eabi/14.3.1/../../../../arm-none-eabi/lib/thumb/v7-m/nofp\libc_nano.a(libc_a-mallocr.o)
                0x20000cb8                __malloc_free_list
 *(COMMON)
                0x20000cbc                        . = ALIGN (0x4)
                0x20000cbc                        _ebss = .
                0x20000cbc                        __bss_end__ = _ebss

._user_heap_stack
                0x20000cbc      0x604 load address 0x08001d54
                0x20000cc0                        . = ALIGN (0x8)
 *fill*         0x20000cbc        0x4 
                [!provide]                        PROVIDE (end = .)
                0x20000cc0                        PROVIDE (_end = .)
                0x20000ec0                        . = (. + _Min_Heap_Size)
 *fill*         0x20000cc0      0x200 
                0x200012c0                        . = (. + _Min_Stack_Size)
 *fill*         0x20000ec0      0x400 
                0x200012c0                        . = ALIGN (0x8)

/DISCARD/
 libc.a(*)
 libm.a(*)
 libgcc.a(*)

.ARM.attributes
                0x00000000       0x29
 *(.ARM.attributes)
 .ARM.attributes
                0x00000000       0x1d D:/Software/Compiler/gcc-arm-none-eabi/bin/../lib/gcc/arm-none-eabi/14.3.1/thumb/v7-m/nofp/crti.o
 .ARM.attributes
                0x0000001d       0x2d D:/Software/Compiler/gcc-arm-none-eabi/bin/../lib/gcc/arm-none-eabi/14.3.1/thumb/v7-m/nofp/crtbegin.o
 .ARM.attributes
                0x0000004a       0x2d others/system_stm32f10x.o
 .ARM.attributes
                0x00000077       0x2d others/syscalls.o
 .ARM.attributes
                0x000000a4       0x2d others/main.o
 .ARM.attributes
                0x000000d1       0x2d others/stm32f10x_it.o
 .ARM.attributes
                0x000000fe       0x2d others/stm32f10x_gpio.o
 .ARM.attributes
                0x0000012b       0x2d others/stm32f10x_exti.o
 .ARM.attributes
                0x00000158       0x2d others/misc.o
 .ARM.attributes
                0x00000185       0x2d others/stm32f10x_wwdg.o
 .ARM.attributes
                0x000001b2       0x2d others/stm32f10x_tim.o
 .ARM.attributes
                0x000001df       0x2d others/stm32f10x_usart.o
 .ARM.attributes
                0x0000020c       0x2d others/stm32f10x_rcc.o
 .ARM.attributes
                0x00000239       0x2d others/lab_exti.o
 .ARM.attributes
                0x00000266       0x2d others/led.o
 .ARM.attributes
                0x00000293       0x2d others/lab_usart_simple.o
 .ARM.attributes
                0x000002c0       0x2d others/lab_base_tim.o
 .ARM.attributes
                0x000002ed       0x2d others/lab_wwdg.o
 .ARM.attributes
                0x0000031a       0x2d others/port.o
 .ARM.attributes
                0x00000347       0x2d others/task.o
 .ARM.attributes
                0x00000374       0x2d others/list.o
 .ARM.attributes
                0x000003a1       0x21 others/startup_stm32f10x_hd.o
 .ARM.attributes
                0x000003c2       0x2d D:/Software/Compiler/gcc-arm-none-eabi/bin/../lib/gcc/arm-none-eabi/14.3.1/../../../../arm-none-eabi/lib/thumb/v7-m/nofp\libc_nano.a(libc_a-findfp.o)
 .ARM.attributes
                0x000003ef       0x2d D:/Software/Compiler/gcc-arm-none-eabi/bin/../lib/gcc/arm-none-eabi/14.3.1/../../../../arm-none-eabi/lib/thumb/v7-m/nofp\libc_nano.a(libc_a-fwalk.o)
 .ARM.attributes
                0x0000041c       0x2d D:/Software/Compiler/gcc-arm-none-eabi/bin/../lib/gcc/arm-none-eabi/14.3.1/../../../../arm-none-eabi/lib/thumb/v7-m/nofp\libc_nano.a(libc_a-puts.o)
 .ARM.attributes
                0x00000449       0x2d D:/Software/Compiler/gcc-arm-none-eabi/bin/../lib/gcc/arm-none-eabi/14.3.1/../../../../arm-none-eabi/lib/thumb/v7-m/nofp\libc_nano.a(libc_a-stdio.o)
 .ARM.attributes
                0x00000476       0x2d D:/Software/Compiler/gcc-arm-none-eabi/bin/../lib/gcc/arm-none-eabi/14.3.1/../../../../arm-none-eabi/lib/thumb/v7-m/nofp\libc_nano.a(libc_a-wbuf.o)
 .ARM.attributes
                0x000004a3       0x2d D:/Software/Compiler/gcc-arm-none-eabi/bin/../lib/gcc/arm-none-eabi/14.3.1/../../../../arm-none-eabi/lib/thumb/v7-m/nofp\libc_nano.a(libc_a-wsetup.o)
 .ARM.attributes
                0x000004d0       0x2d D:/Software/Compiler/gcc-arm-none-eabi/bin/../lib/gcc/arm-none-eabi/14.3.1/../../../../arm-none-eabi/lib/thumb/v7-m/nofp\libc_nano.a(libc_a-memset.o)
 .ARM.attributes
                0x000004fd       0x2d D:/Software/Compiler/gcc-arm-none-eabi/bin/../lib/gcc/arm-none-eabi/14.3.1/../../../../arm-none-eabi/lib/thumb/v7-m/nofp\libc_nano.a(libc_a-closer.o)
 .ARM.attributes
                0x0000052a       0x2d D:/Software/Compiler/gcc-arm-none-eabi/bin/../lib/gcc/arm-none-eabi/14.3.1/../../../../arm-none-eabi/lib/thumb/v7-m/nofp\libc_nano.a(libc_a-reent.o)
 .ARM.attributes
                0x00000557       0x2d D:/Software/Compiler/gcc-arm-none-eabi/bin/../lib/gcc/arm-none-eabi/14.3.1/../../../../arm-none-eabi/lib/thumb/v7-m/nofp\libc_nano.a(libc_a-impure.o)
 .ARM.attributes
                0x00000584       0x2d D:/Software/Compiler/gcc-arm-none-eabi/bin/../lib/gcc/arm-none-eabi/14.3.1/../../../../arm-none-eabi/lib/thumb/v7-m/nofp\libc_nano.a(libc_a-lseekr.o)
 .ARM.attributes
                0x000005b1       0x2d D:/Software/Compiler/gcc-arm-none-eabi/bin/../lib/gcc/arm-none-eabi/14.3.1/../../../../arm-none-eabi/lib/thumb/v7-m/nofp\libc_nano.a(libc_a-readr.o)
 .ARM.attributes
                0x000005de       0x2d D:/Software/Compiler/gcc-arm-none-eabi/bin/../lib/gcc/arm-none-eabi/14.3.1/../../../../arm-none-eabi/lib/thumb/v7-m/nofp\libc_nano.a(libc_a-writer.o)
 .ARM.attributes
                0x0000060b       0x2d D:/Software/Compiler/gcc-arm-none-eabi/bin/../lib/gcc/arm-none-eabi/14.3.1/../../../../arm-none-eabi/lib/thumb/v7-m/nofp\libc_nano.a(libc_a-lock.o)
 .ARM.attributes
                0x00000638       0x2d D:/Software/Compiler/gcc-arm-none-eabi/bin/../lib/gcc/arm-none-eabi/14.3.1/../../../../arm-none-eabi/lib/thumb/v7-m/nofp\libc_nano.a(libc_a-freer.o)
 .ARM.attributes
                0x00000665       0x2d D:/Software/Compiler/gcc-arm-none-eabi/bin/../lib/gcc/arm-none-eabi/14.3.1/../../../../arm-none-eabi/lib/thumb/v7-m/nofp\libc_nano.a(libc_a-mallocr.o)
 .ARM.attributes
                0x00000692       0x2d D:/Software/Compiler/gcc-arm-none-eabi/bin/../lib/gcc/arm-none-eabi/14.3.1/../../../../arm-none-eabi/lib/thumb/v7-m/nofp\libc_nano.a(libc_a-mlock.o)
 .ARM.attributes
                0x000006bf       0x2d D:/Software/Compiler/gcc-arm-none-eabi/bin/../lib/gcc/arm-none-eabi/14.3.1/../../../../arm-none-eabi/lib/thumb/v7-m/nofp\libc_nano.a(libc_a-fflush.o)
 .ARM.attributes
                0x000006ec       0x2d D:/Software/Compiler/gcc-arm-none-eabi/bin/../lib/gcc/arm-none-eabi/14.3.1/../../../../arm-none-eabi/lib/thumb/v7-m/nofp\libc_nano.a(libc_a-makebuf.o)
 .ARM.attributes
                0x00000719       0x2d D:/Software/Compiler/gcc-arm-none-eabi/bin/../lib/gcc/arm-none-eabi/14.3.1/../../../../arm-none-eabi/lib/thumb/v7-m/nofp\libc_nano.a(libc_a-fstatr.o)
 .ARM.attributes
                0x00000746       0x2d D:/Software/Compiler/gcc-arm-none-eabi/bin/../lib/gcc/arm-none-eabi/14.3.1/../../../../arm-none-eabi/lib/thumb/v7-m/nofp\libc_nano.a(libc_a-isattyr.o)
 .ARM.attributes
                0x00000773       0x2d D:/Software/Compiler/gcc-arm-none-eabi/bin/../lib/gcc/arm-none-eabi/14.3.1/../../../../arm-none-eabi/lib/thumb/v7-m/nofp\libc_nano.a(libc_a-sbrkr.o)
 .ARM.attributes
                0x000007a0       0x2d D:/Software/Compiler/gcc-arm-none-eabi/bin/../lib/gcc/arm-none-eabi/14.3.1/thumb/v7-m/nofp/crtend.o
 .ARM.attributes
                0x000007cd       0x1d D:/Software/Compiler/gcc-arm-none-eabi/bin/../lib/gcc/arm-none-eabi/14.3.1/thumb/v7-m/nofp/crtn.o
OUTPUT(object\template.elf elf32-littlearm)
LOAD linker stubs
LOAD D:/Software/Compiler/gcc-arm-none-eabi/bin/../lib/gcc/arm-none-eabi/14.3.1/../../../../arm-none-eabi/lib/thumb/v7-m/nofp\libc.a
LOAD D:/Software/Compiler/gcc-arm-none-eabi/bin/../lib/gcc/arm-none-eabi/14.3.1/../../../../arm-none-eabi/lib/thumb/v7-m/nofp\libm.a
LOAD D:/Software/Compiler/gcc-arm-none-eabi/bin/../lib/gcc/arm-none-eabi/14.3.1/thumb/v7-m/nofp\libgcc.a

.comment        0x00000000       0x46
 .comment       0x00000000       0x46 others/system_stm32f10x.o
                                 0x47 (size before relaxing)
 .comment       0x00000046       0x47 others/syscalls.o
 .comment       0x00000046       0x47 others/main.o
 .comment       0x00000046       0x47 others/stm32f10x_it.o
 .comment       0x00000046       0x47 others/stm32f10x_gpio.o
 .comment       0x00000046       0x47 others/stm32f10x_exti.o
 .comment       0x00000046       0x47 others/misc.o
 .comment       0x00000046       0x47 others/stm32f10x_wwdg.o
 .comment       0x00000046       0x47 others/stm32f10x_tim.o
 .comment       0x00000046       0x47 others/stm32f10x_usart.o
 .comment       0x00000046       0x47 others/stm32f10x_rcc.o
 .comment       0x00000046       0x47 others/lab_exti.o
 .comment       0x00000046       0x47 others/led.o
 .comment       0x00000046       0x47 others/lab_usart_simple.o
 .comment       0x00000046       0x47 others/lab_base_tim.o
 .comment       0x00000046       0x47 others/lab_wwdg.o
 .comment       0x00000046       0x47 others/port.o
 .comment       0x00000046       0x47 others/task.o
 .comment       0x00000046       0x47 others/list.o

.debug_frame    0x00000000      0x650
 .debug_frame   0x00000000      0x144 D:/Software/Compiler/gcc-arm-none-eabi/bin/../lib/gcc/arm-none-eabi/14.3.1/../../../../arm-none-eabi/lib/thumb/v7-m/nofp\libc_nano.a(libc_a-findfp.o)
 .debug_frame   0x00000144       0x34 D:/Software/Compiler/gcc-arm-none-eabi/bin/../lib/gcc/arm-none-eabi/14.3.1/../../../../arm-none-eabi/lib/thumb/v7-m/nofp\libc_nano.a(libc_a-fwalk.o)
 .debug_frame   0x00000178       0x3c D:/Software/Compiler/gcc-arm-none-eabi/bin/../lib/gcc/arm-none-eabi/14.3.1/../../../../arm-none-eabi/lib/thumb/v7-m/nofp\libc_nano.a(libc_a-puts.o)
 .debug_frame   0x000001b4       0x88 D:/Software/Compiler/gcc-arm-none-eabi/bin/../lib/gcc/arm-none-eabi/14.3.1/../../../../arm-none-eabi/lib/thumb/v7-m/nofp\libc_nano.a(libc_a-stdio.o)
 .debug_frame   0x0000023c       0x40 D:/Software/Compiler/gcc-arm-none-eabi/bin/../lib/gcc/arm-none-eabi/14.3.1/../../../../arm-none-eabi/lib/thumb/v7-m/nofp\libc_nano.a(libc_a-wbuf.o)
 .debug_frame   0x0000027c       0x2c D:/Software/Compiler/gcc-arm-none-eabi/bin/../lib/gcc/arm-none-eabi/14.3.1/../../../../arm-none-eabi/lib/thumb/v7-m/nofp\libc_nano.a(libc_a-wsetup.o)
 .debug_frame   0x000002a8       0x20 D:/Software/Compiler/gcc-arm-none-eabi/bin/../lib/gcc/arm-none-eabi/14.3.1/../../../../arm-none-eabi/lib/thumb/v7-m/nofp\libc_nano.a(libc_a-memset.o)
 .debug_frame   0x000002c8       0x2c D:/Software/Compiler/gcc-arm-none-eabi/bin/../lib/gcc/arm-none-eabi/14.3.1/../../../../arm-none-eabi/lib/thumb/v7-m/nofp\libc_nano.a(libc_a-closer.o)
 .debug_frame   0x000002f4       0x38 D:/Software/Compiler/gcc-arm-none-eabi/bin/../lib/gcc/arm-none-eabi/14.3.1/../../../../arm-none-eabi/lib/thumb/v7-m/nofp\libc_nano.a(libc_a-reent.o)
 .debug_frame   0x0000032c       0x2c D:/Software/Compiler/gcc-arm-none-eabi/bin/../lib/gcc/arm-none-eabi/14.3.1/../../../../arm-none-eabi/lib/thumb/v7-m/nofp\libc_nano.a(libc_a-lseekr.o)
 .debug_frame   0x00000358       0x2c D:/Software/Compiler/gcc-arm-none-eabi/bin/../lib/gcc/arm-none-eabi/14.3.1/../../../../arm-none-eabi/lib/thumb/v7-m/nofp\libc_nano.a(libc_a-readr.o)
 .debug_frame   0x00000384       0x2c D:/Software/Compiler/gcc-arm-none-eabi/bin/../lib/gcc/arm-none-eabi/14.3.1/../../../../arm-none-eabi/lib/thumb/v7-m/nofp\libc_nano.a(libc_a-writer.o)
 .debug_frame   0x000003b0       0xb0 D:/Software/Compiler/gcc-arm-none-eabi/bin/../lib/gcc/arm-none-eabi/14.3.1/../../../../arm-none-eabi/lib/thumb/v7-m/nofp\libc_nano.a(libc_a-lock.o)
 .debug_frame   0x00000460       0x38 D:/Software/Compiler/gcc-arm-none-eabi/bin/../lib/gcc/arm-none-eabi/14.3.1/../../../../arm-none-eabi/lib/thumb/v7-m/nofp\libc_nano.a(libc_a-freer.o)
 .debug_frame   0x00000498       0x50 D:/Software/Compiler/gcc-arm-none-eabi/bin/../lib/gcc/arm-none-eabi/14.3.1/../../../../arm-none-eabi/lib/thumb/v7-m/nofp\libc_nano.a(libc_a-mallocr.o)
 .debug_frame   0x000004e8       0x30 D:/Software/Compiler/gcc-arm-none-eabi/bin/../lib/gcc/arm-none-eabi/14.3.1/../../../../arm-none-eabi/lib/thumb/v7-m/nofp\libc_nano.a(libc_a-mlock.o)
 .debug_frame   0x00000518       0x5c D:/Software/Compiler/gcc-arm-none-eabi/bin/../lib/gcc/arm-none-eabi/14.3.1/../../../../arm-none-eabi/lib/thumb/v7-m/nofp\libc_nano.a(libc_a-fflush.o)
 .debug_frame   0x00000574       0x58 D:/Software/Compiler/gcc-arm-none-eabi/bin/../lib/gcc/arm-none-eabi/14.3.1/../../../../arm-none-eabi/lib/thumb/v7-m/nofp\libc_nano.a(libc_a-makebuf.o)
 .debug_frame   0x000005cc       0x2c D:/Software/Compiler/gcc-arm-none-eabi/bin/../lib/gcc/arm-none-eabi/14.3.1/../../../../arm-none-eabi/lib/thumb/v7-m/nofp\libc_nano.a(libc_a-fstatr.o)
 .debug_frame   0x000005f8       0x2c D:/Software/Compiler/gcc-arm-none-eabi/bin/../lib/gcc/arm-none-eabi/14.3.1/../../../../arm-none-eabi/lib/thumb/v7-m/nofp\libc_nano.a(libc_a-isattyr.o)
 .debug_frame   0x00000624       0x2c D:/Software/Compiler/gcc-arm-none-eabi/bin/../lib/gcc/arm-none-eabi/14.3.1/../../../../arm-none-eabi/lib/thumb/v7-m/nofp\libc_nano.a(libc_a-sbrkr.o)

Cross Reference Table

Symbol                                            File
ADC1_2_IRQHandler                                 others/startup_stm32f10x_hd.o
ADC3_IRQHandler                                   others/startup_stm32f10x_hd.o
ADC_AnalogWatchdogCmd                             others/stm32f10x_adc.o
ADC_AnalogWatchdogSingleChannelConfig             others/stm32f10x_adc.o
ADC_AnalogWatchdogThresholdsConfig                others/stm32f10x_adc.o
ADC_AutoInjectedConvCmd                           others/stm32f10x_adc.o
ADC_ClearFlag                                     others/stm32f10x_adc.o
ADC_ClearITPendingBit                             others/stm32f10x_adc.o
ADC_Cmd                                           others/stm32f10x_adc.o
ADC_DMACmd                                        others/stm32f10x_adc.o
ADC_DeInit                                        others/stm32f10x_adc.o
ADC_DiscModeChannelCountConfig                    others/stm32f10x_adc.o
ADC_DiscModeCmd                                   others/stm32f10x_adc.o
ADC_ExternalTrigConvCmd                           others/stm32f10x_adc.o
ADC_ExternalTrigInjectedConvCmd                   others/stm32f10x_adc.o
ADC_ExternalTrigInjectedConvConfig                others/stm32f10x_adc.o
ADC_GetCalibrationStatus                          others/stm32f10x_adc.o
ADC_GetConversionValue                            others/stm32f10x_adc.o
ADC_GetDualModeConversionValue                    others/stm32f10x_adc.o
ADC_GetFlagStatus                                 others/stm32f10x_adc.o
ADC_GetITStatus                                   others/stm32f10x_adc.o
ADC_GetInjectedConversionValue                    others/stm32f10x_adc.o
ADC_GetResetCalibrationStatus                     others/stm32f10x_adc.o
ADC_GetSoftwareStartConvStatus                    others/stm32f10x_adc.o
ADC_GetSoftwareStartInjectedConvCmdStatus         others/stm32f10x_adc.o
ADC_ITConfig                                      others/stm32f10x_adc.o
ADC_Init                                          others/stm32f10x_adc.o
ADC_InjectedChannelConfig                         others/stm32f10x_adc.o
ADC_InjectedDiscModeCmd                           others/stm32f10x_adc.o
ADC_InjectedSequencerLengthConfig                 others/stm32f10x_adc.o
ADC_RegularChannelConfig                          others/stm32f10x_adc.o
ADC_ResetCalibration                              others/stm32f10x_adc.o
ADC_SetInjectedOffset                             others/stm32f10x_adc.o
ADC_SoftwareStartConvCmd                          others/stm32f10x_adc.o
ADC_SoftwareStartInjectedConvCmd                  others/stm32f10x_adc.o
ADC_StartCalibration                              others/stm32f10x_adc.o
ADC_StructInit                                    others/stm32f10x_adc.o
ADC_TempSensorVrefintCmd                          others/stm32f10x_adc.o
AHBPrescTable                                     others/system_stm32f10x.o
BKP_ClearFlag                                     others/stm32f10x_bkp.o
BKP_ClearITPendingBit                             others/stm32f10x_bkp.o
BKP_DeInit                                        others/stm32f10x_bkp.o
BKP_GetFlagStatus                                 others/stm32f10x_bkp.o
BKP_GetITStatus                                   others/stm32f10x_bkp.o
BKP_ITConfig                                      others/stm32f10x_bkp.o
BKP_RTCOutputConfig                               others/stm32f10x_bkp.o
BKP_ReadBackupRegister                            others/stm32f10x_bkp.o
BKP_SetRTCCalibrationValue                        others/stm32f10x_bkp.o
BKP_TamperPinCmd                                  others/stm32f10x_bkp.o
BKP_TamperPinLevelConfig                          others/stm32f10x_bkp.o
BKP_WriteBackupRegister                           others/stm32f10x_bkp.o
Basic_Tim_Init                                    others/lab_base_tim.o
BusFault_Handler                                  others/stm32f10x_it.o
CAN1_RX1_IRQHandler                               others/startup_stm32f10x_hd.o
CAN1_SCE_IRQHandler                               others/startup_stm32f10x_hd.o
CAN_CancelTransmit                                others/stm32f10x_can.o
CAN_ClearFlag                                     others/stm32f10x_can.o
CAN_ClearITPendingBit                             others/stm32f10x_can.o
CAN_DBGFreeze                                     others/stm32f10x_can.o
CAN_DeInit                                        others/stm32f10x_can.o
CAN_FIFORelease                                   others/stm32f10x_can.o
CAN_FilterInit                                    others/stm32f10x_can.o
CAN_GetFlagStatus                                 others/stm32f10x_can.o
CAN_GetITStatus                                   others/stm32f10x_can.o
CAN_GetLSBTransmitErrorCounter                    others/stm32f10x_can.o
CAN_GetLastErrorCode                              others/stm32f10x_can.o
CAN_GetReceiveErrorCounter                        others/stm32f10x_can.o
CAN_ITConfig                                      others/stm32f10x_can.o
CAN_Init                                          others/stm32f10x_can.o
CAN_MessagePending                                others/stm32f10x_can.o
CAN_OperatingModeRequest                          others/stm32f10x_can.o
CAN_Receive                                       others/stm32f10x_can.o
CAN_SlaveStartBank                                others/stm32f10x_can.o
CAN_Sleep                                         others/stm32f10x_can.o
CAN_StructInit                                    others/stm32f10x_can.o
CAN_TTComModeCmd                                  others/stm32f10x_can.o
CAN_Transmit                                      others/stm32f10x_can.o
CAN_TransmitStatus                                others/stm32f10x_can.o
CAN_WakeUp                                        others/stm32f10x_can.o
CEC_ClearFlag                                     others/stm32f10x_cec.o
CEC_ClearITPendingBit                             others/stm32f10x_cec.o
CEC_Cmd                                           others/stm32f10x_cec.o
CEC_DeInit                                        others/stm32f10x_cec.o
CEC_EndOfMessageCmd                               others/stm32f10x_cec.o
CEC_GetFlagStatus                                 others/stm32f10x_cec.o
CEC_GetITStatus                                   others/stm32f10x_cec.o
CEC_ITConfig                                      others/stm32f10x_cec.o
CEC_Init                                          others/stm32f10x_cec.o
CEC_OwnAddressConfig                              others/stm32f10x_cec.o
CEC_ReceiveDataByte                               others/stm32f10x_cec.o
CEC_SendDataByte                                  others/stm32f10x_cec.o
CEC_SetPrescaler                                  others/stm32f10x_cec.o
CEC_StartOfMessage                                others/stm32f10x_cec.o
CRC_CalcBlockCRC                                  others/stm32f10x_crc.o
CRC_CalcCRC                                       others/stm32f10x_crc.o
CRC_GetCRC                                        others/stm32f10x_crc.o
CRC_GetIDRegister                                 others/stm32f10x_crc.o
CRC_ResetDR                                       others/stm32f10x_crc.o
CRC_SetIDRegister                                 others/stm32f10x_crc.o
DAC_Cmd                                           others/stm32f10x_dac.o
DAC_DMACmd                                        others/stm32f10x_dac.o
DAC_DeInit                                        others/stm32f10x_dac.o
DAC_DualSoftwareTriggerCmd                        others/stm32f10x_dac.o
DAC_GetDataOutputValue                            others/stm32f10x_dac.o
DAC_Init                                          others/stm32f10x_dac.o
DAC_SetChannel1Data                               others/stm32f10x_dac.o
DAC_SetChannel2Data                               others/stm32f10x_dac.o
DAC_SetDualChannelData                            others/stm32f10x_dac.o
DAC_SoftwareTriggerCmd                            others/stm32f10x_dac.o
DAC_StructInit                                    others/stm32f10x_dac.o
DAC_WaveGenerationCmd                             others/stm32f10x_dac.o
DBGMCU_Config                                     others/stm32f10x_dbgmcu.o
DBGMCU_GetDEVID                                   others/stm32f10x_dbgmcu.o
DBGMCU_GetREVID                                   others/stm32f10x_dbgmcu.o
DMA1_Channel1_IRQHandler                          others/startup_stm32f10x_hd.o
DMA1_Channel2_IRQHandler                          others/startup_stm32f10x_hd.o
DMA1_Channel3_IRQHandler                          others/startup_stm32f10x_hd.o
DMA1_Channel4_IRQHandler                          others/startup_stm32f10x_hd.o
DMA1_Channel5_IRQHandler                          others/startup_stm32f10x_hd.o
DMA1_Channel6_IRQHandler                          others/startup_stm32f10x_hd.o
DMA1_Channel7_IRQHandler                          others/startup_stm32f10x_hd.o
DMA2_Channel1_IRQHandler                          others/startup_stm32f10x_hd.o
DMA2_Channel2_IRQHandler                          others/startup_stm32f10x_hd.o
DMA2_Channel3_IRQHandler                          others/startup_stm32f10x_hd.o
DMA2_Channel4_5_IRQHandler                        others/startup_stm32f10x_hd.o
DMA_ClearFlag                                     others/stm32f10x_dma.o
DMA_ClearITPendingBit                             others/stm32f10x_dma.o
DMA_Cmd                                           others/stm32f10x_dma.o
                                                  others/lab_dma.o
DMA_DeInit                                        others/stm32f10x_dma.o
                                                  others/lab_dma.o
DMA_GetCurrDataCounter                            others/stm32f10x_dma.o
DMA_GetFlagStatus                                 others/stm32f10x_dma.o
DMA_GetITStatus                                   others/stm32f10x_dma.o
DMA_ITConfig                                      others/stm32f10x_dma.o
                                                  others/lab_dma.o
DMA_Init                                          others/stm32f10x_dma.o
                                                  others/lab_dma.o
DMA_SetCurrDataCounter                            others/stm32f10x_dma.o
                                                  others/lab_dma.o
DMA_StructInit                                    others/stm32f10x_dma.o
DebugMon_Handler                                  others/stm32f10x_it.o
Default_Handler                                   others/startup_stm32f10x_hd.o
Dma_Rework                                        others/lab_dma.o
Dma_m2m_Init                                      others/lab_dma.o
Dma_m2p_Init                                      others/lab_dma.o
EXTI0_IRQHandler                                  others/startup_stm32f10x_hd.o
EXTI15_10_IRQHandler                              others/lab_exti.o
EXTI1_IRQHandler                                  others/startup_stm32f10x_hd.o
EXTI2_IRQHandler                                  others/startup_stm32f10x_hd.o
EXTI3_IRQHandler                                  others/startup_stm32f10x_hd.o
EXTI4_IRQHandler                                  others/startup_stm32f10x_hd.o
EXTI9_5_IRQHandler                                others/lab_exti.o
EXTI_ClearFlag                                    others/stm32f10x_exti.o
EXTI_ClearITPendingBit                            others/stm32f10x_exti.o
                                                  others/lab_exti.o
EXTI_Configuration                                others/lab_exti.o
EXTI_DeInit                                       others/stm32f10x_exti.o
EXTI_GenerateSWInterrupt                          others/stm32f10x_exti.o
EXTI_GetFlagStatus                                others/stm32f10x_exti.o
                                                  others/lab_exti.o
EXTI_GetITStatus                                  others/stm32f10x_exti.o
EXTI_Init                                         others/stm32f10x_exti.o
                                                  others/lab_exti.o
EXTI_StructInit                                   others/stm32f10x_exti.o
FLASH_ClearFlag                                   others/stm32f10x_flash.o
FLASH_EnableWriteProtection                       others/stm32f10x_flash.o
FLASH_EraseAllBank1Pages                          others/stm32f10x_flash.o
FLASH_EraseAllPages                               others/stm32f10x_flash.o
FLASH_EraseOptionBytes                            others/stm32f10x_flash.o
FLASH_ErasePage                                   others/stm32f10x_flash.o
FLASH_GetBank1Status                              others/stm32f10x_flash.o
FLASH_GetFlagStatus                               others/stm32f10x_flash.o
FLASH_GetPrefetchBufferStatus                     others/stm32f10x_flash.o
FLASH_GetReadOutProtectionStatus                  others/stm32f10x_flash.o
FLASH_GetStatus                                   others/stm32f10x_flash.o
FLASH_GetUserOptionByte                           others/stm32f10x_flash.o
FLASH_GetWriteProtectionOptionByte                others/stm32f10x_flash.o
FLASH_HalfCycleAccessCmd                          others/stm32f10x_flash.o
FLASH_IRQHandler                                  others/startup_stm32f10x_hd.o
FLASH_ITConfig                                    others/stm32f10x_flash.o
FLASH_Lock                                        others/stm32f10x_flash.o
FLASH_LockBank1                                   others/stm32f10x_flash.o
FLASH_PrefetchBufferCmd                           others/stm32f10x_flash.o
FLASH_ProgramHalfWord                             others/stm32f10x_flash.o
FLASH_ProgramOptionByteData                       others/stm32f10x_flash.o
FLASH_ProgramWord                                 others/stm32f10x_flash.o
FLASH_ReadOutProtection                           others/stm32f10x_flash.o
FLASH_SetLatency                                  others/stm32f10x_flash.o
FLASH_Unlock                                      others/stm32f10x_flash.o
FLASH_UnlockBank1                                 others/stm32f10x_flash.o
FLASH_UserOptionByteConfig                        others/stm32f10x_flash.o
FLASH_WaitForLastBank1Operation                   others/stm32f10x_flash.o
FLASH_WaitForLastOperation                        others/stm32f10x_flash.o
FSMC_ClearFlag                                    others/stm32f10x_fsmc.o
FSMC_ClearITPendingBit                            others/stm32f10x_fsmc.o
FSMC_GetECC                                       others/stm32f10x_fsmc.o
FSMC_GetFlagStatus                                others/stm32f10x_fsmc.o
FSMC_GetITStatus                                  others/stm32f10x_fsmc.o
FSMC_IRQHandler                                   others/startup_stm32f10x_hd.o
FSMC_ITConfig                                     others/stm32f10x_fsmc.o
FSMC_NANDCmd                                      others/stm32f10x_fsmc.o
FSMC_NANDDeInit                                   others/stm32f10x_fsmc.o
FSMC_NANDECCCmd                                   others/stm32f10x_fsmc.o
FSMC_NANDInit                                     others/stm32f10x_fsmc.o
FSMC_NANDStructInit                               others/stm32f10x_fsmc.o
FSMC_NORSRAMCmd                                   others/stm32f10x_fsmc.o
FSMC_NORSRAMDeInit                                others/stm32f10x_fsmc.o
FSMC_NORSRAMInit                                  others/stm32f10x_fsmc.o
FSMC_NORSRAMStructInit                            others/stm32f10x_fsmc.o
FSMC_PCCARDCmd                                    others/stm32f10x_fsmc.o
FSMC_PCCARDDeInit                                 others/stm32f10x_fsmc.o
FSMC_PCCARDInit                                   others/stm32f10x_fsmc.o
FSMC_PCCARDStructInit                             others/stm32f10x_fsmc.o
GPIO_AFIODeInit                                   others/stm32f10x_gpio.o
GPIO_DeInit                                       others/stm32f10x_gpio.o
GPIO_ETH_MediaInterfaceConfig                     others/stm32f10x_gpio.o
GPIO_EXTILineConfig                               others/stm32f10x_gpio.o
                                                  others/lab_exti.o
GPIO_EventOutputCmd                               others/stm32f10x_gpio.o
GPIO_EventOutputConfig                            others/stm32f10x_gpio.o
GPIO_Init                                         others/stm32f10x_gpio.o
                                                  others/key.o
                                                  others/lab_usart_simple.o
                                                  others/led.o
                                                  others/lab_tim_oc.o
                                                  others/lab_exti.o
GPIO_PinLockConfig                                others/stm32f10x_gpio.o
GPIO_PinRemapConfig                               others/stm32f10x_gpio.o
GPIO_ReadInputData                                others/stm32f10x_gpio.o
GPIO_ReadInputDataBit                             others/stm32f10x_gpio.o
                                                  others/key.o
GPIO_ReadOutputData                               others/stm32f10x_gpio.o
GPIO_ReadOutputDataBit                            others/stm32f10x_gpio.o
GPIO_ResetBits                                    others/stm32f10x_gpio.o
GPIO_SetBits                                      others/stm32f10x_gpio.o
                                                  others/led.o
GPIO_StructInit                                   others/stm32f10x_gpio.o
GPIO_Write                                        others/stm32f10x_gpio.o
GPIO_WriteBit                                     others/stm32f10x_gpio.o
HardFault_Handler                                 others/stm32f10x_it.o
I2C1_ER_IRQHandler                                others/startup_stm32f10x_hd.o
I2C1_EV_IRQHandler                                others/startup_stm32f10x_hd.o
I2C2_ER_IRQHandler                                others/startup_stm32f10x_hd.o
I2C2_EV_IRQHandler                                others/startup_stm32f10x_hd.o
I2C_ARPCmd                                        others/stm32f10x_i2c.o
I2C_AcknowledgeConfig                             others/stm32f10x_i2c.o
I2C_CalculatePEC                                  others/stm32f10x_i2c.o
I2C_CheckEvent                                    others/stm32f10x_i2c.o
I2C_ClearFlag                                     others/stm32f10x_i2c.o
I2C_ClearITPendingBit                             others/stm32f10x_i2c.o
I2C_Cmd                                           others/stm32f10x_i2c.o
I2C_DMACmd                                        others/stm32f10x_i2c.o
I2C_DMALastTransferCmd                            others/stm32f10x_i2c.o
I2C_DeInit                                        others/stm32f10x_i2c.o
I2C_DualAddressCmd                                others/stm32f10x_i2c.o
I2C_FastModeDutyCycleConfig                       others/stm32f10x_i2c.o
I2C_GeneralCallCmd                                others/stm32f10x_i2c.o
I2C_GenerateSTART                                 others/stm32f10x_i2c.o
I2C_GenerateSTOP                                  others/stm32f10x_i2c.o
I2C_GetFlagStatus                                 others/stm32f10x_i2c.o
I2C_GetITStatus                                   others/stm32f10x_i2c.o
I2C_GetLastEvent                                  others/stm32f10x_i2c.o
I2C_GetPEC                                        others/stm32f10x_i2c.o
I2C_ITConfig                                      others/stm32f10x_i2c.o
I2C_Init                                          others/stm32f10x_i2c.o
I2C_NACKPositionConfig                            others/stm32f10x_i2c.o
I2C_OwnAddress2Config                             others/stm32f10x_i2c.o
I2C_PECPositionConfig                             others/stm32f10x_i2c.o
I2C_ReadRegister                                  others/stm32f10x_i2c.o
I2C_ReceiveData                                   others/stm32f10x_i2c.o
I2C_SMBusAlertConfig                              others/stm32f10x_i2c.o
I2C_Send7bitAddress                               others/stm32f10x_i2c.o
I2C_SendData                                      others/stm32f10x_i2c.o
I2C_SoftwareResetCmd                              others/stm32f10x_i2c.o
I2C_StretchClockCmd                               others/stm32f10x_i2c.o
I2C_StructInit                                    others/stm32f10x_i2c.o
I2C_TransmitPEC                                   others/stm32f10x_i2c.o
I2S_Cmd                                           others/stm32f10x_spi.o
I2S_Init                                          others/stm32f10x_spi.o
I2S_StructInit                                    others/stm32f10x_spi.o
INTX_DISABLE                                      others/sys.o
INTX_ENABLE                                       others/sys.o
IWDG_Enable                                       others/stm32f10x_iwdg.o
                                                  others/lab_iwdg.o
IWDG_Feed                                         others/lab_iwdg.o
IWDG_GetFlagStatus                                others/stm32f10x_iwdg.o
IWDG_Init                                         others/lab_iwdg.o
IWDG_ReloadCounter                                others/stm32f10x_iwdg.o
                                                  others/lab_iwdg.o
IWDG_SetPrescaler                                 others/stm32f10x_iwdg.o
                                                  others/lab_iwdg.o
IWDG_SetReload                                    others/stm32f10x_iwdg.o
                                                  others/lab_iwdg.o
IWDG_WriteAccessCmd                               others/stm32f10x_iwdg.o
                                                  others/lab_iwdg.o
IdleTaskStack                                     others/main.o
IdleTaskTCB                                       others/main.o
KeyInit                                           others/key.o
LedInit                                           others/led.o
                                                  others/main.o
MSR_MSP                                           others/sys.o
MemManage_Handler                                 others/stm32f10x_it.o
NMI_Handler                                       others/stm32f10x_it.o
NVIC_DMA_Configuration                            others/lab_dma.o
NVIC_EXTI_Configuration                           others/lab_exti.o
NVIC_Init                                         others/misc.o
                                                  others/lab_wwdg.o
                                                  others/lab_dma.o
                                                  others/lab_base_tim.o
                                                  others/lab_usart_simple.o
                                                  others/lab_exti.o
NVIC_PriorityGroupConfig                          others/misc.o
                                                  others/lab_wwdg.o
                                                  others/lab_dma.o
                                                  others/main.o
NVIC_SetVectorTable                               others/misc.o
NVIC_SystemLPConfig                               others/misc.o
NVIC_USART_Configuration                          others/lab_usart_simple.o
PVD_IRQHandler                                    others/startup_stm32f10x_hd.o
PWR_BackupAccessCmd                               others/stm32f10x_pwr.o
PWR_ClearFlag                                     others/stm32f10x_pwr.o
PWR_DeInit                                        others/stm32f10x_pwr.o
PWR_EnterSTANDBYMode                              others/stm32f10x_pwr.o
PWR_EnterSTOPMode                                 others/stm32f10x_pwr.o
PWR_GetFlagStatus                                 others/stm32f10x_pwr.o
PWR_PVDCmd                                        others/stm32f10x_pwr.o
PWR_PVDLevelConfig                                others/stm32f10x_pwr.o
PWR_WakeUpPinCmd                                  others/stm32f10x_pwr.o
PendSV_Handler                                    others/port.o
Pwm_Led_Init                                      others/lab_tim_oc.o
RCC_ADCCLKConfig                                  others/stm32f10x_rcc.o
RCC_AHBPeriphClockCmd                             others/stm32f10x_rcc.o
                                                  others/lab_dma.o
RCC_APB1PeriphClockCmd                            others/stm32f10x_rcc.o
                                                  others/lab_wwdg.o
                                                  others/lab_base_tim.o
RCC_APB1PeriphResetCmd                            others/stm32f10x_rcc.o
                                                  others/stm32f10x_dac.o
                                                  others/stm32f10x_can.o
                                                  others/stm32f10x_pwr.o
                                                  others/stm32f10x_i2c.o
                                                  others/stm32f10x_usart.o
                                                  others/stm32f10x_tim.o
                                                  others/stm32f10x_wwdg.o
                                                  others/stm32f10x_cec.o
                                                  others/stm32f10x_spi.o
RCC_APB2PeriphClockCmd                            others/stm32f10x_rcc.o
                                                  others/key.o
                                                  others/lab_usart_simple.o
                                                  others/led.o
                                                  others/lab_tim_oc.o
                                                  others/lab_exti.o
RCC_APB2PeriphResetCmd                            others/stm32f10x_rcc.o
                                                  others/stm32f10x_usart.o
                                                  others/stm32f10x_tim.o
                                                  others/stm32f10x_adc.o
                                                  others/stm32f10x_spi.o
                                                  others/stm32f10x_gpio.o
RCC_AdjustHSICalibrationValue                     others/stm32f10x_rcc.o
RCC_BackupResetCmd                                others/stm32f10x_rcc.o
                                                  others/stm32f10x_bkp.o
RCC_ClearFlag                                     others/stm32f10x_rcc.o
RCC_ClearITPendingBit                             others/stm32f10x_rcc.o
RCC_ClockSecuritySystemCmd                        others/stm32f10x_rcc.o
RCC_DeInit                                        others/stm32f10x_rcc.o
RCC_GetClocksFreq                                 others/stm32f10x_rcc.o
                                                  others/stm32f10x_i2c.o
                                                  others/stm32f10x_usart.o
                                                  others/stm32f10x_spi.o
RCC_GetFlagStatus                                 others/stm32f10x_rcc.o
RCC_GetITStatus                                   others/stm32f10x_rcc.o
RCC_GetSYSCLKSource                               others/stm32f10x_rcc.o
RCC_HCLKConfig                                    others/stm32f10x_rcc.o
RCC_HSEConfig                                     others/stm32f10x_rcc.o
RCC_HSICmd                                        others/stm32f10x_rcc.o
RCC_IRQHandler                                    others/startup_stm32f10x_hd.o
RCC_ITConfig                                      others/stm32f10x_rcc.o
RCC_LSEConfig                                     others/stm32f10x_rcc.o
RCC_LSICmd                                        others/stm32f10x_rcc.o
RCC_MCOConfig                                     others/stm32f10x_rcc.o
RCC_PCLK1Config                                   others/stm32f10x_rcc.o
RCC_PCLK2Config                                   others/stm32f10x_rcc.o
RCC_PLLCmd                                        others/stm32f10x_rcc.o
RCC_PLLConfig                                     others/stm32f10x_rcc.o
RCC_RTCCLKCmd                                     others/stm32f10x_rcc.o
RCC_RTCCLKConfig                                  others/stm32f10x_rcc.o
RCC_SYSCLKConfig                                  others/stm32f10x_rcc.o
RCC_USBCLKConfig                                  others/stm32f10x_rcc.o
RCC_WaitForHSEStartUp                             others/stm32f10x_rcc.o
RTCAlarm_IRQHandler                               others/startup_stm32f10x_hd.o
RTC_ClearFlag                                     others/stm32f10x_rtc.o
RTC_ClearITPendingBit                             others/stm32f10x_rtc.o
RTC_EnterConfigMode                               others/stm32f10x_rtc.o
RTC_ExitConfigMode                                others/stm32f10x_rtc.o
RTC_GetCounter                                    others/stm32f10x_rtc.o
RTC_GetDivider                                    others/stm32f10x_rtc.o
RTC_GetFlagStatus                                 others/stm32f10x_rtc.o
RTC_GetITStatus                                   others/stm32f10x_rtc.o
RTC_IRQHandler                                    others/startup_stm32f10x_hd.o
RTC_ITConfig                                      others/stm32f10x_rtc.o
RTC_SetAlarm                                      others/stm32f10x_rtc.o
RTC_SetCounter                                    others/stm32f10x_rtc.o
RTC_SetPrescaler                                  others/stm32f10x_rtc.o
RTC_WaitForLastTask                               others/stm32f10x_rtc.o
RTC_WaitForSynchro                                others/stm32f10x_rtc.o
Reset_Handler                                     others/startup_stm32f10x_hd.o
SDIO_CEATAITCmd                                   others/stm32f10x_sdio.o
SDIO_ClearFlag                                    others/stm32f10x_sdio.o
SDIO_ClearITPendingBit                            others/stm32f10x_sdio.o
SDIO_ClockCmd                                     others/stm32f10x_sdio.o
SDIO_CmdStructInit                                others/stm32f10x_sdio.o
SDIO_CommandCompletionCmd                         others/stm32f10x_sdio.o
SDIO_DMACmd                                       others/stm32f10x_sdio.o
SDIO_DataConfig                                   others/stm32f10x_sdio.o
SDIO_DataStructInit                               others/stm32f10x_sdio.o
SDIO_DeInit                                       others/stm32f10x_sdio.o
SDIO_GetCommandResponse                           others/stm32f10x_sdio.o
SDIO_GetDataCounter                               others/stm32f10x_sdio.o
SDIO_GetFIFOCount                                 others/stm32f10x_sdio.o
SDIO_GetFlagStatus                                others/stm32f10x_sdio.o
SDIO_GetITStatus                                  others/stm32f10x_sdio.o
SDIO_GetPowerState                                others/stm32f10x_sdio.o
SDIO_GetResponse                                  others/stm32f10x_sdio.o
SDIO_IRQHandler                                   others/startup_stm32f10x_hd.o
SDIO_ITConfig                                     others/stm32f10x_sdio.o
SDIO_Init                                         others/stm32f10x_sdio.o
SDIO_ReadData                                     others/stm32f10x_sdio.o
SDIO_SendCEATACmd                                 others/stm32f10x_sdio.o
SDIO_SendCommand                                  others/stm32f10x_sdio.o
SDIO_SendSDIOSuspendCmd                           others/stm32f10x_sdio.o
SDIO_SetPowerState                                others/stm32f10x_sdio.o
SDIO_SetSDIOOperation                             others/stm32f10x_sdio.o
SDIO_SetSDIOReadWaitMode                          others/stm32f10x_sdio.o
SDIO_StartSDIOReadWait                            others/stm32f10x_sdio.o
SDIO_StopSDIOReadWait                             others/stm32f10x_sdio.o
SDIO_StructInit                                   others/stm32f10x_sdio.o
SDIO_WriteData                                    others/stm32f10x_sdio.o
SPI1_IRQHandler                                   others/startup_stm32f10x_hd.o
SPI2_IRQHandler                                   others/startup_stm32f10x_hd.o
SPI3_IRQHandler                                   others/startup_stm32f10x_hd.o
SPI_BiDirectionalLineConfig                       others/stm32f10x_spi.o
SPI_CalculateCRC                                  others/stm32f10x_spi.o
SPI_Cmd                                           others/stm32f10x_spi.o
SPI_DataSizeConfig                                others/stm32f10x_spi.o
SPI_GetCRC                                        others/stm32f10x_spi.o
SPI_GetCRCPolynomial                              others/stm32f10x_spi.o
SPI_I2S_ClearFlag                                 others/stm32f10x_spi.o
SPI_I2S_ClearITPendingBit                         others/stm32f10x_spi.o
SPI_I2S_DMACmd                                    others/stm32f10x_spi.o
SPI_I2S_DeInit                                    others/stm32f10x_spi.o
SPI_I2S_GetFlagStatus                             others/stm32f10x_spi.o
SPI_I2S_GetITStatus                               others/stm32f10x_spi.o
SPI_I2S_ITConfig                                  others/stm32f10x_spi.o
SPI_I2S_ReceiveData                               others/stm32f10x_spi.o
SPI_I2S_SendData                                  others/stm32f10x_spi.o
SPI_Init                                          others/stm32f10x_spi.o
SPI_NSSInternalSoftwareConfig                     others/stm32f10x_spi.o
SPI_SSOutputCmd                                   others/stm32f10x_spi.o
SPI_StructInit                                    others/stm32f10x_spi.o
SPI_TransmitCRC                                   others/stm32f10x_spi.o
SVC_Handler                                       others/port.o
SysTick_CLKSourceConfig                           others/misc.o
SysTick_Handler                                   others/port.o
SystemCoreClock                                   others/system_stm32f10x.o
SystemCoreClockUpdate                             others/system_stm32f10x.o
SystemInit                                        others/system_stm32f10x.o
                                                  others/startup_stm32f10x_hd.o
TAMPER_IRQHandler                                 others/startup_stm32f10x_hd.o
TIM1_BRK_IRQHandler                               others/startup_stm32f10x_hd.o
TIM1_CC_IRQHandler                                others/startup_stm32f10x_hd.o
TIM1_TRG_COM_IRQHandler                           others/startup_stm32f10x_hd.o
TIM1_UP_IRQHandler                                others/startup_stm32f10x_hd.o
TIM2_IRQHandler                                   others/startup_stm32f10x_hd.o
TIM3_IRQHandler                                   others/startup_stm32f10x_hd.o
TIM4_IRQHandler                                   others/startup_stm32f10x_hd.o
TIM5_IRQHandler                                   others/startup_stm32f10x_hd.o
TIM6_IRQHandler                                   others/lab_base_tim.o
TIM7_IRQHandler                                   others/startup_stm32f10x_hd.o
TIM8_BRK_IRQHandler                               others/startup_stm32f10x_hd.o
TIM8_CC_IRQHandler                                others/startup_stm32f10x_hd.o
TIM8_TRG_COM_IRQHandler                           others/startup_stm32f10x_hd.o
TIM8_UP_IRQHandler                                others/startup_stm32f10x_hd.o
TIM_ARRPreloadConfig                              others/stm32f10x_tim.o
TIM_BDTRConfig                                    others/stm32f10x_tim.o
TIM_BDTRStructInit                                others/stm32f10x_tim.o
TIM_CCPreloadControl                              others/stm32f10x_tim.o
TIM_CCxCmd                                        others/stm32f10x_tim.o
TIM_CCxNCmd                                       others/stm32f10x_tim.o
TIM_ClearFlag                                     others/stm32f10x_tim.o
                                                  others/lab_base_tim.o
TIM_ClearITPendingBit                             others/stm32f10x_tim.o
                                                  others/lab_base_tim.o
TIM_ClearOC1Ref                                   others/stm32f10x_tim.o
TIM_ClearOC2Ref                                   others/stm32f10x_tim.o
TIM_ClearOC3Ref                                   others/stm32f10x_tim.o
TIM_ClearOC4Ref                                   others/stm32f10x_tim.o
TIM_Cmd                                           others/stm32f10x_tim.o
                                                  others/lab_base_tim.o
                                                  others/lab_tim_oc.o
TIM_CounterModeConfig                             others/stm32f10x_tim.o
TIM_CtrlPWMOutputs                                others/stm32f10x_tim.o
                                                  others/lab_tim_oc.o
TIM_DMACmd                                        others/stm32f10x_tim.o
TIM_DMAConfig                                     others/stm32f10x_tim.o
TIM_DeInit                                        others/stm32f10x_tim.o
TIM_ETRClockMode1Config                           others/stm32f10x_tim.o
TIM_ETRClockMode2Config                           others/stm32f10x_tim.o
TIM_ETRConfig                                     others/stm32f10x_tim.o
TIM_EncoderInterfaceConfig                        others/stm32f10x_tim.o
TIM_ForcedOC1Config                               others/stm32f10x_tim.o
TIM_ForcedOC2Config                               others/stm32f10x_tim.o
TIM_ForcedOC3Config                               others/stm32f10x_tim.o
TIM_ForcedOC4Config                               others/stm32f10x_tim.o
TIM_GenerateEvent                                 others/stm32f10x_tim.o
TIM_GetCapture1                                   others/stm32f10x_tim.o
TIM_GetCapture2                                   others/stm32f10x_tim.o
TIM_GetCapture3                                   others/stm32f10x_tim.o
TIM_GetCapture4                                   others/stm32f10x_tim.o
TIM_GetCounter                                    others/stm32f10x_tim.o
TIM_GetFlagStatus                                 others/stm32f10x_tim.o
TIM_GetITStatus                                   others/stm32f10x_tim.o
TIM_GetPrescaler                                  others/stm32f10x_tim.o
TIM_ICInit                                        others/stm32f10x_tim.o
TIM_ICStructInit                                  others/stm32f10x_tim.o
TIM_ITConfig                                      others/stm32f10x_tim.o
                                                  others/lab_base_tim.o
TIM_ITRxExternalClockConfig                       others/stm32f10x_tim.o
TIM_InternalClockConfig                           others/stm32f10x_tim.o
TIM_OC1FastConfig                                 others/stm32f10x_tim.o
TIM_OC1Init                                       others/stm32f10x_tim.o
                                                  others/lab_tim_oc.o
TIM_OC1NPolarityConfig                            others/stm32f10x_tim.o
TIM_OC1PolarityConfig                             others/stm32f10x_tim.o
TIM_OC1PreloadConfig                              others/stm32f10x_tim.o
TIM_OC2FastConfig                                 others/stm32f10x_tim.o
TIM_OC2Init                                       others/stm32f10x_tim.o
TIM_OC2NPolarityConfig                            others/stm32f10x_tim.o
TIM_OC2PolarityConfig                             others/stm32f10x_tim.o
TIM_OC2PreloadConfig                              others/stm32f10x_tim.o
TIM_OC3FastConfig                                 others/stm32f10x_tim.o
TIM_OC3Init                                       others/stm32f10x_tim.o
TIM_OC3NPolarityConfig                            others/stm32f10x_tim.o
TIM_OC3PolarityConfig                             others/stm32f10x_tim.o
TIM_OC3PreloadConfig                              others/stm32f10x_tim.o
TIM_OC4FastConfig                                 others/stm32f10x_tim.o
TIM_OC4Init                                       others/stm32f10x_tim.o
TIM_OC4PolarityConfig                             others/stm32f10x_tim.o
TIM_OC4PreloadConfig                              others/stm32f10x_tim.o
TIM_OCStructInit                                  others/stm32f10x_tim.o
                                                  others/lab_tim_oc.o
TIM_PWMIConfig                                    others/stm32f10x_tim.o
TIM_PrescalerConfig                               others/stm32f10x_tim.o
TIM_SelectCCDMA                                   others/stm32f10x_tim.o
TIM_SelectCOM                                     others/stm32f10x_tim.o
TIM_SelectHallSensor                              others/stm32f10x_tim.o
TIM_SelectInputTrigger                            others/stm32f10x_tim.o
TIM_SelectMasterSlaveMode                         others/stm32f10x_tim.o
TIM_SelectOCxM                                    others/stm32f10x_tim.o
TIM_SelectOnePulseMode                            others/stm32f10x_tim.o
TIM_SelectOutputTrigger                           others/stm32f10x_tim.o
TIM_SelectSlaveMode                               others/stm32f10x_tim.o
TIM_SetAutoreload                                 others/stm32f10x_tim.o
TIM_SetClockDivision                              others/stm32f10x_tim.o
TIM_SetCompare1                                   others/stm32f10x_tim.o
TIM_SetCompare2                                   others/stm32f10x_tim.o
TIM_SetCompare3                                   others/stm32f10x_tim.o
TIM_SetCompare4                                   others/stm32f10x_tim.o
TIM_SetCounter                                    others/stm32f10x_tim.o
TIM_SetIC1Prescaler                               others/stm32f10x_tim.o
TIM_SetIC2Prescaler                               others/stm32f10x_tim.o
TIM_SetIC3Prescaler                               others/stm32f10x_tim.o
TIM_SetIC4Prescaler                               others/stm32f10x_tim.o
TIM_TIxExternalClockConfig                        others/stm32f10x_tim.o
TIM_TimeBaseInit                                  others/stm32f10x_tim.o
                                                  others/lab_base_tim.o
                                                  others/lab_tim_oc.o
TIM_TimeBaseStructInit                            others/stm32f10x_tim.o